Archive member included to satisfy reference by file (symbol)

c:/program files (x86)/gnu tools arm embedded/6 2017-q2-update/bin/../lib/gcc/arm-none-eabi/6.3.1/../../../../arm-none-eabi/lib/thumb/v6-m\libc_nano.a(lib_a-impure.o)
                              obj/SDK_EVAL_Com.o (_impure_ptr)
c:/program files (x86)/gnu tools arm embedded/6 2017-q2-update/bin/../lib/gcc/arm-none-eabi/6.3.1/../../../../arm-none-eabi/lib/thumb/v6-m\libc_nano.a(lib_a-memcmp.o)
                              obj/osal.o (memcmp)
c:/program files (x86)/gnu tools arm embedded/6 2017-q2-update/bin/../lib/gcc/arm-none-eabi/6.3.1/../../../../arm-none-eabi/lib/thumb/v6-m\libc_nano.a(lib_a-memcpy-stub.o)
                              obj/BlueNRG1_timer.o (memcpy)
c:/program files (x86)/gnu tools arm embedded/6 2017-q2-update/bin/../lib/gcc/arm-none-eabi/6.3.1/../../../../arm-none-eabi/lib/thumb/v6-m\libc_nano.a(lib_a-memset.o)
                              obj/osal.o (memset)
c:/program files (x86)/gnu tools arm embedded/6 2017-q2-update/bin/../lib/gcc/arm-none-eabi/6.3.1/../../../../arm-none-eabi/lib/thumb/v6-m\libc_nano.a(lib_a-printf.o)
                              obj/main.o (printf)
c:/program files (x86)/gnu tools arm embedded/6 2017-q2-update/bin/../lib/gcc/arm-none-eabi/6.3.1/../../../../arm-none-eabi/lib/thumb/v6-m\libc_nano.a(lib_a-puts.o)
                              obj/main.o (puts)
c:/program files (x86)/gnu tools arm embedded/6 2017-q2-update/bin/../lib/gcc/arm-none-eabi/6.3.1/../../../../arm-none-eabi/lib/thumb/v6-m\libc_nano.a(lib_a-reent.o)
                              obj/SDK_EVAL_Com.o (errno)
c:/program files (x86)/gnu tools arm embedded/6 2017-q2-update/bin/../lib/gcc/arm-none-eabi/6.3.1/../../../../arm-none-eabi/lib/thumb/v6-m\libc_nano.a(lib_a-setvbuf.o)
                              obj/SDK_EVAL_Com.o (setvbuf)
c:/program files (x86)/gnu tools arm embedded/6 2017-q2-update/bin/../lib/gcc/arm-none-eabi/6.3.1/../../../../arm-none-eabi/lib/thumb/v6-m\libc_nano.a(lib_a-wbuf.o)
                              c:/program files (x86)/gnu tools arm embedded/6 2017-q2-update/bin/../lib/gcc/arm-none-eabi/6.3.1/../../../../arm-none-eabi/lib/thumb/v6-m\libc_nano.a(lib_a-puts.o) (__swbuf_r)
c:/program files (x86)/gnu tools arm embedded/6 2017-q2-update/bin/../lib/gcc/arm-none-eabi/6.3.1/../../../../arm-none-eabi/lib/thumb/v6-m\libc_nano.a(lib_a-wsetup.o)
                              c:/program files (x86)/gnu tools arm embedded/6 2017-q2-update/bin/../lib/gcc/arm-none-eabi/6.3.1/../../../../arm-none-eabi/lib/thumb/v6-m\libc_nano.a(lib_a-puts.o) (__swsetup_r)
c:/program files (x86)/gnu tools arm embedded/6 2017-q2-update/bin/../lib/gcc/arm-none-eabi/6.3.1/../../../../arm-none-eabi/lib/thumb/v6-m\libc_nano.a(lib_a-fflush.o)
                              c:/program files (x86)/gnu tools arm embedded/6 2017-q2-update/bin/../lib/gcc/arm-none-eabi/6.3.1/../../../../arm-none-eabi/lib/thumb/v6-m\libc_nano.a(lib_a-setvbuf.o) (_fflush_r)
c:/program files (x86)/gnu tools arm embedded/6 2017-q2-update/bin/../lib/gcc/arm-none-eabi/6.3.1/../../../../arm-none-eabi/lib/thumb/v6-m\libc_nano.a(lib_a-findfp.o)
                              c:/program files (x86)/gnu tools arm embedded/6 2017-q2-update/bin/../lib/gcc/arm-none-eabi/6.3.1/../../../../arm-none-eabi/lib/thumb/v6-m\libc_nano.a(lib_a-printf.o) (__sinit)
c:/program files (x86)/gnu tools arm embedded/6 2017-q2-update/bin/../lib/gcc/arm-none-eabi/6.3.1/../../../../arm-none-eabi/lib/thumb/v6-m\libc_nano.a(lib_a-fwalk.o)
                              c:/program files (x86)/gnu tools arm embedded/6 2017-q2-update/bin/../lib/gcc/arm-none-eabi/6.3.1/../../../../arm-none-eabi/lib/thumb/v6-m\libc_nano.a(lib_a-findfp.o) (_fwalk)
c:/program files (x86)/gnu tools arm embedded/6 2017-q2-update/bin/../lib/gcc/arm-none-eabi/6.3.1/../../../../arm-none-eabi/lib/thumb/v6-m\libc_nano.a(lib_a-makebuf.o)
                              c:/program files (x86)/gnu tools arm embedded/6 2017-q2-update/bin/../lib/gcc/arm-none-eabi/6.3.1/../../../../arm-none-eabi/lib/thumb/v6-m\libc_nano.a(lib_a-setvbuf.o) (__swhatbuf_r)
c:/program files (x86)/gnu tools arm embedded/6 2017-q2-update/bin/../lib/gcc/arm-none-eabi/6.3.1/../../../../arm-none-eabi/lib/thumb/v6-m\libc_nano.a(lib_a-malloc.o)
                              c:/program files (x86)/gnu tools arm embedded/6 2017-q2-update/bin/../lib/gcc/arm-none-eabi/6.3.1/../../../../arm-none-eabi/lib/thumb/v6-m\libc_nano.a(lib_a-setvbuf.o) (malloc)
c:/program files (x86)/gnu tools arm embedded/6 2017-q2-update/bin/../lib/gcc/arm-none-eabi/6.3.1/../../../../arm-none-eabi/lib/thumb/v6-m\libc_nano.a(lib_a-nano-freer.o)
                              c:/program files (x86)/gnu tools arm embedded/6 2017-q2-update/bin/../lib/gcc/arm-none-eabi/6.3.1/../../../../arm-none-eabi/lib/thumb/v6-m\libc_nano.a(lib_a-reent.o) (_free_r)
[...]
Memory Configuration

Name             Origin             Length             Attributes
REGION_RAM       0x20000000         0x00006000         xrw
REGION_FLASH_BOOTLOADER 0x10040000         0x00000000         xr
REGION_FLASH     0x10040000         0x00027000         xr
REGION_NVM       0x10067000         0x00001000         xr
REGION_ROM       0x10000000         0x00000800         xr
*default*        0x00000000         0xffffffff

Linker script and memory map

LOAD obj/BlueNRG1_it.o
LOAD obj/main.o
LOAD obj/BlueNRG1_adc.o
LOAD obj/BlueNRG1_dma.o
LOAD obj/BlueNRG1_flash.o
LOAD obj/BlueNRG1_gpio.o
LOAD obj/BlueNRG1_mft.o
LOAD obj/BlueNRG1_pka.o
LOAD obj/BlueNRG1_radio.o
LOAD obj/BlueNRG1_rng.o
LOAD obj/BlueNRG1_rtc.o
LOAD obj/BlueNRG1_spi.o
LOAD obj/BlueNRG1_sysCtrl.o
LOAD obj/BlueNRG1_timer.o
LOAD obj/BlueNRG1_uart.o
LOAD obj/BlueNRG1_wdg.o
LOAD obj/clock.o
LOAD obj/eabi.o
LOAD obj/LSM6DS3.o
LOAD obj/misc.o
LOAD obj/miscutil.o
LOAD obj/osal.o
LOAD obj/SDK_EVAL_Button.o
LOAD obj/SDK_EVAL_Com.o
LOAD obj/SDK_EVAL_Config.o
LOAD obj/SDK_EVAL_Led.o
LOAD obj/SDK_EVAL_SPI.o
LOAD obj/sleep.o
LOAD obj/stack_user_cfg.o
LOAD obj/system_bluenrg1.o
LOAD obj/tempCodeRunnerFile.o
LOAD precompiled/context_switch.o
                0x00000080                malloc_getpagesize_P = 0x80
START GROUP
LOAD c:/program files (x86)/gnu tools arm embedded/6 2017-q2-update/bin/../lib/gcc/arm-none-eabi/6.3.1/../../../../arm-none-eabi/lib/thumb/v6-m\libc_nano.a
LOAD c:/program files (x86)/gnu tools arm embedded/6 2017-q2-update/bin/../lib/gcc/arm-none-eabi/6.3.1/../../../../arm-none-eabi/lib/thumb/v6-m\libm.a
END GROUP
LOAD ./assembly\libbluenrg1_stack.a
LOAD ./assembly\libcrypto.a
                0x20000000                _MEMORY_RAM_BEGIN_ = 0x20000000
                0x00006000                _MEMORY_RAM_SIZE_ = 0x6000
                0x20005fff                _MEMORY_RAM_END_ = 0x20005fff
                0x10040000                _MEMORY_FLASH_BEGIN_ = 0x10040000
                0x00028000                _MEMORY_FLASH_SIZE_ = 0x28000
                0x10067fff                _MEMORY_FLASH_END_ = 0x10067fff
                0x10000000                _MEMORY_ROM_BEGIN_ = 0x10000000
                0x00000800                _MEMORY_ROM_SIZE_ = 0x800
                0x100007ff                _MEMORY_ROM_END_ = 0x100007ff
                0x00001000                FLASH_NVM_DATASIZE = 0x1000
                0x00000000                MEMORY_FLASH_APP_OFFSET = DEFINED (MEMORY_FLASH_APP_OFFSET)?MEMORY_FLASH_APP_OFFSET:0x0
                0x00027000                MEMORY_FLASH_APP_SIZE = DEFINED (MEMORY_FLASH_APP_SIZE)?MEMORY_FLASH_APP_SIZE:((_MEMORY_FLASH_SIZE_ - FLASH_NVM_DATASIZE) - MEMORY_FLASH_APP_OFFSET)
                0x000002cc                MEMORY_RAM_APP_OFFSET = DEFINED (MEMORY_RAM_APP_OFFSET)?MEMORY_RAM_APP_OFFSET:0x2cc
                0x00000800                RESET_MANAGER_SIZE = DEFINED (RESET_MANAGER_SIZE)?RESET_MANAGER_SIZE:0x800
                [0x00027000]                MEMORY_FLASH_APP_SIZE = DEFINED (ST_OTA_HIGHER_APPLICATION)?(((((_MEMORY_FLASH_SIZE_ - RESET_MANAGER_SIZE) - FLASH_NVM_DATASIZE) / 0x2) / 0x800) * 0x800):MEMORY_FLASH_APP_SIZE
                [0x00000000]                MEMORY_FLASH_APP_OFFSET = DEFINED (ST_OTA_HIGHER_APPLICATION)?(RESET_MANAGER_SIZE + MEMORY_FLASH_APP_SIZE):MEMORY_FLASH_APP_OFFSET
                [0x00027000]                MEMORY_FLASH_APP_SIZE = DEFINED (ST_OTA_LOWER_APPLICATION)?(((((_MEMORY_FLASH_SIZE_ - RESET_MANAGER_SIZE) - FLASH_NVM_DATASIZE) / 0x2) / 0x800) * 0x800):MEMORY_FLASH_APP_SIZE
                [0x00000000]                MEMORY_FLASH_APP_OFFSET = DEFINED (ST_OTA_LOWER_APPLICATION)?RESET_MANAGER_SIZE:MEMORY_FLASH_APP_OFFSET
                0x00011000                SERVICE_MANAGER_SIZE = 0x11000
                [0x00027000]                MEMORY_FLASH_APP_SIZE = DEFINED (ST_USE_OTA_SERVICE_MANAGER_APPLICATION)?((_MEMORY_FLASH_SIZE_ - SERVICE_MANAGER_SIZE) - FLASH_NVM_DATASIZE):MEMORY_FLASH_APP_SIZE
                [0x00000000]                MEMORY_FLASH_APP_OFFSET = DEFINED (ST_USE_OTA_SERVICE_MANAGER_APPLICATION)?SERVICE_MANAGER_SIZE:MEMORY_FLASH_APP_OFFSET
                0x00000000                _Min_Heap_Size = 0x0
                0x00000c00                _Min_Stack_Size = 0xc00

.bootloader     0x10040000        0x0
                0x10040000                . = ALIGN (0x4)
 *(.bootloader)
                0x10040000                . = ALIGN (0x4)

.intvec         0x10040000       0xc0
                0x10040000                . = ALIGN (0x4)
 *(.intvec)
 .intvec        0x10040000       0xc0 obj/system_bluenrg1.o
                0x10040000                __vector_table
                0x100400c0                . = ALIGN (0x4)

.text           0x100400c0    0x10b84
                0x100400c0                . = ALIGN (0x4)
 *(.cmd_call_table)
 *(.text)
 .text          0x100400c0       0x9c precompiled/context_switch.o
                0x100400c0                CS_contextSave
                0x10040112                CS_contextRestore
 .text          0x1004015c      0x114 c:/program files (x86)/gnu tools arm embedded/6 2017-q2-update/bin/../lib/gcc/arm-none-eabi/6.3.1/thumb/v6-m\libgcc.a(_udivsi3.o)
                0x1004015c                __aeabi_uidiv
                0x1004015c                __udivsi3
                0x10040268                __aeabi_uidivmod
 .text          0x10040270        0x4 c:/program files (x86)/gnu tools arm embedded/6 2017-q2-update/bin/../lib/gcc/arm-none-eabi/6.3.1/thumb/v6-m\libgcc.a(_dvmd_tls.o)
                0x10040270                __aeabi_idiv0
                0x10040270                __aeabi_ldiv0
 .text          0x10040274       0x74 c:/program files (x86)/gnu tools arm embedded/6 2017-q2-update/bin/../lib/gcc/arm-none-eabi/6.3.1/thumb/v6-m\libgcc.a(unaligned-funcs.o)
                0x10040274                __aeabi_uread4
                0x1004028c                __aeabi_uwrite4
                0x1004029c                __aeabi_uread8
                0x100402c8                __aeabi_uwrite8
 *(.text*)
 .text.NMI_Handler
                0x100402e8        0x2 obj/BlueNRG1_it.o
                0x100402e8                NMI_Handler
 .text.HardFault_Handler
                0x100402ea        0x2 obj/BlueNRG1_it.o
                0x100402ea                HardFault_Handler
 .text.SVC_Handler
                0x100402ec        0x2 obj/BlueNRG1_it.o
                0x100402ec                SVC_Handler
 .text.SysTick_Handler
                0x100402ee        0x8 obj/BlueNRG1_it.o
                0x100402ee                SysTick_Handler
 .text.GPIO_Handler
                0x100402f6        0x2 obj/BlueNRG1_it.o
                0x100402f6                GPIO_Handler
 .text.UART_Handler
                0x100402f8        0x2 obj/BlueNRG1_it.o
                0x100402f8                UART_Handler
 .text.Blue_Handler
                0x100402fa        0x8 obj/BlueNRG1_it.o
                0x100402fa                Blue_Handler
 *fill*         0x10040302        0x2 
 .text.Start_Beaconing
                0x10040304       0xa4 obj/main.o
 .text.Device_Init
                0x100403a8       0x70 obj/main.o
                0x100403a8                Device_Init
 .text.main     0x10040418      0x134 obj/main.o
                0x10040418                main
 .text.hci_hardware_error_event
                0x1004054c       0x18 obj/main.o
                0x1004054c                hci_hardware_error_event
 .text.FLASH_WaitCmdDone
                0x10040564       0x10 obj/BlueNRG1_flash.o
                0x10040564                FLASH_WaitCmdDone
 .text.FLASH_ErasePage
                0x10040574       0x30 obj/BlueNRG1_flash.o
                0x10040574                FLASH_ErasePage
 .text.FLASH_ProgramWord
                0x100405a4       0x30 obj/BlueNRG1_flash.o
                0x100405a4                FLASH_ProgramWord
 .text.GPIO_Init
                0x100405d4       0xbe obj/BlueNRG1_gpio.o
                0x100405d4                GPIO_Init
 .text.GPIO_ReadBit
                0x10040692       0x12 obj/BlueNRG1_gpio.o
                0x10040692                GPIO_ReadBit
 .text.GPIO_WriteBit
                0x100406a4       0x14 obj/BlueNRG1_gpio.o
                0x100406a4                GPIO_WriteBit
 .text.GPIO_ToggleBits
                0x100406b8        0xc obj/BlueNRG1_gpio.o
                0x100406b8                GPIO_ToggleBits
 .text.PKA_Reset
                0x100406c4       0x16 obj/BlueNRG1_pka.o
                0x100406c4                PKA_Reset
 *fill*         0x100406da        0x2 
 .text.SysCtrl_PeripheralClockCmd
                0x100406dc       0x1c obj/BlueNRG1_sysCtrl.o
                0x100406dc                SysCtrl_PeripheralClockCmd
 .text.SysCtrl_GetWakeupResetReason
                0x100406f8       0xfc obj/BlueNRG1_sysCtrl.o
                0x100406f8                SysCtrl_GetWakeupResetReason
 .text.UART_Cmd
                0x100407f4       0x20 obj/BlueNRG1_uart.o
                0x100407f4                UART_Cmd
 .text.UART_Init
                0x10040814      0x180 obj/BlueNRG1_uart.o
                0x10040814                UART_Init
 .text.UART_SendData
                0x10040994       0x10 obj/BlueNRG1_uart.o
                0x10040994                UART_SendData
 .text.UART_GetFlagStatus
                0x100409a4       0x28 obj/BlueNRG1_uart.o
                0x100409a4                UART_GetFlagStatus
 .text.UART_RxFifoIrqLevelConfig
                0x100409cc       0x20 obj/BlueNRG1_uart.o
                0x100409cc                UART_RxFifoIrqLevelConfig
 .text.SysCount_Handler
                0x100409ec       0x10 obj/clock.o
                0x100409ec                SysCount_Handler
 .text.Clock_Init
                0x100409fc       0x2c obj/clock.o
                0x100409fc                Clock_Init
 .text.Clock_Time
                0x10040a28        0xc obj/clock.o
                0x10040a28                Clock_Time
 .text.HAL_GetPartInfo
                0x10040a34       0x68 obj/miscutil.o
                0x10040a34                HAL_GetPartInfo
 .text.BLEPLAT_get_part_info
                0x10040a9c       0x22 obj/miscutil.o
                0x10040a9c                BLEPLAT_get_part_info
 .text.Osal_MemCpy
                0x10040abe        0x8 obj/osal.o
                0x10040abe                Osal_MemCpy
 .text.Osal_MemSet
                0x10040ac6        0x8 obj/osal.o
                0x10040ac6                Osal_MemSet
 .text.Osal_MemCmp
                0x10040ace        0x8 obj/osal.o
                0x10040ace                Osal_MemCmp
 .text.SdkEvalUart_Send_Data
                0x10040ad6       0x16 obj/SDK_EVAL_Com.o
 .text.SdkEvalComUartInit
                0x10040aec       0x5c obj/SDK_EVAL_Com.o
                0x10040aec                SdkEvalComUartInit
 .text.SdkEvalComIOSendData
                0x10040b48        0x8 obj/SDK_EVAL_Com.o
                0x10040b48                SdkEvalComIOSendData
 .text.Read_Buffer_Pop
                0x10040b50       0x40 obj/SDK_EVAL_Com.o
                0x10040b50                Read_Buffer_Pop
 .text._sbrk    0x10040b90       0x44 obj/SDK_EVAL_Com.o
                0x10040b90                _sbrk
 .text._close   0x10040bd4        0x6 obj/SDK_EVAL_Com.o
                0x10040bd4                _close
 .text._fstat   0x10040bda        0xa obj/SDK_EVAL_Com.o
                0x10040bda                _fstat
 .text._isatty  0x10040be4        0x4 obj/SDK_EVAL_Com.o
                0x10040be4                _isatty
 .text._lseek   0x10040be8        0x4 obj/SDK_EVAL_Com.o
                0x10040be8                _lseek
 .text._write   0x10040bec       0x1a obj/SDK_EVAL_Com.o
                0x10040bec                _write
 .text._read    0x10040c06       0x24 obj/SDK_EVAL_Com.o
                0x10040c06                _read
 .text.__aeabi_memcpy
                0x10040c2a        0x8 obj/SDK_EVAL_Com.o
                0x10040c2a                __aeabi_memcpy
 .text.__aeabi_memcpy4
                0x10040c32        0x8 obj/SDK_EVAL_Com.o
                0x10040c32                __aeabi_memcpy4
 .text.__aeabi_memclr4
                0x10040c3a        0xc obj/SDK_EVAL_Com.o
                0x10040c3a                __aeabi_memclr4
 *fill*         0x10040c46        0x2 
 .text.SdkEvalIdentification
                0x10040c48        0xc obj/SDK_EVAL_Config.o
                0x10040c48                SdkEvalIdentification
 .text.PendSV_Handler
                0x10040c54        0x2 obj/system_bluenrg1.o
                0x10040c54                PendSV_Handler
 .text.NVM_Handler
                0x10040c56        0x2 obj/system_bluenrg1.o
                0x10040c56                NVM_Handler
 .text.SPI_Handler
                0x10040c58        0x2 obj/system_bluenrg1.o
                0x10040c58                SPI_Handler
 .text.MFT1A_Handler
                0x10040c5a        0x2 obj/system_bluenrg1.o
                0x10040c5a                MFT1A_Handler
 .text.MFT1B_Handler
                0x10040c5c        0x2 obj/system_bluenrg1.o
                0x10040c5c                MFT1B_Handler
 .text.MFT2A_Handler
                0x10040c5e        0x2 obj/system_bluenrg1.o
                0x10040c5e                MFT2A_Handler
 .text.MFT2B_Handler
                0x10040c60        0x2 obj/system_bluenrg1.o
                0x10040c60                MFT2B_Handler
 .text.RTC_Handler
                0x10040c62        0x2 obj/system_bluenrg1.o
                0x10040c62                RTC_Handler
 .text.WDG_Handler
                0x10040c64        0x2 obj/system_bluenrg1.o
                0x10040c64                WDG_Handler
 .text.ADC_Handler
                0x10040c66        0x2 obj/system_bluenrg1.o
                0x10040c66                ADC_Handler
 .text.I2C2_Handler
                0x10040c68        0x2 obj/system_bluenrg1.o
                0x10040c68                I2C2_Handler
 .text.I2C1_Handler
                0x10040c6a        0x2 obj/system_bluenrg1.o
                0x10040c6a                I2C1_Handler
 .text.DMA_Handler
                0x10040c6c        0x2 obj/system_bluenrg1.o
                0x10040c6c                DMA_Handler
 .text.PKA_Handler
                0x10040c6e        0x2 obj/system_bluenrg1.o
                0x10040c6e                PKA_Handler
 .text.Wait_LS_Stabilization
                0x10040c70       0x90 obj/system_bluenrg1.o
                0x10040c70                Wait_LS_Stabilization
 .text.Set_RF_FrontEnd
                0x10040d00       0x58 obj/system_bluenrg1.o
                0x10040d00                Set_RF_FrontEnd
 .text.BOR_ConfigSave
                0x10040d58       0x50 obj/system_bluenrg1.o
                0x10040d58                BOR_ConfigSave
 .text.SET_BORconfigStatus
                0x10040da8       0x54 obj/system_bluenrg1.o
                0x10040da8                SET_BORconfigStatus
 .text.__low_level_init
                0x10040dfc       0xd0 obj/system_bluenrg1.o
                0x10040dfc                __low_level_init
 .text.RESET_HANDLER
                0x10040ecc       0x8c obj/system_bluenrg1.o
                0x10040ecc                RESET_HANDLER
 .text.DeviceConfiguration
                0x10040f58      0x170 obj/system_bluenrg1.o
                0x10040f58                DeviceConfiguration
 .text.SystemInit
                0x100410c8      0x138 obj/system_bluenrg1.o
                0x100410c8                SystemInit
 .text.memcmp   0x10041200       0x1e c:/program files (x86)/gnu tools arm embedded/6 2017-q2-update/bin/../lib/gcc/arm-none-eabi/6.3.1/../../../../arm-none-eabi/lib/thumb/v6-m\libc_nano.a(lib_a-memcmp.o)
                0x10041200                memcmp
 .text.memcpy   0x1004121e       0x12 c:/program files (x86)/gnu tools arm embedded/6 2017-q2-update/bin/../lib/gcc/arm-none-eabi/6.3.1/../../../../arm-none-eabi/lib/thumb/v6-m\libc_nano.a(lib_a-memcpy-stub.o)
                0x1004121e                memcpy
 .text.memset   0x10041230       0x10 c:/program files (x86)/gnu tools arm embedded/6 2017-q2-update/bin/../lib/gcc/arm-none-eabi/6.3.1/../../../../arm-none-eabi/lib/thumb/v6-m\libc_nano.a(lib_a-memset.o)
                0x10041230                memset
 .text.printf   0x10041240       0x34 c:/program files (x86)/gnu tools arm embedded/6 2017-q2-update/bin/../lib/gcc/arm-none-eabi/6.3.1/../../../../arm-none-eabi/lib/thumb/v6-m\libc_nano.a(lib_a-printf.o)
                0x10041240                iprintf
                0x10041240                printf
 .text._puts_r  0x10041274       0xc0 c:/program files (x86)/gnu tools arm embedded/6 2017-q2-update/bin/../lib/gcc/arm-none-eabi/6.3.1/../../../../arm-none-eabi/lib/thumb/v6-m\libc_nano.a(lib_a-puts.o)
                0x10041274                _puts_r
 .text.puts     0x10041334       0x14 c:/program files (x86)/gnu tools arm embedded/6 2017-q2-update/bin/../lib/gcc/arm-none-eabi/6.3.1/../../../../arm-none-eabi/lib/thumb/v6-m\libc_nano.a(lib_a-puts.o)
                0x10041334                puts
 .text.__swbuf_r
                0x10041348       0xac c:/program files (x86)/gnu tools arm embedded/6 2017-q2-update/bin/../lib/gcc/arm-none-eabi/6.3.1/../../../../arm-none-eabi/lib/thumb/v6-m\libc_nano.a(lib_a-wbuf.o)
                0x10041348                __swbuf_r
 .text.__swsetup_r
                0x100413f4       0xec c:/program files (x86)/gnu tools arm embedded/6 2017-q2-update/bin/../lib/gcc/arm-none-eabi/6.3.1/../../../../arm-none-eabi/lib/thumb/v6-m\libc_nano.a(lib_a-wsetup.o)
                0x100413f4                __swsetup_r
 .text.__sflush_r
                0x100414e0      0x114 c:/program files (x86)/gnu tools arm embedded/6 2017-q2-update/bin/../lib/gcc/arm-none-eabi/6.3.1/../../../../arm-none-eabi/lib/thumb/v6-m\libc_nano.a(lib_a-fflush.o)
                0x100414e0                __sflush_r
 .text._fflush_r
                0x100415f4       0x58 c:/program files (x86)/gnu tools arm embedded/6 2017-q2-update/bin/../lib/gcc/arm-none-eabi/6.3.1/../../../../arm-none-eabi/lib/thumb/v6-m\libc_nano.a(lib_a-fflush.o)
                0x100415f4                _fflush_r
 .text._cleanup_r
                0x1004164c       0x10 c:/program files (x86)/gnu tools arm embedded/6 2017-q2-update/bin/../lib/gcc/arm-none-eabi/6.3.1/../../../../arm-none-eabi/lib/thumb/v6-m\libc_nano.a(lib_a-findfp.o)
                0x1004164c                _cleanup_r
 .text.std.isra.0
                0x1004165c       0x48 c:/program files (x86)/gnu tools arm embedded/6 2017-q2-update/bin/../lib/gcc/arm-none-eabi/6.3.1/../../../../arm-none-eabi/lib/thumb/v6-m\libc_nano.a(lib_a-findfp.o)
 .text.__sfmoreglue
                0x100416a4       0x2c c:/program files (x86)/gnu tools arm embedded/6 2017-q2-update/bin/../lib/gcc/arm-none-eabi/6.3.1/../../../../arm-none-eabi/lib/thumb/v6-m\libc_nano.a(lib_a-findfp.o)
                0x100416a4                __sfmoreglue
 .text.__sinit  0x100416d0       0x68 c:/program files (x86)/gnu tools arm embedded/6 2017-q2-update/bin/../lib/gcc/arm-none-eabi/6.3.1/../../../../arm-none-eabi/lib/thumb/v6-m\libc_nano.a(lib_a-findfp.o)
                0x100416d0                __sinit
 .text.__sfp    0x10041738       0x80 c:/program files (x86)/gnu tools arm embedded/6 2017-q2-update/bin/../lib/gcc/arm-none-eabi/6.3.1/../../../../arm-none-eabi/lib/thumb/v6-m\libc_nano.a(lib_a-findfp.o)
                0x10041738                __sfp
 .text._fwalk_reent
                0x100417b8       0x42 c:/program files (x86)/gnu tools arm embedded/6 2017-q2-update/bin/../lib/gcc/arm-none-eabi/6.3.1/../../../../arm-none-eabi/lib/thumb/v6-m\libc_nano.a(lib_a-fwalk.o)
                0x100417b8                _fwalk_reent
 *fill*         0x100417fa        0x2 
 .text.__swhatbuf_r
                0x100417fc       0x50 c:/program files (x86)/gnu tools arm embedded/6 2017-q2-update/bin/../lib/gcc/arm-none-eabi/6.3.1/../../../../arm-none-eabi/lib/thumb/v6-m\libc_nano.a(lib_a-makebuf.o)
                0x100417fc                __swhatbuf_r
 .text.__smakebuf_r
                0x1004184c       0x88 c:/program files (x86)/gnu tools arm embedded/6 2017-q2-update/bin/../lib/gcc/arm-none-eabi/6.3.1/../../../../arm-none-eabi/lib/thumb/v6-m\libc_nano.a(lib_a-makebuf.o)
                0x1004184c                __smakebuf_r
 .text._free_r  0x100418d4       0x94 c:/program files (x86)/gnu tools arm embedded/6 2017-q2-update/bin/../lib/gcc/arm-none-eabi/6.3.1/../../../../arm-none-eabi/lib/thumb/v6-m\libc_nano.a(lib_a-nano-freer.o)
                0x100418d4                _free_r
 .text._malloc_r
                0x10041968       0xbc c:/program files (x86)/gnu tools arm embedded/6 2017-q2-update/bin/../lib/gcc/arm-none-eabi/6.3.1/../../../../arm-none-eabi/lib/thumb/v6-m\libc_nano.a(lib_a-nano-mallocr.o)
                0x10041968                _malloc_r
 .text.__sfputc_r
                0x10041a24       0x2a c:/program files (x86)/gnu tools arm embedded/6 2017-q2-update/bin/../lib/gcc/arm-none-eabi/6.3.1/../../../../arm-none-eabi/lib/thumb/v6-m\libc_nano.a(lib_a-nano-vfprintf.o)
 .text.__sfputs_r
                0x10041a4e       0x24 c:/program files (x86)/gnu tools arm embedded/6 2017-q2-update/bin/../lib/gcc/arm-none-eabi/6.3.1/../../../../arm-none-eabi/lib/thumb/v6-m\libc_nano.a(lib_a-nano-vfprintf.o)
                0x10041a4e                __sfputs_r
 *fill*         0x10041a72        0x2 
 .text._vfprintf_r
                0x10041a74      0x238 c:/program files (x86)/gnu tools arm embedded/6 2017-q2-update/bin/../lib/gcc/arm-none-eabi/6.3.1/../../../../arm-none-eabi/lib/thumb/v6-m\libc_nano.a(lib_a-nano-vfprintf.o)
                0x10041a74                _vfprintf_r
                0x10041a74                _vfiprintf_r
 .text._printf_common
                0x10041cac       0xda c:/program files (x86)/gnu tools arm embedded/6 2017-q2-update/bin/../lib/gcc/arm-none-eabi/6.3.1/../../../../arm-none-eabi/lib/thumb/v6-m\libc_nano.a(lib_a-nano-vfprintf_i.o)
                0x10041cac                _printf_common
 *fill*         0x10041d86        0x2 
 .text._printf_i
                0x10041d88      0x234 c:/program files (x86)/gnu tools arm embedded/6 2017-q2-update/bin/../lib/gcc/arm-none-eabi/6.3.1/../../../../arm-none-eabi/lib/thumb/v6-m\libc_nano.a(lib_a-nano-vfprintf_i.o)
                0x10041d88                _printf_i
 .text._sbrk_r  0x10041fbc       0x24 c:/program files (x86)/gnu tools arm embedded/6 2017-q2-update/bin/../lib/gcc/arm-none-eabi/6.3.1/../../../../arm-none-eabi/lib/thumb/v6-m\libc_nano.a(lib_a-sbrkr.o)
                0x10041fbc                _sbrk_r
 .text.__sread  0x10041fe0       0x28 c:/program files (x86)/gnu tools arm embedded/6 2017-q2-update/bin/../lib/gcc/arm-none-eabi/6.3.1/../../../../arm-none-eabi/lib/thumb/v6-m\libc_nano.a(lib_a-stdio.o)
                0x10041fe0                __sread
 .text.__swrite
                0x10042008       0x38 c:/program files (x86)/gnu tools arm embedded/6 2017-q2-update/bin/../lib/gcc/arm-none-eabi/6.3.1/../../../../arm-none-eabi/lib/thumb/v6-m\libc_nano.a(lib_a-stdio.o)
                0x10042008                __swrite
 .text.__sseek  0x10042040       0x2c c:/program files (x86)/gnu tools arm embedded/6 2017-q2-update/bin/../lib/gcc/arm-none-eabi/6.3.1/../../../../arm-none-eabi/lib/thumb/v6-m\libc_nano.a(lib_a-stdio.o)
                0x10042040                __sseek
 .text.__sclose
                0x1004206c        0xc c:/program files (x86)/gnu tools arm embedded/6 2017-q2-update/bin/../lib/gcc/arm-none-eabi/6.3.1/../../../../arm-none-eabi/lib/thumb/v6-m\libc_nano.a(lib_a-stdio.o)
                0x1004206c                __sclose
 .text._write_r
                0x10042078       0x28 c:/program files (x86)/gnu tools arm embedded/6 2017-q2-update/bin/../lib/gcc/arm-none-eabi/6.3.1/../../../../arm-none-eabi/lib/thumb/v6-m\libc_nano.a(lib_a-writer.o)
                0x10042078                _write_r
 .text._close_r
                0x100420a0       0x24 c:/program files (x86)/gnu tools arm embedded/6 2017-q2-update/bin/../lib/gcc/arm-none-eabi/6.3.1/../../../../arm-none-eabi/lib/thumb/v6-m\libc_nano.a(lib_a-closer.o)
                0x100420a0                _close_r
 .text._fstat_r
                0x100420c4       0x24 c:/program files (x86)/gnu tools arm embedded/6 2017-q2-update/bin/../lib/gcc/arm-none-eabi/6.3.1/../../../../arm-none-eabi/lib/thumb/v6-m\libc_nano.a(lib_a-fstatr.o)
                0x100420c4                _fstat_r
 .text._isatty_r
                0x100420e8       0x24 c:/program files (x86)/gnu tools arm embedded/6 2017-q2-update/bin/../lib/gcc/arm-none-eabi/6.3.1/../../../../arm-none-eabi/lib/thumb/v6-m\libc_nano.a(lib_a-isattyr.o)
                0x100420e8                _isatty_r
 .text._lseek_r
                0x1004210c       0x28 c:/program files (x86)/gnu tools arm embedded/6 2017-q2-update/bin/../lib/gcc/arm-none-eabi/6.3.1/../../../../arm-none-eabi/lib/thumb/v6-m\libc_nano.a(lib_a-lseekr.o)
                0x1004210c                _lseek_r
 .text.memchr   0x10042134       0x16 c:/program files (x86)/gnu tools arm embedded/6 2017-q2-update/bin/../lib/gcc/arm-none-eabi/6.3.1/../../../../arm-none-eabi/lib/thumb/v6-m\libc_nano.a(lib_a-memchr-stub.o)
                0x10042134                memchr
 .text.memmove  0x1004214a       0x24 c:/program files (x86)/gnu tools arm embedded/6 2017-q2-update/bin/../lib/gcc/arm-none-eabi/6.3.1/../../../../arm-none-eabi/lib/thumb/v6-m\libc_nano.a(lib_a-memmove.o)
                0x1004214a                memmove
 .text.__malloc_lock
                0x1004216e        0x2 c:/program files (x86)/gnu tools arm embedded/6 2017-q2-update/bin/../lib/gcc/arm-none-eabi/6.3.1/../../../../arm-none-eabi/lib/thumb/v6-m\libc_nano.a(lib_a-mlock.o)
                0x1004216e                __malloc_lock
 .text.__malloc_unlock
                0x10042170        0x2 c:/program files (x86)/gnu tools arm embedded/6 2017-q2-update/bin/../lib/gcc/arm-none-eabi/6.3.1/../../../../arm-none-eabi/lib/thumb/v6-m\libc_nano.a(lib_a-mlock.o)
                0x10042170                __malloc_unlock
 *fill*         0x10042172        0x2 
 .text._read_r  0x10042174       0x28 c:/program files (x86)/gnu tools arm embedded/6 2017-q2-update/bin/../lib/gcc/arm-none-eabi/6.3.1/../../../../arm-none-eabi/lib/thumb/v6-m\libc_nano.a(lib_a-readr.o)
                0x10042174                _read_r
 .text.__aeabi_memmove
                0x1004219c        0x8 c:/program files (x86)/gnu tools arm embedded/6 2017-q2-update/bin/../lib/gcc/arm-none-eabi/6.3.1/../../../../arm-none-eabi/lib/thumb/v6-m\libc.a(lib_a-aeabi_memmove.o)
                0x1004219c                __aeabi_memmove
                0x1004219c                __aeabi_memmove4
                0x1004219c                __aeabi_memmove8
 *(i.*)
 i._aci_gap_set_discoverable_param_check
                0x100421a4       0x5c ./assembly\libbluenrg1_stack.a(bluenrg_gap_aci.o)
 i.aci_gap_init
                0x10042200       0x30 ./assembly\libbluenrg1_stack.a(bluenrg_gap_aci.o)
                0x10042200                aci_gap_init
 i.aci_gap_set_discoverable
                0x10042230       0x42 ./assembly\libbluenrg1_stack.a(bluenrg_gap_aci.o)
                0x10042230                aci_gap_set_discoverable
 i.aci_gatt_init
                0x10042272        0x8 ./assembly\libbluenrg1_stack.a(bluenrg_gatt_aci.o)
                0x10042272                aci_gatt_init
 i.aci_hal_set_tx_power_level
                0x1004227a        0x8 ./assembly\libbluenrg1_stack.a(bluenrg_hal_aci.o)
                0x1004227a                aci_hal_set_tx_power_level
 i.aci_hal_write_config_data
                0x10042282        0x8 ./assembly\libbluenrg1_stack.a(bluenrg_hal_aci.o)
                0x10042282                aci_hal_write_config_data
 *fill*         0x1004228a        0x2 
 i.BTLE_StackTick
                0x1004228c       0x84 ./assembly\libbluenrg1_stack.a(bluenrg_main_func.o)
                0x1004228c                BTLE_StackTick
 i.BlueNRG_Stack_Initialization
                0x10042310       0x44 ./assembly\libbluenrg1_stack.a(bluenrg_main_func.o)
                0x10042310                BlueNRG_Stack_Initialization
 i.BlueNRG_Stack_Initialize_ConfigData
                0x10042354       0x64 ./assembly\libbluenrg1_stack.a(bluenrg_main_func.o)
 i.BlueNRG_Stack_Initialize_Layers
                0x100423b8       0x84 ./assembly\libbluenrg1_stack.a(bluenrg_main_func.o)
 i.BlueNRG_Stack_Initialize_RAM_check
                0x1004243c       0x7c ./assembly\libbluenrg1_stack.a(bluenrg_main_func.o)
 i.BlueNRG_Stack_Perform_Crystal_Check
                0x100424b8       0xc4 ./assembly\libbluenrg1_stack.a(bluenrg_main_func.o)
 i.BlueNRG_Start_Crystal_Measurement
                0x1004257c       0x1c ./assembly\libbluenrg1_stack.a(bluenrg_main_func.o)
 i._BlueNRG_Stack_Initialization
                0x10042598       0xe8 ./assembly\libbluenrg1_stack.a(bluenrg_main_func.o)
                0x10042598                _BlueNRG_Stack_Initialization
 i.GAP_Connection_Complete_Handler
                0x10042680       0x68 ./assembly\libbluenrg1_stack.a(gap.o)
                0x10042680                GAP_Connection_Complete_Handler
 i.GAP_DiscProcTimeoutcb_ucfg
                0x100426e8        0x2 ./assembly\libbluenrg1_stack.a(gap.o)
                0x100426e8                GAP_DiscProcTimeoutcb_ucfg
 *fill*         0x100426ea        0x2 
 i.GAP_Init     0x100426ec      0x1fc ./assembly\libbluenrg1_stack.a(gap.o)
                0x100426ec                GAP_Init
 i.GAP_Init_Context
                0x100428e8       0x14 ./assembly\libbluenrg1_stack.a(gap.o)
                0x100428e8                GAP_Init_Context
 i.GAP_LL_Event_Handler_ISR
                0x100428fc       0x68 ./assembly\libbluenrg1_stack.a(gap.o)
                0x100428fc                GAP_LL_Event_Handler_ISR
 i.GAP_LimDiscTimeoutcb
                0x10042964       0x2c ./assembly\libbluenrg1_stack.a(gap.o)
                0x10042964                GAP_LimDiscTimeoutcb
 i.GAP_Process_Q
                0x10042990       0x40 ./assembly\libbluenrg1_stack.a(gap.o)
                0x10042990                GAP_Process_Q
 i.GAP_Set_Discoverable_Mode
                0x100429d0       0x38 ./assembly\libbluenrg1_stack.a(gap.o)
                0x100429d0                GAP_Set_Discoverable_Mode
 i.GAP_check_and_set_role_ucfg
                0x10042a08       0x1c ./assembly\libbluenrg1_stack.a(gap.o)
                0x10042a08                GAP_check_and_set_role_ucfg
 i.GAP_discover_peer_name_ucfg
                0x10042a24        0x2 ./assembly\libbluenrg1_stack.a(gap.o)
                0x10042a24                GAP_discover_peer_name_ucfg
 i.GAP_enable_controller_privacy_ucfg
                0x10042a26        0x4 ./assembly\libbluenrg1_stack.a(gap.o)
                0x10042a26                GAP_enable_controller_privacy_ucfg
 *fill*         0x10042a2a        0x2 
 i._GAP_Parse_Advertising_Report
                0x10042a2c       0x64 ./assembly\libbluenrg1_stack.a(gap.o)
 i._gap_set_discoverable_connectable
                0x10042a90      0x174 ./assembly\libbluenrg1_stack.a(gap.o)
                0x10042a90                _gap_set_discoverable_connectable
 i.aci_gap_limited_discoverable_event_push
                0x10042c04       0x50 ./assembly\libbluenrg1_stack.a(gap.o)
 i.aci_gap_proc_complete_event_push
                0x10042c54       0x74 ./assembly\libbluenrg1_stack.a(gap.o)
 i.advParamsCheckAndSet
                0x10042cc8       0x88 ./assembly\libbluenrg1_stack.a(gap.o)
                0x10042cc8                advParamsCheckAndSet
 i.gapClearAllModeFlags
                0x10042d50       0x14 ./assembly\libbluenrg1_stack.a(gap.o)
                0x10042d50                gapClearAllModeFlags
 i.setGapAdvData
                0x10042d64      0x104 ./assembly\libbluenrg1_stack.a(gap.o)
                0x10042d64                setGapAdvData
 i.Find_Gatt_Client
                0x10042e68       0x3c ./assembly\libbluenrg1_stack.a(gatt_client.o)
                0x10042e68                Find_Gatt_Client
 i.Build_Notif_Or_Ind
                0x10042ea4       0x3e ./assembly\libbluenrg1_stack.a(gatt_server.o)
                0x10042ea4                Build_Notif_Or_Ind
 *fill*         0x10042ee2        0x2 
 i.Check_For_Service_Change
                0x10042ee4      0x34c ./assembly\libbluenrg1_stack.a(gatt_server.o)
                0x10042ee4                Check_For_Service_Change
 i.Find_Attr_Index
                0x10043230       0x50 ./assembly\libbluenrg1_stack.a(gatt_server.o)
                0x10043230                Find_Attr_Index
 i.Find_Timed_Out_Connection
                0x10043280       0x20 ./assembly\libbluenrg1_stack.a(gatt_server.o)
                0x10043280                Find_Timed_Out_Connection
 i.GATT_Connection_Complete_Handler
                0x100432a0       0x44 ./assembly\libbluenrg1_stack.a(gatt_server.o)
                0x100432a0                GATT_Connection_Complete_Handler
 i.GATT_Send_Packet
                0x100432e4       0x2c ./assembly\libbluenrg1_stack.a(gatt_server.o)
                0x100432e4                GATT_Send_Packet
 i.GATT_Server_Set_Flag
                0x10043310       0x18 ./assembly\libbluenrg1_stack.a(gatt_server.o)
 i.GATT_TimeOut_Handler
                0x10043328       0x1a ./assembly\libbluenrg1_stack.a(gatt_server.o)
                0x10043328                GATT_TimeOut_Handler
 *fill*         0x10043342        0x2 
 i.Gatt_Add_Charac_Desc
                0x10043344      0x160 ./assembly\libbluenrg1_stack.a(gatt_server.o)
                0x10043344                Gatt_Add_Charac_Desc
 i.Gatt_Add_Characteristic
                0x100434a4      0x33c ./assembly\libbluenrg1_stack.a(gatt_server.o)
                0x100434a4                Gatt_Add_Characteristic
 i.Gatt_Add_Descriptor
                0x100437e0      0x158 ./assembly\libbluenrg1_stack.a(gatt_server.o)
                0x100437e0                Gatt_Add_Descriptor
 i.Gatt_Add_Service
                0x10043938      0x160 ./assembly\libbluenrg1_stack.a(gatt_server.o)
                0x10043938                Gatt_Add_Service
 i.Gatt_Find_Srv_From_Handle
                0x10043a98       0x2c ./assembly\libbluenrg1_stack.a(gatt_server.o)
                0x10043a98                Gatt_Find_Srv_From_Handle
 i.Gatt_Find_Srv_Owner_Of_Handle
                0x10043ac4       0x48 ./assembly\libbluenrg1_stack.a(gatt_server.o)
                0x10043ac4                Gatt_Find_Srv_Owner_Of_Handle
 i.Gatt_Find_Timed_Out_Connection_Index
                0x10043b0c       0x38 ./assembly\libbluenrg1_stack.a(gatt_server.o)
                0x10043b0c                Gatt_Find_Timed_Out_Connection_Index
 i.Gatt_Flush_Pending_AclPacket_Lists
                0x10043b44       0x34 ./assembly\libbluenrg1_stack.a(gatt_server.o)
 i.Gatt_Process_Q
                0x10043b78      0x19c ./assembly\libbluenrg1_stack.a(gatt_server.o)
                0x10043b78                Gatt_Process_Q
 i.Gatt_Reset_To_Closed_State
                0x10043d14       0xfc ./assembly\libbluenrg1_stack.a(gatt_server.o)
 i.Gatt_Server_Db_Check
                0x10043e10       0x38 ./assembly\libbluenrg1_stack.a(gatt_server.o)
                0x10043e10                Gatt_Server_Db_Check
 i.Gatt_Server_Init
                0x10043e48      0x194 ./assembly\libbluenrg1_stack.a(gatt_server.o)
                0x10043e48                Gatt_Server_Init
 i.Gatt_Server_L2C_Handler
                0x10043fdc      0x21c ./assembly\libbluenrg1_stack.a(gatt_server.o)
                0x10043fdc                Gatt_Server_L2C_Handler
 i.Gatt_Server_L2C_Handler_ISR
                0x100441f8       0x4c ./assembly\libbluenrg1_stack.a(gatt_server.o)
                0x100441f8                Gatt_Server_L2C_Handler_ISR
 i.Gatt_Store_Server_Database_And_Reset_CCCD
                0x10044244      0x170 ./assembly\libbluenrg1_stack.a(gatt_server.o)
 i.Gatt_Update_Charac_Value
                0x100443b4       0x68 ./assembly\libbluenrg1_stack.a(gatt_server.o)
                0x100443b4                Gatt_Update_Charac_Value
 i.Gatt_Update_Charac_Value_Ext
                0x1004441c      0x390 ./assembly\libbluenrg1_stack.a(gatt_server.o)
                0x1004441c                Gatt_Update_Charac_Value_Ext
 i.Gatt_fetch_handle
                0x100447ac       0x3c ./assembly\libbluenrg1_stack.a(gatt_server.o)
                0x100447ac                Gatt_fetch_handle
 i.Gatt_search_handle
                0x100447e8       0x1e ./assembly\libbluenrg1_stack.a(gatt_server.o)
                0x100447e8                Gatt_search_handle
 *fill*         0x10044806        0x2 
 i.Gatt_search_service_handle
                0x10044808       0x30 ./assembly\libbluenrg1_stack.a(gatt_server.o)
                0x10044808                Gatt_search_service_handle
 i.Ind_Service_Change_Charac
                0x10044838       0x48 ./assembly\libbluenrg1_stack.a(gatt_server.o)
                0x10044838                Ind_Service_Change_Charac
 i.Pm_Resize_Host_Acl_Pckt
                0x10044880        0xe ./assembly\libbluenrg1_stack.a(gatt_server.o)
 *fill*         0x1004488e        0x2 
 i.Process_Peer_Client_Data
                0x10044890      0x1f8 ./assembly\libbluenrg1_stack.a(gatt_server.o)
                0x10044890                Process_Peer_Client_Data
 i.Process_Peer_Server_Data
                0x10044a88      0x16c ./assembly\libbluenrg1_stack.a(gatt_server.o)
                0x10044a88                Process_Peer_Server_Data
 i.Select_Next_Notification_Client
                0x10044bf4       0x50 ./assembly\libbluenrg1_stack.a(gatt_server.o)
                0x10044bf4                Select_Next_Notification_Client
 i.Send_Notif_Or_Ind
                0x10044c44       0x4c ./assembly\libbluenrg1_stack.a(gatt_server.o)
                0x10044c44                Send_Notif_Or_Ind
 i.aci_gatt_indication_event_push
                0x10044c90       0x90 ./assembly\libbluenrg1_stack.a(gatt_server.o)
 i.aci_gatt_notification_event_push
                0x10044d20       0x90 ./assembly\libbluenrg1_stack.a(gatt_server.o)
 i.aci_hal_fw_error_event_push
                0x10044db0       0x5c ./assembly\libbluenrg1_stack.a(gatt_server.o)
 i.store_data   0x10044e0c       0x1e ./assembly\libbluenrg1_stack.a(gatt_server.o)
                0x10044e0c                store_data
 i.__ARM_common_switch8
                0x10044e2a       0x1a ./assembly\libbluenrg1_stack.a(gatt_server.o)
                0x10044e2a                __ARM_common_switch8
 i.HAL_Flash_Store_Data
                0x10044e44       0x54 ./assembly\libbluenrg1_stack.a(hal.o)
                0x10044e44                HAL_Flash_Store_Data
 i.HAL_Generate_Random_Bytes_To
                0x10044e98       0x20 ./assembly\libbluenrg1_stack.a(hal.o)
                0x10044e98                HAL_Generate_Random_Bytes_To
 i.HAL_Set_TX_Power_Level
                0x10044eb8       0x44 ./assembly\libbluenrg1_stack.a(hal.o)
                0x10044eb8                HAL_Set_TX_Power_Level
 i.HAL_Write_ConfigData
                0x10044efc      0x11c ./assembly\libbluenrg1_stack.a(hal.o)
                0x10044efc                HAL_Write_ConfigData
 i.Hal_Get_Random_Number
                0x10045018       0x3a ./assembly\libbluenrg1_stack.a(hal.o)
                0x10045018                Hal_Get_Random_Number
 i.Hal_Get_Random_Number32
                0x10045052       0x12 ./assembly\libbluenrg1_stack.a(hal.o)
                0x10045052                Hal_Get_Random_Number32
 i.aci_hal_end_of_radio_activity_event
                0x10045064        0x2 ./assembly\libbluenrg1_stack.a(hal.o)
                0x10045064                aci_hal_end_of_radio_activity_event
 *fill*         0x10045066        0x2 
 i.ble_HAL_Init
                0x10045068       0x1c ./assembly\libbluenrg1_stack.a(hal.o)
                0x10045068                ble_HAL_Init
 i.char_copy    0x10045084       0x12 ./assembly\libbluenrg1_stack.a(hal.o)
                0x10045084                char_copy
 *fill*         0x10045096        0x2 
 i.hal_radio_activity_state_callback_check
                0x10045098       0x34 ./assembly\libbluenrg1_stack.a(hal.o)
                0x10045098                hal_radio_activity_state_callback_check
 i.hal_radio_activity_state_init
                0x100450cc       0x1c ./assembly\libbluenrg1_stack.a(hal.o)
                0x100450cc                hal_radio_activity_state_init
 i.hal_read_radio_activity_state
                0x100450e8       0x40 ./assembly\libbluenrg1_stack.a(hal.o)
                0x100450e8                hal_read_radio_activity_state
 i.set_string   0x10045128       0x10 ./assembly\libbluenrg1_stack.a(hal.o)
                0x10045128                set_string
 i.Controller_Process_Q
                0x10045138       0x1c ./assembly\libbluenrg1_stack.a(hci.o)
                0x10045138                Controller_Process_Q
 i.HCI_Init     0x10045154       0x7c ./assembly\libbluenrg1_stack.a(hci.o)
                0x10045154                HCI_Init
 i.PKA_Offline_Processing_ucfg
                0x100451d0        0x2 ./assembly\libbluenrg1_stack.a(hci.o)
                0x100451d0                PKA_Offline_Processing_ucfg
 i.PRIV_controller_privacy_csr_ucfg
                0x100451d2        0x4 ./assembly\libbluenrg1_stack.a(hci.o)
                0x100451d2                PRIV_controller_privacy_csr_ucfg
 i.data_length_extension_csr_ucfg
                0x100451d6        0x4 ./assembly\libbluenrg1_stack.a(hci.o)
                0x100451d6                data_length_extension_csr_ucfg
 *fill*         0x100451da        0x2 
 i.hci_acl_Process_Q
                0x100451dc       0x6c ./assembly\libbluenrg1_stack.a(hci.o)
                0x100451dc                hci_acl_Process_Q
 i.hci_le_encrypt
                0x10045248        0xa ./assembly\libbluenrg1_stack.a(hci.o)
                0x10045248                hci_le_encrypt
 i.hci_le_long_term_key_request_reply
                0x10045252        0xe ./assembly\libbluenrg1_stack.a(hci.o)
                0x10045252                hci_le_long_term_key_request_reply
 i.hci_le_long_term_key_requested_negative_reply
                0x10045260        0xe ./assembly\libbluenrg1_stack.a(hci.o)
                0x10045260                hci_le_long_term_key_requested_negative_reply
 i.hci_le_set_advertising_data
                0x1004526e       0x16 ./assembly\libbluenrg1_stack.a(hci.o)
                0x1004526e                hci_le_set_advertising_data
 i.hci_le_set_scan_response_data
                0x10045284       0x16 ./assembly\libbluenrg1_stack.a(hci.o)
                0x10045284                hci_le_set_scan_response_data
 *fill*         0x1004529a        0x2 
 i.hci_rx_acl_data
                0x1004529c       0x6c ./assembly\libbluenrg1_stack.a(hci.o)
                0x1004529c                hci_rx_acl_data
 i.hci_tx_acl_data_done
                0x10045308       0x44 ./assembly\libbluenrg1_stack.a(hci.o)
                0x10045308                hci_tx_acl_data_done
 i.HAL_VTimerAcc_sysT32_ms
                0x1004534c       0x24 ./assembly\libbluenrg1_stack.a(host_timer.o)
                0x1004534c                HAL_VTimerAcc_sysT32_ms
 i.HAL_VTimerGetCurrentTime_sysT32
                0x10045370       0x12 ./assembly\libbluenrg1_stack.a(host_timer.o)
                0x10045370                HAL_VTimerGetCurrentTime_sysT32
 i.HAL_VTimerTimeoutCallback
                0x10045382        0x2 ./assembly\libbluenrg1_stack.a(host_timer.o)
                0x10045382                HAL_VTimerTimeoutCallback
 i.Set_Host_Timer_value
                0x10045384       0x50 ./assembly\libbluenrg1_stack.a(host_timer.o)
                0x10045384                Set_Host_Timer_value
 i.TimerCallback
                0x100453d4       0x7c ./assembly\libbluenrg1_stack.a(host_timer.o)
 i.Timer_ExpiryCallback
                0x10045450       0x14 ./assembly\libbluenrg1_stack.a(host_timer.o)
                0x10045450                Timer_ExpiryCallback
 i.Timer_Init   0x10045464       0x34 ./assembly\libbluenrg1_stack.a(host_timer.o)
                0x10045464                Timer_Init
 i.Timer_ProcessQ
                0x10045498      0x11c ./assembly\libbluenrg1_stack.a(host_timer.o)
                0x10045498                Timer_ProcessQ
 i.Timer_StartOneShot
                0x100455b4       0x22 ./assembly\libbluenrg1_stack.a(host_timer.o)
                0x100455b4                Timer_StartOneShot
 *fill*         0x100455d6        0x2 
 i.Timer_StartOneShot_sysTime32
                0x100455d8       0x74 ./assembly\libbluenrg1_stack.a(host_timer.o)
                0x100455d8                Timer_StartOneShot_sysTime32
 i.Timer_StopOneShot
                0x1004564c       0x58 ./assembly\libbluenrg1_stack.a(host_timer.o)
                0x1004564c                Timer_StopOneShot
 i.Timer_sysTime32_convMachineTime
                0x100456a4       0x24 ./assembly\libbluenrg1_stack.a(host_timer.o)
                0x100456a4                Timer_sysTime32_convMachineTime
 i.L2C_Build_Command_Reject_Pdu
                0x100456c8       0x7c ./assembly\libbluenrg1_stack.a(l2cap.o)
                0x100456c8                L2C_Build_Command_Reject_Pdu
 i.L2C_Connection_Complete_Handler
                0x10045744       0x4a ./assembly\libbluenrg1_stack.a(l2cap.o)
                0x10045744                L2C_Connection_Complete_Handler
 i.L2C_Connection_Complete_Signal_Handler
                0x1004578e       0x2a ./assembly\libbluenrg1_stack.a(l2cap.o)
                0x1004578e                L2C_Connection_Complete_Signal_Handler
 i.L2C_Get_Connection_Info
                0x100457b8       0x34 ./assembly\libbluenrg1_stack.a(l2cap.o)
 i.L2C_Get_Connection_Info_Index
                0x100457ec       0x30 ./assembly\libbluenrg1_stack.a(l2cap.o)
 i.L2C_Get_PDU_Len
                0x1004581c        0xe ./assembly\libbluenrg1_stack.a(l2cap.o)
                0x1004581c                L2C_Get_PDU_Len
 *fill*         0x1004582a        0x2 
 i.L2C_Init     0x1004582c       0x58 ./assembly\libbluenrg1_stack.a(l2cap.o)
                0x1004582c                L2C_Init
 i.L2C_Mux_Acl_Packet
                0x10045884       0x58 ./assembly\libbluenrg1_stack.a(l2cap.o)
 i.L2C_Rcv_Data
                0x100458dc       0xcc ./assembly\libbluenrg1_stack.a(l2cap.o)
 i.L2C_Rcv_Event_Handler
                0x100459a8       0x1e ./assembly\libbluenrg1_stack.a(l2cap.o)
                0x100459a8                L2C_Rcv_Event_Handler
 i.L2C_Rcv_Event_Handler_ISR
                0x100459c6       0x54 ./assembly\libbluenrg1_stack.a(l2cap.o)
                0x100459c6                L2C_Rcv_Event_Handler_ISR
 *fill*         0x10045a1a        0x2 
 i.L2C_Reset_To_Closed_State
                0x10045a1c       0x7c ./assembly\libbluenrg1_stack.a(l2cap.o)
 i.L2C_Send_Data
                0x10045a98       0x4c ./assembly\libbluenrg1_stack.a(l2cap.o)
                0x10045a98                L2C_Send_Data
 i.L2C_SigChan_Req_TimeOut_Handler
                0x10045ae4       0x60 ./assembly\libbluenrg1_stack.a(l2cap.o)
                0x10045ae4                L2C_SigChan_Req_TimeOut_Handler
 i.L2C_Signal_Channel_Handler
                0x10045b44      0x1b0 ./assembly\libbluenrg1_stack.a(l2cap.o)
                0x10045b44                L2C_Signal_Channel_Handler
 i.L2C_Signal_Channel_Handler_ISR
                0x10045cf4       0x24 ./assembly\libbluenrg1_stack.a(l2cap.o)
                0x10045cf4                L2C_Signal_Channel_Handler_ISR
 i.L2C_discard_accumulated_acl_data
                0x10045d18       0x5c ./assembly\libbluenrg1_stack.a(l2cap.o)
 i.aci_l2cap_connection_update_req_event_push
                0x10045d74       0x98 ./assembly\libbluenrg1_stack.a(l2cap.o)
 i.Data_Length_Update_Control_ISR_ucfg
                0x10045e0c        0x4 ./assembly\libbluenrg1_stack.a(ll_isr.o)
                0x10045e0c                Data_Length_Update_Control_ISR_ucfg
 i.RAL_Isr      0x10045e10      0x218 ./assembly\libbluenrg1_stack.a(ll_isr.o)
                0x10045e10                RAL_Isr
 i.copy_4_u32   0x10046028       0x12 ./assembly\libbluenrg1_stack.a(ll_isr.o)
                0x10046028                copy_4_u32
 *fill*         0x1004603a        0x2 
 i.copy_tx_data_packet
                0x1004603c       0x84 ./assembly\libbluenrg1_stack.a(ll_isr.o)
                0x1004603c                copy_tx_data_packet
 i.encrypt      0x100460c0       0x74 ./assembly\libbluenrg1_stack.a(ll_isr.o)
                0x100460c0                encrypt
 i.isr_advertise_state
                0x10046134      0x398 ./assembly\libbluenrg1_stack.a(ll_isr.o)
 i.isr_connect_slave_state
                0x100464cc      0x7e4 ./assembly\libbluenrg1_stack.a(ll_isr.o)
 i.isr_test_rx_state
                0x10046cb0       0x34 ./assembly\libbluenrg1_stack.a(ll_isr.o)
 i.isr_test_tx_state
                0x10046ce4       0x64 ./assembly\libbluenrg1_stack.a(ll_isr.o)
 i.isr_unknown_state
                0x10046d48       0x2c ./assembly\libbluenrg1_stack.a(ll_isr.o)
 i.state_func_call_init_csr_ucfg
                0x10046d74        0x2 ./assembly\libbluenrg1_stack.a(ll_isr.o)
                0x10046d74                state_func_call_init_csr_ucfg
 i.__ARM_common_memcpy1_6
                0x10046d76       0x1a ./assembly\libbluenrg1_stack.a(ll_isr.o)
                0x10046d76                __ARM_common_memcpy1_6
 i.LL_LE_Clear_White_List
                0x10046d90       0x28 ./assembly\libbluenrg1_stack.a(ll_privacy.o)
                0x10046d90                LL_LE_Clear_White_List
 i.PRIVWHIT_u8SearchAddrInList
                0x10046db8       0x84 ./assembly\libbluenrg1_stack.a(ll_privacy.o)
                0x10046db8                PRIVWHIT_u8SearchAddrInList
 i.PRIVWHIT_vInit_Struct
                0x10046e3c       0xb8 ./assembly\libbluenrg1_stack.a(ll_privacy.o)
                0x10046e3c                PRIVWHIT_vInit_Struct
 i.PRIV_SearchAddrInWhiteList
                0x10046ef4       0x58 ./assembly\libbluenrg1_stack.a(ll_privacy.o)
                0x10046ef4                PRIV_SearchAddrInWhiteList
 i.PRIV_u32ProcessAdvPacket_ucfg
                0x10046f4c        0x4 ./assembly\libbluenrg1_stack.a(ll_privacy.o)
                0x10046f4c                PRIV_u32ProcessAdvPacket_ucfg
 i.PRIV_u8OfflineProcessing_ucfg
                0x10046f50        0x4 ./assembly\libbluenrg1_stack.a(ll_privacy.o)
                0x10046f50                PRIV_u8OfflineProcessing_ucfg
 i.PRIV_vGeneratePrivateAddress_ucfg
                0x10046f54        0x2 ./assembly\libbluenrg1_stack.a(ll_privacy.o)
                0x10046f54                PRIV_vGeneratePrivateAddress_ucfg
 i.PRIV_vGenerate_hci_le_enhanced_connection_complete_event_ucfg
                0x10046f56        0x2 ./assembly\libbluenrg1_stack.a(ll_privacy.o)
                0x10046f56                PRIV_vGenerate_hci_le_enhanced_connection_complete_event_ucfg
 i.Data_Len_Update_Offline_Processing_ucfg
                0x10046f58        0x2 ./assembly\libbluenrg1_stack.a(ll_routines.o)
                0x10046f58                Data_Len_Update_Offline_Processing_ucfg
 *fill*         0x10046f5a        0x2 
 i.Disconnection_Offline_Processing
                0x10046f5c       0x48 ./assembly\libbluenrg1_stack.a(ll_routines.o)
                0x10046f5c                Disconnection_Offline_Processing
 i.LL_Data_Length_Change_Event_ucfg
                0x10046fa4        0x4 ./assembly\libbluenrg1_stack.a(ll_routines.o)
                0x10046fa4                LL_Data_Length_Change_Event_ucfg
 i.LL_Send_Disconnection_Req
                0x10046fa8       0xa4 ./assembly\libbluenrg1_stack.a(ll_routines.o)
                0x10046fa8                LL_Send_Disconnection_Req
 i.LL_Send_Length_Resp_ucfg
                0x1004704c        0x4 ./assembly\libbluenrg1_stack.a(ll_routines.o)
                0x1004704c                LL_Send_Length_Resp_ucfg
 i.ll_write_supported_data_ucfg
                0x10047050        0x4 ./assembly\libbluenrg1_stack.a(ll_routines.o)
                0x10047050                ll_write_supported_data_ucfg
 i.read_rssi    0x10047054       0x7c ./assembly\libbluenrg1_stack.a(ll_routines.o)
                0x10047054                read_rssi
 i.Reclassify_All_Channels_ucfg
                0x100470d0        0x2 ./assembly\libbluenrg1_stack.a(ll_routines_master.o)
                0x100470d0                Reclassify_All_Channels_ucfg
 *fill*         0x100470d2        0x2 
 i.hci_encryption_change_event_push
                0x100470d4       0x5c ./assembly\libbluenrg1_stack.a(ll_routines_master.o)
 i.hci_encryption_key_refresh_complete_event_push
                0x10047130       0x58 ./assembly\libbluenrg1_stack.a(ll_routines_master.o)
 i.hci_le_connection_complete_event_push
                0x10047188       0x88 ./assembly\libbluenrg1_stack.a(ll_routines_master.o)
 i.hci_le_connection_update_complete_event_push
                0x10047210       0x6c ./assembly\libbluenrg1_stack.a(ll_routines_master.o)
 i.isr_event_handler
                0x1004727c      0x5fc ./assembly\libbluenrg1_stack.a(ll_routines_master.o)
                0x1004727c                isr_event_handler
 i.isr_event_handler_scan_data_ucfg
                0x10047878        0x2 ./assembly\libbluenrg1_stack.a(ll_routines_master.o)
                0x10047878                isr_event_handler_scan_data_ucfg
 *fill*         0x1004787a        0x2 
 i.LL_Encrypt_Plain_Data_ucfg
                0x1004787c       0x9c ./assembly\libbluenrg1_stack.a(ll_routines_support.o)
                0x1004787c                LL_Encrypt_Plain_Data_ucfg
 i.LL_Set_LTK   0x10047918       0x9c ./assembly\libbluenrg1_stack.a(ll_routines_support.o)
                0x10047918                LL_Set_LTK
 i.Dynamic_allocator
                0x100479b4      0x264 ./assembly\libbluenrg1_stack.a(mem_alloc.o)
                0x100479b4                Dynamic_allocator
 i.Dynamic_allocator_noRet
                0x10047c18        0x2 ./assembly\libbluenrg1_stack.a(mem_alloc.o)
                0x10047c18                Dynamic_allocator_noRet
 i.Mem_assign   0x10047c1a       0x16 ./assembly\libbluenrg1_stack.a(mem_alloc.o)
 i.mem_alloc_ctx_init
                0x10047c30       0xa8 ./assembly\libbluenrg1_stack.a(mem_alloc.o)
                0x10047c30                mem_alloc_ctx_init
 i.Mem_Buff_Append
                0x10047cd8       0x12 ./assembly\libbluenrg1_stack.a(mem_buff.o)
                0x10047cd8                Mem_Buff_Append
 i.Mem_Buff_Block_Copy
                0x10047cea       0x48 ./assembly\libbluenrg1_stack.a(mem_buff.o)
                0x10047cea                Mem_Buff_Block_Copy
 i.Mem_Buff_Block_Write
                0x10047d32       0x56 ./assembly\libbluenrg1_stack.a(mem_buff.o)
                0x10047d32                Mem_Buff_Block_Write
 i.Mem_Buff_Clone
                0x10047d88       0x32 ./assembly\libbluenrg1_stack.a(mem_buff.o)
                0x10047d88                Mem_Buff_Clone
 i.Mem_Buff_Cmp
                0x10047dba       0x78 ./assembly\libbluenrg1_stack.a(mem_buff.o)
                0x10047dba                Mem_Buff_Cmp
 i.Mem_Buff_Compact
                0x10047e32       0xba ./assembly\libbluenrg1_stack.a(mem_buff.o)
                0x10047e32                Mem_Buff_Compact
 i.Mem_Buff_Get
                0x10047eec       0x2e ./assembly\libbluenrg1_stack.a(mem_buff.o)
                0x10047eec                Mem_Buff_Get
 i.Mem_Buff_Get_Chain_Count
                0x10047f1a       0x14 ./assembly\libbluenrg1_stack.a(mem_buff.o)
                0x10047f1a                Mem_Buff_Get_Chain_Count
 i.Mem_Buff_Get_Chain_Size
                0x10047f2e       0x14 ./assembly\libbluenrg1_stack.a(mem_buff.o)
                0x10047f2e                Mem_Buff_Get_Chain_Size
 i.Mem_Buff_Init
                0x10047f42       0x6a ./assembly\libbluenrg1_stack.a(mem_buff.o)
                0x10047f42                Mem_Buff_Init
 i.Mem_Buff_Read
                0x10047fac       0x62 ./assembly\libbluenrg1_stack.a(mem_buff.o)
                0x10047fac                Mem_Buff_Read
 i.Mem_Buff_Release
                0x1004800e       0x36 ./assembly\libbluenrg1_stack.a(mem_buff.o)
                0x1004800e                Mem_Buff_Release
 i.Mem_Buff_Resize
                0x10048044       0x8e ./assembly\libbluenrg1_stack.a(mem_buff.o)
                0x10048044                Mem_Buff_Resize
 i.Mem_Buff_Write
                0x100480d2       0x68 ./assembly\libbluenrg1_stack.a(mem_buff.o)
                0x100480d2                Mem_Buff_Write
 *fill*         0x1004813a        0x2 
 i.adapt_slot   0x1004813c      0x260 ./assembly\libbluenrg1_stack.a(multi_master_time.o)
 i.advance_slave_timing_MultiSlave
                0x1004839c      0x2cc ./assembly\libbluenrg1_stack.a(multi_master_time.o)
                0x1004839c                advance_slave_timing_MultiSlave
 i.cancel_current_master
                0x10048668      0x1a8 ./assembly\libbluenrg1_stack.a(multi_master_time.o)
                0x10048668                cancel_current_master
 i.get_advertiser
                0x10048810       0x48 ./assembly\libbluenrg1_stack.a(multi_master_time.o)
                0x10048810                get_advertiser
 i.get_connection_no
                0x10048858       0x88 ./assembly\libbluenrg1_stack.a(multi_master_time.o)
                0x10048858                get_connection_no
 i.get_next_free_slot
                0x100488e0       0x34 ./assembly\libbluenrg1_stack.a(multi_master_time.o)
                0x100488e0                get_next_free_slot
 i.get_scan_connection
                0x10048914       0x48 ./assembly\libbluenrg1_stack.a(multi_master_time.o)
                0x10048914                get_scan_connection
 i.is_slave     0x1004895c       0x34 ./assembly\libbluenrg1_stack.a(multi_master_time.o)
                0x1004895c                is_slave
 i.nsar_init    0x10048990       0x18 ./assembly\libbluenrg1_stack.a(multi_master_time.o)
                0x10048990                nsar_init
 i.nsar_insertSlotListEntry
                0x100489a8       0x1c ./assembly\libbluenrg1_stack.a(multi_master_time.o)
 i.nsar_searchBestFreeSlot
                0x100489c4       0xc0 ./assembly\libbluenrg1_stack.a(multi_master_time.o)
 i.nsar_updateBestFreeSlot
                0x10048a84       0x22 ./assembly\libbluenrg1_stack.a(multi_master_time.o)
 *fill*         0x10048aa6        0x2 
 i.nsar_updateSlotListEntry
                0x10048aa8       0x6c ./assembly\libbluenrg1_stack.a(multi_master_time.o)
 i.schedule_advertise_slot
                0x10048b14       0xb0 ./assembly\libbluenrg1_stack.a(multi_master_time.o)
                0x10048b14                schedule_advertise_slot
 i.start_timebase
                0x10048bc4       0xd0 ./assembly\libbluenrg1_stack.a(multi_master_time.o)
                0x10048bc4                start_timebase
 i.swap_u16     0x10048c94        0xa ./assembly\libbluenrg1_stack.a(multi_master_time.o)
 *fill*         0x10048c9e        0x2 
 i.timebase_start_connect
                0x10048ca0       0x38 ./assembly\libbluenrg1_stack.a(multi_master_time.o)
                0x10048ca0                timebase_start_connect
 i.Flash_Write_Flagged
                0x10048cd8       0x3c ./assembly\libbluenrg1_stack.a(nvm.o)
                0x10048cd8                Flash_Write_Flagged
 i.Is_Flash_Write_On_Going
                0x10048d14       0x10 ./assembly\libbluenrg1_stack.a(nvm.o)
                0x10048d14                Is_Flash_Write_On_Going
 i.PM_Check_And_Set
                0x10048d24       0x50 ./assembly\libbluenrg1_stack.a(pm.o)
 i.PM_Clone_Pckt
                0x10048d74       0x22 ./assembly\libbluenrg1_stack.a(pm.o)
                0x10048d74                PM_Clone_Pckt
 *fill*         0x10048d96        0x2 
 i.PM_Compact   0x10048d98       0x54 ./assembly\libbluenrg1_stack.a(pm.o)
                0x10048d98                PM_Compact
 i.PM_Copy_Pckt_Data
                0x10048dec       0x12 ./assembly\libbluenrg1_stack.a(pm.o)
                0x10048dec                PM_Copy_Pckt_Data
 *fill*         0x10048dfe        0x2 
 i.PM_Eng_Config
                0x10048e00       0x18 ./assembly\libbluenrg1_stack.a(pm.o)
                0x10048e00                PM_Eng_Config
 i.PM_Extract_Pdu_MBuff
                0x10048e18        0xc ./assembly\libbluenrg1_stack.a(pm.o)
                0x10048e18                PM_Extract_Pdu_MBuff
 i.PM_Get_Available_Buffer
                0x10048e24       0x3c ./assembly\libbluenrg1_stack.a(pm.o)
                0x10048e24                PM_Get_Available_Buffer
 i.PM_Get_Mem_Buff_Count
                0x10048e60        0xa ./assembly\libbluenrg1_stack.a(pm.o)
                0x10048e60                PM_Get_Mem_Buff_Count
 *fill*         0x10048e6a        0x2 
 i.PM_Get_Pckt  0x10048e6c       0x44 ./assembly\libbluenrg1_stack.a(pm.o)
                0x10048e6c                PM_Get_Pckt
 i.PM_Init      0x10048eb0       0x68 ./assembly\libbluenrg1_stack.a(pm.o)
                0x10048eb0                PM_Init
 i.PM_Pckt_Cmp  0x10048f18        0xa ./assembly\libbluenrg1_stack.a(pm.o)
                0x10048f18                PM_Pckt_Cmp
 *fill*         0x10048f22        0x2 
 i.PM_Release_Acl_Pckt
                0x10048f24       0x3c ./assembly\libbluenrg1_stack.a(pm.o)
                0x10048f24                PM_Release_Acl_Pckt
 i.PM_Resize_Pckt_Pdu_Size
                0x10048f60       0x6c ./assembly\libbluenrg1_stack.a(pm.o)
                0x10048f60                PM_Resize_Pckt_Pdu_Size
 i.PM_Write_Pckt_Data
                0x10048fcc       0x12 ./assembly\libbluenrg1_stack.a(pm.o)
                0x10048fcc                PM_Write_Pckt_Data
 i.Accu_Handles_Requiring_Auth
                0x10048fde       0x6e ./assembly\libbluenrg1_stack.a(rom_att.o)
                0x10048fde                Accu_Handles_Requiring_Auth
 i.Accu_UuidTypes_Requiring_Auth
                0x1004904c       0xea ./assembly\libbluenrg1_stack.a(rom_att.o)
                0x1004904c                Accu_UuidTypes_Requiring_Auth
 *fill*         0x10049136        0x2 
 i.GAP_Privacy1v2
                0x10049138      0x1e0 ./assembly\libbluenrg1_stack.a(rom_gap.o)
                0x10049138                GAP_Privacy1v2
 i.GAP_PrivateAddrTimercb
                0x10049318       0x48 ./assembly\libbluenrg1_stack.a(rom_gap.o)
                0x10049318                GAP_PrivateAddrTimercb
 i.GapIsPrivacySupported
                0x10049360       0x14 ./assembly\libbluenrg1_stack.a(rom_gap.o)
                0x10049360                GapIsPrivacySupported
 i.Generate_Non_Resolvable_Private_Address
                0x10049374       0x88 ./assembly\libbluenrg1_stack.a(rom_gap.o)
                0x10049374                Generate_Non_Resolvable_Private_Address
 i.GAP_Notify_Add_Charac
                0x100493fc       0x70 ./assembly\libbluenrg1_stack.a(rom_gap_rom.o)
                0x100493fc                GAP_Notify_Add_Charac
 i.Get_GAP_Handle
                0x1004946c       0x10 ./assembly\libbluenrg1_stack.a(rom_gap_rom.o)
                0x1004946c                Get_GAP_Handle
 i.Get_StaticRandAddr
                0x1004947c       0x14 ./assembly\libbluenrg1_stack.a(rom_gap_rom.o)
                0x1004947c                Get_StaticRandAddr
 i.Check_Encry_Key_Size
                0x10049490       0x18 ./assembly\libbluenrg1_stack.a(rom_gatt_server.o)
                0x10049490                Check_Encry_Key_Size
 i.GATT_Num_Charac_Present
                0x100494a8       0x3a ./assembly\libbluenrg1_stack.a(rom_gatt_server.o)
                0x100494a8                GATT_Num_Charac_Present
 *fill*         0x100494e2        0x2 
 i.Start_Gatt_Timer
                0x100494e4       0x24 ./assembly\libbluenrg1_stack.a(rom_gatt_server.o)
                0x100494e4                Start_Gatt_Timer
 i.Stop_Gatt_Timer
                0x10049508       0x1c ./assembly\libbluenrg1_stack.a(rom_gatt_server.o)
                0x10049508                Stop_Gatt_Timer
 i.List_Circular_Get_Size
                0x10049524       0x14 ./assembly\libbluenrg1_stack.a(rom_list.o)
                0x10049524                List_Circular_Get_Size
 i.List_Circular_Insert_Tail
                0x10049538        0xe ./assembly\libbluenrg1_stack.a(rom_list.o)
                0x10049538                List_Circular_Insert_Tail
 i.List_Circular_Node_Present
                0x10049546       0x16 ./assembly\libbluenrg1_stack.a(rom_list.o)
                0x10049546                List_Circular_Node_Present
 i.List_Circular_Remove_Head
                0x1004955c       0x1a ./assembly\libbluenrg1_stack.a(rom_list.o)
                0x1004955c                List_Circular_Remove_Head
 i.List_Circular_Remove_Node
                0x10049576       0x20 ./assembly\libbluenrg1_stack.a(rom_list.o)
                0x10049576                List_Circular_Remove_Node
 *fill*         0x10049596        0x2 
 i.isr_postproc1
                0x10049598      0x110 ./assembly\libbluenrg1_stack.a(rom_ll_isr_postproc.o)
                0x10049598                isr_postproc1
 i.isr_postproc_encrypt_data
                0x100496a8       0x16 ./assembly\libbluenrg1_stack.a(rom_ll_isr_postproc.o)
                0x100496a8                isr_postproc_encrypt_data
 i.wait_for_aes_ready
                0x100496be       0x24 ./assembly\libbluenrg1_stack.a(rom_ll_isr_postproc.o)
 *fill*         0x100496e2        0x2 
 i.LL_update_proc
                0x100496e4       0x98 ./assembly\libbluenrg1_stack.a(rom_ll_isr_routines.o)
                0x100496e4                LL_update_proc
 i.addr_u32_from_u8
                0x1004977c       0x1e ./assembly\libbluenrg1_stack.a(rom_ll_isr_routines.o)
 i.cancel_connect_master_ucfg
                0x1004979a        0x4 ./assembly\libbluenrg1_stack.a(rom_ll_isr_routines.o)
                0x1004979a                cancel_connect_master_ucfg
 *fill*         0x1004979e        0x2 
 i.cancel_master
                0x100497a0       0x7c ./assembly\libbluenrg1_stack.a(rom_ll_isr_routines.o)
                0x100497a0                cancel_master
 i.get_adv_addr
                0x1004981c       0x14 ./assembly\libbluenrg1_stack.a(rom_ll_isr_routines.o)
                0x1004981c                get_adv_addr
 i.get_scan_addr
                0x10049830       0x14 ./assembly\libbluenrg1_stack.a(rom_ll_isr_routines.o)
                0x10049830                get_scan_addr
 i.go_to_connect
                0x10049844      0x298 ./assembly\libbluenrg1_stack.a(rom_ll_isr_routines.o)
                0x10049844                go_to_connect
 i.le2ByteToInt16
                0x10049adc        0xa ./assembly\libbluenrg1_stack.a(rom_ll_isr_routines.o)
 i.le4ByteToInt32
                0x10049ae6       0x16 ./assembly\libbluenrg1_stack.a(rom_ll_isr_routines.o)
 i.unpack_channel_map
                0x10049afc       0x2e ./assembly\libbluenrg1_stack.a(rom_ll_isr_routines.o)
                0x10049afc                unpack_channel_map
 i.unpack_update_request
                0x10049b2a       0x48 ./assembly\libbluenrg1_stack.a(rom_ll_isr_routines.o)
                0x10049b2a                unpack_update_request
 i.Is_Address_Initialized
                0x10049b72       0x18 ./assembly\libbluenrg1_stack.a(rom_ll_ll_routines.o)
                0x10049b72                Is_Address_Initialized
 i.LL_Allow_Address_Setting
                0x10049b8a       0x42 ./assembly\libbluenrg1_stack.a(rom_ll_ll_routines.o)
                0x10049b8a                LL_Allow_Address_Setting
 i.LL_Check_And_Set_Addresses
                0x10049bcc      0x1fc ./assembly\libbluenrg1_stack.a(rom_ll_ll_routines.o)
                0x10049bcc                LL_Check_And_Set_Addresses
 i.LL_Enable_Disable_Adv
                0x10049dc8      0x21c ./assembly\libbluenrg1_stack.a(rom_ll_ll_routines.o)
                0x10049dc8                LL_Enable_Disable_Adv
 i.LL_Get_Address
                0x10049fe4       0x2c ./assembly\libbluenrg1_stack.a(rom_ll_ll_routines.o)
                0x10049fe4                LL_Get_Address
 i.LL_Get_AdvAddress
                0x1004a010       0x40 ./assembly\libbluenrg1_stack.a(rom_ll_ll_routines.o)
                0x1004a010                LL_Get_AdvAddress
 i.LL_Get_ScanAddress
                0x1004a050       0x40 ./assembly\libbluenrg1_stack.a(rom_ll_ll_routines.o)
                0x1004a050                LL_Get_ScanAddress
 i.LL_Init      0x1004a090      0x18c ./assembly\libbluenrg1_stack.a(rom_ll_ll_routines.o)
                0x1004a090                LL_Init
 i.LL_Send_ACL_Data
                0x1004a21c       0x50 ./assembly\libbluenrg1_stack.a(rom_ll_ll_routines.o)
                0x1004a21c                LL_Send_ACL_Data
 i.LL_Set_Adv_Data
                0x1004a26c       0x78 ./assembly\libbluenrg1_stack.a(rom_ll_ll_routines.o)
                0x1004a26c                LL_Set_Adv_Data
 i.LL_Set_Adv_PDU_Format
                0x1004a2e4       0xcc ./assembly\libbluenrg1_stack.a(rom_ll_ll_routines.o)
                0x1004a2e4                LL_Set_Adv_PDU_Format
 i.LL_Set_Adv_Params
                0x1004a3b0      0x14c ./assembly\libbluenrg1_stack.a(rom_ll_ll_routines.o)
                0x1004a3b0                LL_Set_Adv_Params
 i.LL_Set_Advertising_Buffers
                0x1004a4fc       0x88 ./assembly\libbluenrg1_stack.a(rom_ll_ll_routines.o)
                0x1004a4fc                LL_Set_Advertising_Buffers
 i.LL_Set_DirectAddress
                0x1004a584       0x38 ./assembly\libbluenrg1_stack.a(rom_ll_ll_routines.o)
 i.LL_Set_OwnAddress
                0x1004a5bc       0x24 ./assembly\libbluenrg1_stack.a(rom_ll_ll_routines.o)
                0x1004a5bc                LL_Set_OwnAddress
 i.LL_Set_Scan_Resp_Data
                0x1004a5e0       0x5c ./assembly\libbluenrg1_stack.a(rom_ll_ll_routines.o)
                0x1004a5e0                LL_Set_Scan_Resp_Data
 i.LL_Update_Advertising_Buffers
                0x1004a63c       0x48 ./assembly\libbluenrg1_stack.a(rom_ll_ll_routines.o)
                0x1004a63c                LL_Update_Advertising_Buffers
 i.LL_Update_Scanning_Initiating_Buffers
                0x1004a684       0x48 ./assembly\libbluenrg1_stack.a(rom_ll_ll_routines.o)
                0x1004a684                LL_Update_Scanning_Initiating_Buffers
 i.addr_u32_from_u8
                0x1004a6cc       0x20 ./assembly\libbluenrg1_stack.a(rom_ll_ll_routines.o)
 i.int32ToLe4Byte
                0x1004a6ec       0x10 ./assembly\libbluenrg1_stack.a(rom_ll_ll_routines.o)
 i.le4ByteToInt32
                0x1004a6fc       0x16 ./assembly\libbluenrg1_stack.a(rom_ll_ll_routines.o)
 *fill*         0x1004a712        0x2 
 i.wait_for_prescheduled_slot_cancellation
                0x1004a714       0x7c ./assembly\libbluenrg1_stack.a(rom_ll_ll_routines.o)
 i.Blue_Set_Radio_Config_Data
                0x1004a790       0x24 ./assembly\libbluenrg1_stack.a(rom_ll_routines_support.o)
                0x1004a790                Blue_Set_Radio_Config_Data
 i.LL_Get_Adv_Tx_Power_Level
                0x1004a7b4       0x18 ./assembly\libbluenrg1_stack.a(rom_ll_routines_support.o)
                0x1004a7b4                LL_Get_Adv_Tx_Power_Level
 i.convert_power
                0x1004a7cc       0x24 ./assembly\libbluenrg1_stack.a(rom_ll_routines_support.o)
 i.modulo_37    0x1004a7f0       0x1c ./assembly\libbluenrg1_stack.a(rom_ll_routines_support.o)
                0x1004a7f0                modulo_37
 i.WindowWiden1
                0x1004a80c        0xa ./assembly\libbluenrg1_stack.a(rom_ll_timehandling.o)
                0x1004a80c                WindowWiden1
 i.WindowWiden2
                0x1004a816       0x10 ./assembly\libbluenrg1_stack.a(rom_ll_timehandling.o)
                0x1004a816                WindowWiden2
 *fill*         0x1004a826        0x2 
 i.machine_time_trans
                0x1004a828       0x20 ./assembly\libbluenrg1_stack.a(rom_ll_timehandling.o)
                0x1004a828                machine_time_trans
 i.set_freq     0x1004a848       0x88 ./assembly\libbluenrg1_stack.a(rom_ll_timehandling.o)
                0x1004a848                set_freq
 i.set_sca      0x1004a8d0       0x1c ./assembly\libbluenrg1_stack.a(rom_ll_timehandling.o)
                0x1004a8d0                set_sca
 i.system_time_trans
                0x1004a8ec       0x10 ./assembly\libbluenrg1_stack.a(rom_ll_timehandling.o)
                0x1004a8ec                system_time_trans
 i.system_time_trans_ext
                0x1004a8fc       0x30 ./assembly\libbluenrg1_stack.a(rom_ll_timehandling.o)
                0x1004a8fc                system_time_trans_ext
 i.time_offset1
                0x1004a92c        0xe ./assembly\libbluenrg1_stack.a(rom_ll_timehandling.o)
                0x1004a92c                time_offset1
 *fill*         0x1004a93a        0x2 
 i.time_offset2
                0x1004a93c       0x10 ./assembly\libbluenrg1_stack.a(rom_ll_timehandling.o)
                0x1004a93c                time_offset2
 i.Blue_Init_Global
                0x1004a94c       0x98 ./assembly\libbluenrg1_stack.a(routines_support.o)
                0x1004a94c                Blue_Init_Global
 i.advance_transmit
                0x1004a9e4      0x158 ./assembly\libbluenrg1_stack.a(routines_support.o)
                0x1004a9e4                advance_transmit
 i.microseconds_to_machine_time
                0x1004ab3c        0x8 ./assembly\libbluenrg1_stack.a(routines_support.o)
                0x1004ab3c                microseconds_to_machine_time
 i.slave_advance
                0x1004ab44      0x200 ./assembly\libbluenrg1_stack.a(routines_support.o)
                0x1004ab44                slave_advance
 i.swap_slaves  0x1004ad44      0x13c ./assembly\libbluenrg1_stack.a(routines_support.o)
                0x1004ad44                swap_slaves
 i.swap_u16     0x1004ae80        0xa ./assembly\libbluenrg1_stack.a(routines_support.o)
 i.swap_u32     0x1004ae8a        0xa ./assembly\libbluenrg1_stack.a(routines_support.o)
 i.swap_u8      0x1004ae94        0xa ./assembly\libbluenrg1_stack.a(routines_support.o)
 i.Erase_Sector
                0x1004ae9e        0xe ./assembly\libbluenrg1_stack.a(sdb.o)
 i.SDB_Add_Record
                0x1004aeac      0x184 ./assembly\libbluenrg1_stack.a(sdb.o)
                0x1004aeac                SDB_Add_Record
 i.SDB_Find_Matching_LTK
                0x1004b030       0xa0 ./assembly\libbluenrg1_stack.a(sdb.o)
                0x1004b030                SDB_Find_Matching_LTK
 i.SDB_Find_Record
                0x1004b0d0       0xc4 ./assembly\libbluenrg1_stack.a(sdb.o)
                0x1004b0d0                SDB_Find_Record
 i.SDB_Get_Number_Of_Valid_Records
                0x1004b194       0x44 ./assembly\libbluenrg1_stack.a(sdb.o)
                0x1004b194                SDB_Get_Number_Of_Valid_Records
 i.SDB_flash_write_client_data
                0x1004b1d8       0xb8 ./assembly\libbluenrg1_stack.a(sdb.o)
                0x1004b1d8                SDB_flash_write_client_data
 i.SDB_get_security_data_record
                0x1004b290       0xd8 ./assembly\libbluenrg1_stack.a(sdb.o)
                0x1004b290                SDB_get_security_data_record
 i.SDB_read_peer_bonded_data
                0x1004b368       0x3c ./assembly\libbluenrg1_stack.a(sdb.o)
                0x1004b368                SDB_read_peer_bonded_data
 i.Write_Client_Data
                0x1004b3a4      0x1b0 ./assembly\libbluenrg1_stack.a(sdb.o)
 i.int32ToLe4Byte
                0x1004b554       0x10 ./assembly\libbluenrg1_stack.a(sdb.o)
 i.sdb_delete   0x1004b564      0x164 ./assembly\libbluenrg1_stack.a(sdb.o)
 i.sdb_find_client_data
                0x1004b6c8       0xc8 ./assembly\libbluenrg1_stack.a(sdb.o)
 i.sdb_get_gatt_db_start_address
                0x1004b790       0x18 ./assembly\libbluenrg1_stack.a(sdb.o)
 i.sdb_invalidate_record
                0x1004b7a8       0x20 ./assembly\libbluenrg1_stack.a(sdb.o)
 i.sdb_read_record
                0x1004b7c8       0x24 ./assembly\libbluenrg1_stack.a(sdb.o)
 i.sdb_read_record_validity
                0x1004b7ec       0x10 ./assembly\libbluenrg1_stack.a(sdb.o)
 i.sdb_write_record
                0x1004b7fc       0x7c ./assembly\libbluenrg1_stack.a(sdb.o)
 i.SMP_Process_Q
                0x1004b878      0x19c ./assembly\libbluenrg1_stack.a(securitymgr.o)
                0x1004b878                SMP_Process_Q
 i.int32ToLe4Byte
                0x1004ba14       0x10 ./assembly\libbluenrg1_stack.a(securitymgr.o)
 i.smp_Build_AuthReq_Field
                0x1004ba24       0x18 ./assembly\libbluenrg1_stack.a(securitymgr.o)
 i.smp_Build_Pairing_ReqResp_Packet
                0x1004ba3c       0x38 ./assembly\libbluenrg1_stack.a(securitymgr.o)
 i.smp_Check_Incoming_Pairing_Parameters
                0x1004ba74       0x34 ./assembly\libbluenrg1_stack.a(securitymgr.o)
 i.smp_Determine_Key_Association_Method
                0x1004baa8       0x9c ./assembly\libbluenrg1_stack.a(securitymgr.o)
 i.smp_Execute_Actions_wrt_Current_State
                0x1004bb44      0x18c ./assembly\libbluenrg1_stack.a(securitymgr.o)
 i.smp_Execute_Actions_wrt_Current_State_MI_excerpt_ucfg
                0x1004bcd0        0x2 ./assembly\libbluenrg1_stack.a(securitymgr.o)
                0x1004bcd0                smp_Execute_Actions_wrt_Current_State_MI_excerpt_ucfg
 i.smp_Execute_Actions_wrt_Current_State_sc_excerpt_phase2as2_ucfg
                0x1004bcd2        0x2 ./assembly\libbluenrg1_stack.a(securitymgr.o)
                0x1004bcd2                smp_Execute_Actions_wrt_Current_State_sc_excerpt_phase2as2_ucfg
 i.smp_Execute_Actions_wrt_Current_State_sc_excerpt_phase_1_to_2_ucfg
                0x1004bcd4        0x4 ./assembly\libbluenrg1_stack.a(securitymgr.o)
                0x1004bcd4                smp_Execute_Actions_wrt_Current_State_sc_excerpt_phase_1_to_2_ucfg
 i.smp_Get_Long_Term_Key
                0x1004bcd8       0x80 ./assembly\libbluenrg1_stack.a(securitymgr.o)
 i.smp_Get_Pairing_Parameters_From_Peer_Packet
                0x1004bd58       0x88 ./assembly\libbluenrg1_stack.a(securitymgr.o)
 i.smp_Keys_Distribution_Send
                0x1004bde0      0x11c ./assembly\libbluenrg1_stack.a(securitymgr.o)
 i.smp_LP_SR_Compute_c1_Confirm_Value
                0x1004befc      0x150 ./assembly\libbluenrg1_stack.a(securitymgr.o)
 i.smp_MI_Start_Encryption_ucfg
                0x1004c04c        0x4 ./assembly\libbluenrg1_stack.a(securitymgr.o)
                0x1004c04c                smp_MI_Start_Encryption_ucfg
 i.smp_Process_Rx_Packet_Exception_Cases_sc_excerpt_ucfg
                0x1004c050        0x4 ./assembly\libbluenrg1_stack.a(securitymgr.o)
                0x1004c050                smp_Process_Rx_Packet_Exception_Cases_sc_excerpt_ucfg
 i.smp_Process_Rx_Packet_wrt_Current_State
                0x1004c054      0x130 ./assembly\libbluenrg1_stack.a(securitymgr.o)
 i.smp_Process_Rx_Packet_wrt_Current_State_MI_excerpt_ucfg
                0x1004c184        0x4 ./assembly\libbluenrg1_stack.a(securitymgr.o)
                0x1004c184                smp_Process_Rx_Packet_wrt_Current_State_MI_excerpt_ucfg
 i.smp_Process_Rx_Packet_wrt_Current_State_sc_excerpt_ucfg
                0x1004c188        0x4 ./assembly\libbluenrg1_stack.a(securitymgr.o)
                0x1004c188                smp_Process_Rx_Packet_wrt_Current_State_sc_excerpt_ucfg
 i.smp_Set_Key_Association_Method
                0x1004c18c       0x78 ./assembly\libbluenrg1_stack.a(securitymgr.o)
 i.smp____SR_PairingConfirm_Receive
                0x1004c204       0x7a ./assembly\libbluenrg1_stack.a(securitymgr.o)
 *fill*         0x1004c27e        0x2 
 i.smp____SR_PairingRandom_Receive
                0x1004c280      0x120 ./assembly\libbluenrg1_stack.a(securitymgr.o)
 i.smp____SR_PairingRequest_Receive
                0x1004c3a0      0x17c ./assembly\libbluenrg1_stack.a(securitymgr.o)
 i.smp_sc_SR_PairingConfirm_Receive_sc_excerpt_ucfg
                0x1004c51c        0x2 ./assembly\libbluenrg1_stack.a(securitymgr.o)
                0x1004c51c                smp_sc_SR_PairingConfirm_Receive_sc_excerpt_ucfg
 i.smp_sc_SR_PairingRandom_Receive_sc_excerpt_ucfg
                0x1004c51e        0x2 ./assembly\libbluenrg1_stack.a(securitymgr.o)
                0x1004c51e                smp_sc_SR_PairingRandom_Receive_sc_excerpt_ucfg
 i.smp_sc_SR_Pairing_Phase_2AS1_Start_sc_excerpt_ucfg
                0x1004c520        0x2 ./assembly\libbluenrg1_stack.a(securitymgr.o)
                0x1004c520                smp_sc_SR_Pairing_Phase_2AS1_Start_sc_excerpt_ucfg
 *fill*         0x1004c522        0x2 
 i.smp_send_packet
                0x1004c524       0x38 ./assembly\libbluenrg1_stack.a(securitymgr.o)
                0x1004c524                smp_send_packet
 i.SMA_Diversify
                0x1004c55c       0x28 ./assembly\libbluenrg1_stack.a(smp_algo_sap.o)
                0x1004c55c                SMA_Diversify
 i.SMA_Generate_CSRK
                0x1004c584       0x28 ./assembly\libbluenrg1_stack.a(smp_algo_sap.o)
                0x1004c584                SMA_Generate_CSRK
 i.SMA_Generate_IRK
                0x1004c5ac       0x28 ./assembly\libbluenrg1_stack.a(smp_algo_sap.o)
                0x1004c5ac                SMA_Generate_IRK
 i.SMA_LP_s1_Generate_STK
                0x1004c5d4       0x26 ./assembly\libbluenrg1_stack.a(smp_algo_sap.o)
                0x1004c5d4                SMA_LP_s1_Generate_STK
 *fill*         0x1004c5fa        0x2 
 i.SMA_generate_EDIV_recovery_DIV
                0x1004c5fc       0x74 ./assembly\libbluenrg1_stack.a(smp_algo_sap.o)
                0x1004c5fc                SMA_generate_EDIV_recovery_DIV
 i.SM_Generate_Resolvable_Private_Address
                0x1004c670       0x4e ./assembly\libbluenrg1_stack.a(smp_algo_sap.o)
                0x1004c670                SM_Generate_Resolvable_Private_Address
 i.SM_Resolve_Private_Address
                0x1004c6be       0x22 ./assembly\libbluenrg1_stack.a(smp_algo_sap.o)
                0x1004c6be                SM_Resolve_Private_Address
 i.sma_CMAC_generate_tag
                0x1004c6e0       0xc6 ./assembly\libbluenrg1_stack.a(smp_algo_sap.o)
                0x1004c6e0                sma_CMAC_generate_tag
 i.sma_Calculate_Hash
                0x1004c7a6       0x36 ./assembly\libbluenrg1_stack.a(smp_algo_sap.o)
 i.sma_generate_subkeys
                0x1004c7dc       0x7e ./assembly\libbluenrg1_stack.a(smp_algo_sap.o)
 i.sma_left_shift
                0x1004c85a       0x2c ./assembly\libbluenrg1_stack.a(smp_algo_sap.o)
 *fill*         0x1004c886        0x2 
 i.SMP_Init     0x1004c888       0x3c ./assembly\libbluenrg1_stack.a(smp_common.o)
                0x1004c888                SMP_Init
 i.SMP_Protocol_Timer_cb
                0x1004c8c4       0x44 ./assembly\libbluenrg1_stack.a(smp_common.o)
                0x1004c8c4                SMP_Protocol_Timer_cb
 i.SMP_acl_data_hndl
                0x1004c908       0xf8 ./assembly\libbluenrg1_stack.a(smp_common.o)
                0x1004c908                SMP_acl_data_hndl
 i.SMP_check_encryption_key_size
                0x1004ca00       0x20 ./assembly\libbluenrg1_stack.a(smp_common.o)
                0x1004ca00                SMP_check_encryption_key_size
 i.SMP_check_is_device_bonded
                0x1004ca20       0x48 ./assembly\libbluenrg1_stack.a(smp_common.o)
                0x1004ca20                SMP_check_is_device_bonded
 i.SMP_connection_complete_handler
                0x1004ca68       0x94 ./assembly\libbluenrg1_stack.a(smp_common.o)
 i.SMP_forget_device_by_conn_handle
                0x1004cafc       0x1c ./assembly\libbluenrg1_stack.a(smp_common.o)
                0x1004cafc                SMP_forget_device_by_conn_handle
 i.SMP_get_link_status
                0x1004cb18       0x2e ./assembly\libbluenrg1_stack.a(smp_common.o)
                0x1004cb18                SMP_get_link_status
 *fill*         0x1004cb46        0x2 
 i.SMP_get_remote_device_list_item
                0x1004cb48       0x4c ./assembly\libbluenrg1_stack.a(smp_common.o)
                0x1004cb48                SMP_get_remote_device_list_item
 i.SMP_hci_disconnection_complete_evt_hndl
                0x1004cb94       0x40 ./assembly\libbluenrg1_stack.a(smp_common.o)
                0x1004cb94                SMP_hci_disconnection_complete_evt_hndl
 i.SMP_hci_encryption_change_evt_hndl
                0x1004cbd4      0x120 ./assembly\libbluenrg1_stack.a(smp_common.o)
                0x1004cbd4                SMP_hci_encryption_change_evt_hndl
 i.SMP_hci_le_connection_complete_evt_hndl
                0x1004ccf4       0x2e ./assembly\libbluenrg1_stack.a(smp_common.o)
                0x1004ccf4                SMP_hci_le_connection_complete_evt_hndl
 i.SMP_hci_le_enhanced_connection_complete_evt_hndl
                0x1004cd22       0x52 ./assembly\libbluenrg1_stack.a(smp_common.o)
                0x1004cd22                SMP_hci_le_enhanced_connection_complete_evt_hndl
 i.SMP_hci_le_long_term_key_request_evt_hndl
                0x1004cd74       0x38 ./assembly\libbluenrg1_stack.a(smp_common.o)
                0x1004cd74                SMP_hci_le_long_term_key_request_evt_hndl
 i.SMP_repeated_attacks_timer_cb
                0x1004cdac       0x78 ./assembly\libbluenrg1_stack.a(smp_common.o)
                0x1004cdac                SMP_repeated_attacks_timer_cb
 i.SMP_reset_timer
                0x1004ce24       0x40 ./assembly\libbluenrg1_stack.a(smp_common.o)
                0x1004ce24                SMP_reset_timer
 i.SMP_validate_signed_packet
                0x1004ce64       0x7a ./assembly\libbluenrg1_stack.a(smp_common.o)
                0x1004ce64                SMP_validate_signed_packet
 *fill*         0x1004cede        0x2 
 i.aci_gap_authorization_req_event_push
                0x1004cee0       0x54 ./assembly\libbluenrg1_stack.a(smp_common.o)
 i.aci_gap_pairing_complete_event_push
                0x1004cf34       0x5c ./assembly\libbluenrg1_stack.a(smp_common.o)
 i.smp_Keys_Distribution_Complete
                0x1004cf90       0x32 ./assembly\libbluenrg1_stack.a(smp_common.o)
 *fill*         0x1004cfc2        0x2 
 i.smp_add_pairing_record_to_bonding_database
                0x1004cfc4      0x148 ./assembly\libbluenrg1_stack.a(smp_common.o)
                0x1004cfc4                smp_add_pairing_record_to_bonding_database
 i.smp_find_remote_device_index
                0x1004d10c       0x44 ./assembly\libbluenrg1_stack.a(smp_common.o)
                0x1004d10c                smp_find_remote_device_index
 i.smp_flush_rx_queues
                0x1004d150       0x38 ./assembly\libbluenrg1_stack.a(smp_common.o)
 i.smp_get_CSRK
                0x1004d188       0x1e ./assembly\libbluenrg1_stack.a(smp_common.o)
                0x1004d188                smp_get_CSRK
 *fill*         0x1004d1a6        0x2 
 i.smp_get_local_identity_address
                0x1004d1a8       0x3c ./assembly\libbluenrg1_stack.a(smp_common.o)
                0x1004d1a8                smp_get_local_identity_address
 i.smp_keys_distribution_start
                0x1004d1e4       0x38 ./assembly\libbluenrg1_stack.a(smp_common.o)
                0x1004d1e4                smp_keys_distribution_start
 i.smp_keys_receiving
                0x1004d21c       0xd6 ./assembly\libbluenrg1_stack.a(smp_common.o)
                0x1004d21c                smp_keys_receiving
 *fill*         0x1004d2f2        0x2 
 i.smp_oob_check_is_remote_data_present
                0x1004d2f4       0x3c ./assembly\libbluenrg1_stack.a(smp_common.o)
                0x1004d2f4                smp_oob_check_is_remote_data_present
 i.smp_pairing_2octets_packet_send
                0x1004d330       0x34 ./assembly\libbluenrg1_stack.a(smp_common.o)
                0x1004d330                smp_pairing_2octets_packet_send
 i.smp_pairing_completed
                0x1004d364       0x78 ./assembly\libbluenrg1_stack.a(smp_common.o)
                0x1004d364                smp_pairing_completed
 i.smp_pairing_failed_receive
                0x1004d3dc       0x10 ./assembly\libbluenrg1_stack.a(smp_common.o)
                0x1004d3dc                smp_pairing_failed_receive
 i.smp_pairing_failed_send
                0x1004d3ec       0x2a ./assembly\libbluenrg1_stack.a(smp_common.o)
                0x1004d3ec                smp_pairing_failed_send
 *fill*         0x1004d416        0x2 
 i.smp_pairing_process_abort
                0x1004d418       0x64 ./assembly\libbluenrg1_stack.a(smp_common.o)
 i.smp_repeated_attacks_protection
                0x1004d47c       0xf0 ./assembly\libbluenrg1_stack.a(smp_common.o)
                0x1004d47c                smp_repeated_attacks_protection
 i.smp_update_statistics_on_pairing_complete
                0x1004d56c       0x38 ./assembly\libbluenrg1_stack.a(smp_common.o)
 i.smp_sc_check_for_ecc_pk_generation_request_ucfg
                0x1004d5a4        0x2 ./assembly\libbluenrg1_stack.a(smp_scv42_caf.o)
                0x1004d5a4                smp_sc_check_for_ecc_pk_generation_request_ucfg
 i.smp_sc_continue_on_exclusive_sc_pairing_ucfg
                0x1004d5a6        0x4 ./assembly\libbluenrg1_stack.a(smp_scv42_caf.o)
                0x1004d5a6                smp_sc_continue_on_exclusive_sc_pairing_ucfg
 i.smp_sc_init_ucfg
                0x1004d5aa        0x2 ./assembly\libbluenrg1_stack.a(smp_scv42_caf.o)
                0x1004d5aa                smp_sc_init_ucfg
 i.smp_sc_is_another_sc_pairing_ongoing
                0x1004d5ac       0x40 ./assembly\libbluenrg1_stack.a(smp_scv42_caf.o)
                0x1004d5ac                smp_sc_is_another_sc_pairing_ongoing
 i.smp_sc_update_statistics_on_pairing_complete_ucfg
                0x1004d5ec        0x2 ./assembly\libbluenrg1_stack.a(smp_scv42_caf.o)
                0x1004d5ec                smp_sc_update_statistics_on_pairing_complete_ucfg
 i.SMP_sc_force_debug_key_usage
                0x1004d5ee       0x22 ./assembly\libbluenrg1_stack.a(smp_scv42_sap.o)
                0x1004d5ee                SMP_sc_force_debug_key_usage
 i.secure_connections_csr_ucfg
                0x1004d610        0x4 ./assembly\libbluenrg1_stack.a(smp_scv42_sap.o)
                0x1004d610                secure_connections_csr_ucfg
 i.smp_sc_hci_le_generate_dhkey_complete_evt_hndl_ucfg
                0x1004d614        0x2 ./assembly\libbluenrg1_stack.a(smp_scv42_sap.o)
                0x1004d614                smp_sc_hci_le_generate_dhkey_complete_evt_hndl_ucfg
 i.smp_sc_hci_le_read_local_p256_public_key_complete_evt_hndl_ucfg
                0x1004d616        0x2 ./assembly\libbluenrg1_stack.a(smp_scv42_sap.o)
                0x1004d616                smp_sc_hci_le_read_local_p256_public_key_complete_evt_hndl_ucfg
 i.Delay_With_NOP_Cycles
                0x1004d618        0xe ./assembly\libbluenrg1_stack.a(utils.o)
                0x1004d618                Delay_With_NOP_Cycles
 i.is_Buffer_All_Set_To
                0x1004d626       0x1e ./assembly\libbluenrg1_stack.a(utils.o)
                0x1004d626                is_Buffer_All_Set_To
 i.Events_Process_Q
                0x1004d644      0x10c ./assembly\libbluenrg1_stack.a(aci_events.o)
                0x1004d644                Events_Process_Q
 i.Events_Process_init
                0x1004d750       0x4c ./assembly\libbluenrg1_stack.a(aci_events.o)
                0x1004d750                Events_Process_init
 i.aci_att_exchange_mtu_resp_event
                0x1004d79c        0x2 ./assembly\libbluenrg1_stack.a(aci_events.o)
                0x1004d79c                aci_att_exchange_mtu_resp_event
 i.aci_att_exec_write_resp_event
                0x1004d79e        0x2 ./assembly\libbluenrg1_stack.a(aci_events.o)
                0x1004d79e                aci_att_exec_write_resp_event
 i.aci_att_find_by_type_value_resp_event
                0x1004d7a0        0x2 ./assembly\libbluenrg1_stack.a(aci_events.o)
                0x1004d7a0                aci_att_find_by_type_value_resp_event
 i.aci_att_find_info_resp_event
                0x1004d7a2        0x2 ./assembly\libbluenrg1_stack.a(aci_events.o)
                0x1004d7a2                aci_att_find_info_resp_event
 i.aci_att_prepare_write_resp_event
                0x1004d7a4        0x2 ./assembly\libbluenrg1_stack.a(aci_events.o)
                0x1004d7a4                aci_att_prepare_write_resp_event
 i.aci_att_read_blob_resp_event
                0x1004d7a6        0x2 ./assembly\libbluenrg1_stack.a(aci_events.o)
                0x1004d7a6                aci_att_read_blob_resp_event
 i.aci_att_read_by_group_type_resp_event
                0x1004d7a8        0x2 ./assembly\libbluenrg1_stack.a(aci_events.o)
                0x1004d7a8                aci_att_read_by_group_type_resp_event
 i.aci_att_read_by_type_resp_event
                0x1004d7aa        0x2 ./assembly\libbluenrg1_stack.a(aci_events.o)
                0x1004d7aa                aci_att_read_by_type_resp_event
 i.aci_att_read_multiple_resp_event
                0x1004d7ac        0x2 ./assembly\libbluenrg1_stack.a(aci_events.o)
                0x1004d7ac                aci_att_read_multiple_resp_event
 i.aci_att_read_resp_event
                0x1004d7ae        0x2 ./assembly\libbluenrg1_stack.a(aci_events.o)
                0x1004d7ae                aci_att_read_resp_event
 i.aci_att_write_resp_event
                0x1004d7b0        0x2 ./assembly\libbluenrg1_stack.a(aci_events.o)
                0x1004d7b0                aci_att_write_resp_event
 *fill*         0x1004d7b2        0x2 
 i.aci_event_fifo_push
                0x1004d7b4       0x28 ./assembly\libbluenrg1_stack.a(aci_events.o)
                0x1004d7b4                aci_event_fifo_push
 i.aci_event_fifo_push_header
                0x1004d7dc       0xbc ./assembly\libbluenrg1_stack.a(aci_events.o)
                0x1004d7dc                aci_event_fifo_push_header
 i.aci_gap_addr_not_resolved_event
                0x1004d898        0x2 ./assembly\libbluenrg1_stack.a(aci_events.o)
                0x1004d898                aci_gap_addr_not_resolved_event
 i.aci_gap_authorization_req_event
                0x1004d89a        0x2 ./assembly\libbluenrg1_stack.a(aci_events.o)
                0x1004d89a                aci_gap_authorization_req_event
 i.aci_gap_bond_lost_event
                0x1004d89c        0x2 ./assembly\libbluenrg1_stack.a(aci_events.o)
                0x1004d89c                aci_gap_bond_lost_event
 i.aci_gap_device_found_event
                0x1004d89e        0x2 ./assembly\libbluenrg1_stack.a(aci_events.o)