Archive member included to satisfy reference by file (symbol)

c:/program files (x86)/gnu tools arm embedded/6 2017-q2-update/bin/../lib/gcc/arm-none-eabi/6.3.1/../../../../arm-none-eabi/lib/thumb/v6-m\libc_nano.a(lib_a-impure.o)
                              obj/SDK_EVAL_Com.o (_impure_ptr)
c:/program files (x86)/gnu tools arm embedded/6 2017-q2-update/bin/../lib/gcc/arm-none-eabi/6.3.1/../../../../arm-none-eabi/lib/thumb/v6-m\libc_nano.a(lib_a-memcmp.o)
                              obj/osal.o (memcmp)
c:/program files (x86)/gnu tools arm embedded/6 2017-q2-update/bin/../lib/gcc/arm-none-eabi/6.3.1/../../../../arm-none-eabi/lib/thumb/v6-m\libc_nano.a(lib_a-memcpy-stub.o)
                              obj/BlueNRG1_timer.o (memcpy)
c:/program files (x86)/gnu tools arm embedded/6 2017-q2-update/bin/../lib/gcc/arm-none-eabi/6.3.1/../../../../arm-none-eabi/lib/thumb/v6-m\libc_nano.a(lib_a-memmove.o)
                              obj/eabi.o (memmove)
c:/program files (x86)/gnu tools arm embedded/6 2017-q2-update/bin/../lib/gcc/arm-none-eabi/6.3.1/../../../../arm-none-eabi/lib/thumb/v6-m\libc_nano.a(lib_a-memset.o)
                              obj/osal.o (memset)
c:/program files (x86)/gnu tools arm embedded/6 2017-q2-update/bin/../lib/gcc/arm-none-eabi/6.3.1/../../../../arm-none-eabi/lib/thumb/v6-m\libc_nano.a(lib_a-printf.o)
                              obj/BLE_Beacon_main.o (printf)
c:/program files (x86)/gnu tools arm embedded/6 2017-q2-update/bin/../lib/gcc/arm-none-eabi/6.3.1/../../../../arm-none-eabi/lib/thumb/v6-m\libc_nano.a(lib_a-puts.o)
                              obj/BLE_Beacon_main.o (puts)
c:/program files (x86)/gnu tools arm embedded/6 2017-q2-update/bin/../lib/gcc/arm-none-eabi/6.3.1/../../../../arm-none-eabi/lib/thumb/v6-m\libc_nano.a(lib_a-reent.o)
                              obj/SDK_EVAL_Com.o (errno)
c:/program files (x86)/gnu tools arm embedded/6 2017-q2-update/bin/../lib/gcc/arm-none-eabi/6.3.1/../../../../arm-none-eabi/lib/thumb/v6-m\libc_nano.a(lib_a-setvbuf.o)
                              obj/SDK_EVAL_Com.o (setvbuf)
c:/program files (x86)/gnu tools arm embedded/6 2017-q2-update/bin/../lib/gcc/arm-none-eabi/6.3.1/../../../../arm-none-eabi/lib/thumb/v6-m\libc_nano.a(lib_a-wbuf.o)
                              c:/program files (x86)/gnu tools arm embedded/6 2017-q2-update/bin/../lib/gcc/arm-none-eabi/6.3.1/../../../../arm-none-eabi/lib/thumb/v6-m\libc_nano.a(lib_a-puts.o) (__swbuf_r)
c:/program files (x86)/gnu tools arm embedded/6 2017-q2-update/bin/../lib/gcc/arm-none-eabi/6.3.1/../../../../arm-none-eabi/lib/thumb/v6-m\libc_nano.a(lib_a-wsetup.o)
                              c:/program files (x86)/gnu tools arm embedded/6 2017-q2-update/bin/../lib/gcc/arm-none-eabi/6.3.1/../../../../arm-none-eabi/lib/thumb/v6-m\libc_nano.a(lib_a-puts.o) (__swsetup_r)
c:/program files (x86)/gnu tools arm embedded/6 2017-q2-update/bin/../lib/gcc/arm-none-eabi/6.3.1/../../../../arm-none-eabi/lib/thumb/v6-m\libc_nano.a(lib_a-fflush.o)
                              c:/program files (x86)/gnu tools arm embedded/6 2017-q2-update/bin/../lib/gcc/arm-none-eabi/6.3.1/../../../../arm-none-eabi/lib/thumb/v6-m\libc_nano.a(lib_a-setvbuf.o) (_fflush_r)
c:/program files (x86)/gnu tools arm embedded/6 2017-q2-update/bin/../lib/gcc/arm-none-eabi/6.3.1/../../../../arm-none-eabi/lib/thumb/v6-m\libc_nano.a(lib_a-findfp.o)
                              c:/program files (x86)/gnu tools arm embedded/6 2017-q2-update/bin/../lib/gcc/arm-none-eabi/6.3.1/../../../../arm-none-eabi/lib/thumb/v6-m\libc_nano.a(lib_a-printf.o) (__sinit)
c:/program files (x86)/gnu tools arm embedded/6 2017-q2-update/bin/../lib/gcc/arm-none-eabi/6.3.1/../../../../arm-none-eabi/lib/thumb/v6-m\libc_nano.a(lib_a-fwalk.o)
                              c:/program files (x86)/gnu tools arm embedded/6 2017-q2-update/bin/../lib/gcc/arm-none-eabi/6.3.1/../../../../arm-none-eabi/lib/thumb/v6-m\libc_nano.a(lib_a-findfp.o) (_fwalk)
c:/program files (x86)/gnu tools arm embedded/6 2017-q2-update/bin/../lib/gcc/arm-none-eabi/6.3.1/../../../../arm-none-eabi/lib/thumb/v6-m\libc_nano.a(lib_a-makebuf.o)
                              c:/program files (x86)/gnu tools arm embedded/6 2017-q2-update/bin/../lib/gcc/arm-none-eabi/6.3.1/../../../../arm-none-eabi/lib/thumb/v6-m\libc_nano.a(lib_a-setvbuf.o) (__swhatbuf_r)
c:/program files (x86)/gnu tools arm embedded/6 2017-q2-update/bin/../lib/gcc/arm-none-eabi/6.3.1/../../../../arm-none-eabi/lib/thumb/v6-m\libc_nano.a(lib_a-malloc.o)
                              c:/program files (x86)/gnu tools arm embedded/6 2017-q2-update/bin/../lib/gcc/arm-none-eabi/6.3.1/../../../../arm-none-eabi/lib/thumb/v6-m\libc_nano.a(lib_a-setvbuf.o) (malloc)
c:/program files (x86)/gnu tools arm embedded/6 2017-q2-update/bin/../lib/gcc/arm-none-eabi/6.3.1/../../../../arm-none-eabi/lib/thumb/v6-m\libc_nano.a(lib_a-nano-freer.o)
[...]
Memory Configuration

Name             Origin             Length             Attributes
REGION_RAM       0x20000000         0x00006000         xrw
REGION_FLASH_BOOTLOADER 0x10040000         0x00000000         xr
REGION_FLASH     0x10040000         0x00027000         xr
REGION_NVM       0x10067000         0x00001000         xr
REGION_ROM       0x10000000         0x00000800         xr
*default*        0x00000000         0xffffffff

Linker script and memory map

LOAD obj/BLE_Beacon_main.o
LOAD obj/BlueNRG1_it.o
LOAD obj/BlueNRG1_adc.o
LOAD obj/BlueNRG1_dma.o
LOAD obj/BlueNRG1_flash.o
LOAD obj/BlueNRG1_gpio.o
LOAD obj/BlueNRG1_mft.o
LOAD obj/BlueNRG1_pka.o
LOAD obj/BlueNRG1_radio.o
LOAD obj/BlueNRG1_rng.o
LOAD obj/BlueNRG1_rtc.o
LOAD obj/BlueNRG1_sysCtrl.o
LOAD obj/BlueNRG1_timer.o
LOAD obj/BlueNRG1_uart.o
LOAD obj/BlueNRG1_wdg.o
LOAD obj/clock.o
LOAD obj/eabi.o
LOAD obj/misc.o
LOAD obj/miscutil.o
LOAD obj/osal.o
LOAD obj/SDK_EVAL_Button.o
LOAD obj/SDK_EVAL_Com.o
LOAD obj/SDK_EVAL_Config.o
LOAD obj/SDK_EVAL_Led.o
LOAD obj/sleep.o
LOAD obj/stack_user_cfg.o
LOAD obj/system_bluenrg1.o
LOAD precompiled/context_switch.o
LOAD precompiled/uread4.o
                0x00000080                malloc_getpagesize_P = 0x80
START GROUP
LOAD c:/program files (x86)/gnu tools arm embedded/6 2017-q2-update/bin/../lib/gcc/arm-none-eabi/6.3.1/../../../../arm-none-eabi/lib/thumb/v6-m\libc_nano.a
LOAD ./assembly\libm.a
END GROUP
LOAD ./assembly\libbluenrg1_stack.a
LOAD ./assembly\libcrypto.a
                0x20000000                _MEMORY_RAM_BEGIN_ = 0x20000000
                0x00006000                _MEMORY_RAM_SIZE_ = 0x6000
                0x20005fff                _MEMORY_RAM_END_ = 0x20005fff
                0x10040000                _MEMORY_FLASH_BEGIN_ = 0x10040000
                0x00028000                _MEMORY_FLASH_SIZE_ = 0x28000
                0x10067fff                _MEMORY_FLASH_END_ = 0x10067fff
                0x10000000                _MEMORY_ROM_BEGIN_ = 0x10000000
                0x00000800                _MEMORY_ROM_SIZE_ = 0x800
                0x100007ff                _MEMORY_ROM_END_ = 0x100007ff
                0x00001000                FLASH_NVM_DATASIZE = 0x1000
                0x00000000                MEMORY_FLASH_APP_OFFSET = DEFINED (MEMORY_FLASH_APP_OFFSET)?MEMORY_FLASH_APP_OFFSET:0x0
                0x00027000                MEMORY_FLASH_APP_SIZE = DEFINED (MEMORY_FLASH_APP_SIZE)?MEMORY_FLASH_APP_SIZE:((_MEMORY_FLASH_SIZE_ - FLASH_NVM_DATASIZE) - MEMORY_FLASH_APP_OFFSET)
                0x000002cc                MEMORY_RAM_APP_OFFSET = DEFINED (MEMORY_RAM_APP_OFFSET)?MEMORY_RAM_APP_OFFSET:0x2cc
                0x00000800                RESET_MANAGER_SIZE = DEFINED (RESET_MANAGER_SIZE)?RESET_MANAGER_SIZE:0x800
                [0x00027000]                MEMORY_FLASH_APP_SIZE = DEFINED (ST_OTA_HIGHER_APPLICATION)?(((((_MEMORY_FLASH_SIZE_ - RESET_MANAGER_SIZE) - FLASH_NVM_DATASIZE) / 0x2) / 0x800) * 0x800):MEMORY_FLASH_APP_SIZE
                [0x00000000]                MEMORY_FLASH_APP_OFFSET = DEFINED (ST_OTA_HIGHER_APPLICATION)?(RESET_MANAGER_SIZE + MEMORY_FLASH_APP_SIZE):MEMORY_FLASH_APP_OFFSET
                [0x00027000]                MEMORY_FLASH_APP_SIZE = DEFINED (ST_OTA_LOWER_APPLICATION)?(((((_MEMORY_FLASH_SIZE_ - RESET_MANAGER_SIZE) - FLASH_NVM_DATASIZE) / 0x2) / 0x800) * 0x800):MEMORY_FLASH_APP_SIZE
                [0x00000000]                MEMORY_FLASH_APP_OFFSET = DEFINED (ST_OTA_LOWER_APPLICATION)?RESET_MANAGER_SIZE:MEMORY_FLASH_APP_OFFSET
                0x00011000                SERVICE_MANAGER_SIZE = 0x11000
                [0x00027000]                MEMORY_FLASH_APP_SIZE = DEFINED (ST_USE_OTA_SERVICE_MANAGER_APPLICATION)?((_MEMORY_FLASH_SIZE_ - SERVICE_MANAGER_SIZE) - FLASH_NVM_DATASIZE):MEMORY_FLASH_APP_SIZE
                [0x00000000]                MEMORY_FLASH_APP_OFFSET = DEFINED (ST_USE_OTA_SERVICE_MANAGER_APPLICATION)?SERVICE_MANAGER_SIZE:MEMORY_FLASH_APP_OFFSET
                0x00000000                _Min_Heap_Size = 0x0
                0x00000c00                _Min_Stack_Size = 0xc00

.bootloader     0x10040000        0x0
                0x10040000                . = ALIGN (0x4)
 *(.bootloader)
                0x10040000                . = ALIGN (0x4)

.intvec         0x10040000       0xc0
                0x10040000                . = ALIGN (0x4)
 *(.intvec)
 .intvec        0x10040000       0xc0 obj/system_bluenrg1.o
                0x10040000                __vector_table
                0x100400c0                . = ALIGN (0x4)

.text           0x100400c0    0x114d0
                0x100400c0                . = ALIGN (0x4)
 *(.cmd_call_table)
 *(.text)
 .text          0x100400c0       0x9c precompiled/context_switch.o
                0x100400c0                CS_contextSave
                0x10040112                CS_contextRestore
 .text          0x1004015c       0x16 precompiled/uread4.o
                0x1004015c                __aeabi_uread4
 *fill*         0x10040172        0x2 
 .text          0x10040174      0x114 ./assembly\libgcc.a(_udivsi3.o)
                0x10040174                __aeabi_uidiv
                0x10040174                __udivsi3
                0x10040268                __aeabi_uidivmod
 .text          0x10040288        0x4 ./assembly\libgcc.a(_dvmd_tls.o)
                0x10040288                __aeabi_idiv0
                0x10040288                __aeabi_ldiv0
 *(.text*)
 .text.Start_Beaconing
                0x1004028c       0xa4 obj/BLE_Beacon_main.o
 .text.Device_Init
                0x10040330       0x70 obj/BLE_Beacon_main.o
                0x10040330                Device_Init
 .text.main     0x100403a0       0xbc obj/BLE_Beacon_main.o
                0x100403a0                main
 .text.hci_hardware_error_event
                0x1004045c       0x18 obj/BLE_Beacon_main.o
                0x1004045c                hci_hardware_error_event
 .text.App_SleepMode_Check
                0x10040474       0x1e obj/BLE_Beacon_main.o
                0x10040474                App_SleepMode_Check
 .text.NMI_Handler
                0x10040492        0x2 obj/BlueNRG1_it.o
                0x10040492                NMI_Handler
 .text.HardFault_Handler
                0x10040494        0x2 obj/BlueNRG1_it.o
                0x10040494                HardFault_Handler
 .text.SVC_Handler
                0x10040496        0x2 obj/BlueNRG1_it.o
                0x10040496                SVC_Handler
 .text.SysTick_Handler
                0x10040498        0x8 obj/BlueNRG1_it.o
                0x10040498                SysTick_Handler
 .text.GPIO_Handler
                0x100404a0        0x2 obj/BlueNRG1_it.o
                0x100404a0                GPIO_Handler
 .text.UART_Handler
                0x100404a2        0x2 obj/BlueNRG1_it.o
                0x100404a2                UART_Handler
 .text.Blue_Handler
                0x100404a4        0x8 obj/BlueNRG1_it.o
                0x100404a4                Blue_Handler
 .text.FLASH_WaitCmdDone
                0x100404ac       0x10 obj/BlueNRG1_flash.o
                0x100404ac                FLASH_WaitCmdDone
 .text.FLASH_ErasePage
                0x100404bc       0x30 obj/BlueNRG1_flash.o
                0x100404bc                FLASH_ErasePage
 .text.FLASH_ProgramWord
                0x100404ec       0x30 obj/BlueNRG1_flash.o
                0x100404ec                FLASH_ProgramWord
 .text.GPIO_Init
                0x1004051c       0xbe obj/BlueNRG1_gpio.o
                0x1004051c                GPIO_Init
 .text.GPIO_WriteBit
                0x100405da       0x14 obj/BlueNRG1_gpio.o
                0x100405da                GPIO_WriteBit
 .text.GPIO_ToggleBits
                0x100405ee        0xc obj/BlueNRG1_gpio.o
                0x100405ee                GPIO_ToggleBits
 .text.PKA_Reset
                0x100405fa       0x16 obj/BlueNRG1_pka.o
                0x100405fa                PKA_Reset
 .text.SysCtrl_PeripheralClockCmd
                0x10040610       0x1c obj/BlueNRG1_sysCtrl.o
                0x10040610                SysCtrl_PeripheralClockCmd
 .text.SysCtrl_GetWakeupResetReason
                0x1004062c       0xfc obj/BlueNRG1_sysCtrl.o
                0x1004062c                SysCtrl_GetWakeupResetReason
 .text.UART_Cmd
                0x10040728       0x20 obj/BlueNRG1_uart.o
                0x10040728                UART_Cmd
 .text.UART_Init
                0x10040748      0x134 obj/BlueNRG1_uart.o
                0x10040748                UART_Init
 .text.UART_SendData
                0x1004087c       0x10 obj/BlueNRG1_uart.o
                0x1004087c                UART_SendData
 .text.UART_GetFlagStatus
                0x1004088c       0x28 obj/BlueNRG1_uart.o
                0x1004088c                UART_GetFlagStatus
 .text.UART_RxFifoIrqLevelConfig
                0x100408b4       0x20 obj/BlueNRG1_uart.o
                0x100408b4                UART_RxFifoIrqLevelConfig
 .text.SysCount_Handler
                0x100408d4       0x10 obj/clock.o
                0x100408d4                SysCount_Handler
 .text.__aeabi_memmove4
                0x100408e4        0x8 obj/eabi.o
                0x100408e4                __aeabi_memmove4
 .text.SystemSleepCmd
                0x100408ec       0x20 obj/misc.o
                0x100408ec                SystemSleepCmd
 .text.HAL_GetPartInfo
                0x1004090c       0x68 obj/miscutil.o
                0x1004090c                HAL_GetPartInfo
 .text.BLEPLAT_get_part_info
                0x10040974       0x22 obj/miscutil.o
                0x10040974                BLEPLAT_get_part_info
 .text.Osal_MemCpy
                0x10040996        0x8 obj/osal.o
                0x10040996                Osal_MemCpy
 .text.Osal_MemSet
                0x1004099e        0x8 obj/osal.o
                0x1004099e                Osal_MemSet
 .text.Osal_MemCmp
                0x100409a6        0x8 obj/osal.o
                0x100409a6                Osal_MemCmp
 .text.SdkEvalUart_Send_Data
                0x100409ae       0x16 obj/SDK_EVAL_Com.o
 .text.SdkEvalComUartInit
                0x100409c4       0x5c obj/SDK_EVAL_Com.o
                0x100409c4                SdkEvalComUartInit
 .text.SdkEvalComIOSendData
                0x10040a20        0x8 obj/SDK_EVAL_Com.o
                0x10040a20                SdkEvalComIOSendData
 .text.SdkEvalComIOTxFifoNotEmpty
                0x10040a28       0x10 obj/SDK_EVAL_Com.o
                0x10040a28                SdkEvalComIOTxFifoNotEmpty
 .text.SdkEvalComUARTBusy
                0x10040a38       0x10 obj/SDK_EVAL_Com.o
                0x10040a38                SdkEvalComUARTBusy
 .text.Read_Buffer_Pop
                0x10040a48       0x40 obj/SDK_EVAL_Com.o
                0x10040a48                Read_Buffer_Pop
 .text._sbrk    0x10040a88       0x44 obj/SDK_EVAL_Com.o
                0x10040a88                _sbrk
 .text._close   0x10040acc        0x6 obj/SDK_EVAL_Com.o
                0x10040acc                _close
 .text._fstat   0x10040ad2        0xa obj/SDK_EVAL_Com.o
                0x10040ad2                _fstat
 .text._isatty  0x10040adc        0x4 obj/SDK_EVAL_Com.o
                0x10040adc                _isatty
 .text._lseek   0x10040ae0        0x4 obj/SDK_EVAL_Com.o
                0x10040ae0                _lseek
 .text._write   0x10040ae4       0x1a obj/SDK_EVAL_Com.o
                0x10040ae4                _write
 .text._read    0x10040afe       0x24 obj/SDK_EVAL_Com.o
                0x10040afe                _read
 .text.__aeabi_memcpy
                0x10040b22        0x8 obj/SDK_EVAL_Com.o
                0x10040b22                __aeabi_memcpy
 .text.__aeabi_memcpy4
                0x10040b2a        0x8 obj/SDK_EVAL_Com.o
                0x10040b2a                __aeabi_memcpy4
 .text.__aeabi_memclr4
                0x10040b32        0xc obj/SDK_EVAL_Com.o
                0x10040b32                __aeabi_memclr4
 *fill*         0x10040b3e        0x2 
 .text.SdkEvalIdentification
                0x10040b40        0xc obj/SDK_EVAL_Config.o
                0x10040b40                SdkEvalIdentification
 .text.frequency_switch
                0x10040b4c       0x60 obj/sleep.o
 .text.BlueNRG_InternalSleep
                0x10040bac      0x8ac obj/sleep.o
 .text.HAL_VTIMER_TimerSleepCheck
                0x10041458        0x4 obj/sleep.o
                0x10041458                HAL_VTIMER_TimerSleepCheck
 .text.BlueNRG_Sleep
                0x1004145c       0xac obj/sleep.o
                0x1004145c                BlueNRG_Sleep
 .text.PendSV_Handler
                0x10041508        0x2 obj/system_bluenrg1.o
                0x10041508                PendSV_Handler
 .text.NVM_Handler
                0x1004150a        0x2 obj/system_bluenrg1.o
                0x1004150a                NVM_Handler
 .text.SPI_Handler
                0x1004150c        0x2 obj/system_bluenrg1.o
                0x1004150c                SPI_Handler
 .text.MFT1A_Handler
                0x1004150e        0x2 obj/system_bluenrg1.o
                0x1004150e                MFT1A_Handler
 .text.MFT1B_Handler
                0x10041510        0x2 obj/system_bluenrg1.o
                0x10041510                MFT1B_Handler
 .text.MFT2A_Handler
                0x10041512        0x2 obj/system_bluenrg1.o
                0x10041512                MFT2A_Handler
 .text.MFT2B_Handler
                0x10041514        0x2 obj/system_bluenrg1.o
                0x10041514                MFT2B_Handler
 .text.RTC_Handler
                0x10041516        0x2 obj/system_bluenrg1.o
                0x10041516                RTC_Handler
 .text.WDG_Handler
                0x10041518        0x2 obj/system_bluenrg1.o
                0x10041518                WDG_Handler
 .text.ADC_Handler
                0x1004151a        0x2 obj/system_bluenrg1.o
                0x1004151a                ADC_Handler
 .text.I2C2_Handler
                0x1004151c        0x2 obj/system_bluenrg1.o
                0x1004151c                I2C2_Handler
 .text.I2C1_Handler
                0x1004151e        0x2 obj/system_bluenrg1.o
                0x1004151e                I2C1_Handler
 .text.DMA_Handler
                0x10041520        0x2 obj/system_bluenrg1.o
                0x10041520                DMA_Handler
 .text.PKA_Handler
                0x10041522        0x2 obj/system_bluenrg1.o
                0x10041522                PKA_Handler
 .text.Wait_LS_Stabilization
                0x10041524       0x90 obj/system_bluenrg1.o
                0x10041524                Wait_LS_Stabilization
 .text.Set_RF_FrontEnd
                0x100415b4       0x58 obj/system_bluenrg1.o
                0x100415b4                Set_RF_FrontEnd
 .text.BOR_ConfigSave
                0x1004160c       0x50 obj/system_bluenrg1.o
                0x1004160c                BOR_ConfigSave
 .text.SET_BORconfigStatus
                0x1004165c       0x54 obj/system_bluenrg1.o
                0x1004165c                SET_BORconfigStatus
 .text.__low_level_init
                0x100416b0       0xd0 obj/system_bluenrg1.o
                0x100416b0                __low_level_init
 .text.RESET_HANDLER
                0x10041780       0x8c obj/system_bluenrg1.o
                0x10041780                RESET_HANDLER
 .text.DeviceConfiguration
                0x1004180c      0x170 obj/system_bluenrg1.o
                0x1004180c                DeviceConfiguration
 .text.SystemInit
                0x1004197c      0x138 obj/system_bluenrg1.o
                0x1004197c                SystemInit
 .text.memcmp   0x10041ab4       0x1e c:/program files (x86)/gnu tools arm embedded/6 2017-q2-update/bin/../lib/gcc/arm-none-eabi/6.3.1/../../../../arm-none-eabi/lib/thumb/v6-m\libc_nano.a(lib_a-memcmp.o)
                0x10041ab4                memcmp
 .text.memcpy   0x10041ad2       0x12 c:/program files (x86)/gnu tools arm embedded/6 2017-q2-update/bin/../lib/gcc/arm-none-eabi/6.3.1/../../../../arm-none-eabi/lib/thumb/v6-m\libc_nano.a(lib_a-memcpy-stub.o)
                0x10041ad2                memcpy
 .text.memmove  0x10041ae4       0x24 c:/program files (x86)/gnu tools arm embedded/6 2017-q2-update/bin/../lib/gcc/arm-none-eabi/6.3.1/../../../../arm-none-eabi/lib/thumb/v6-m\libc_nano.a(lib_a-memmove.o)
                0x10041ae4                memmove
 .text.memset   0x10041b08       0x10 c:/program files (x86)/gnu tools arm embedded/6 2017-q2-update/bin/../lib/gcc/arm-none-eabi/6.3.1/../../../../arm-none-eabi/lib/thumb/v6-m\libc_nano.a(lib_a-memset.o)
                0x10041b08                memset
 .text.printf   0x10041b18       0x34 c:/program files (x86)/gnu tools arm embedded/6 2017-q2-update/bin/../lib/gcc/arm-none-eabi/6.3.1/../../../../arm-none-eabi/lib/thumb/v6-m\libc_nano.a(lib_a-printf.o)
                0x10041b18                iprintf
                0x10041b18                printf
 .text._puts_r  0x10041b4c       0xc0 c:/program files (x86)/gnu tools arm embedded/6 2017-q2-update/bin/../lib/gcc/arm-none-eabi/6.3.1/../../../../arm-none-eabi/lib/thumb/v6-m\libc_nano.a(lib_a-puts.o)
                0x10041b4c                _puts_r
 .text.puts     0x10041c0c       0x14 c:/program files (x86)/gnu tools arm embedded/6 2017-q2-update/bin/../lib/gcc/arm-none-eabi/6.3.1/../../../../arm-none-eabi/lib/thumb/v6-m\libc_nano.a(lib_a-puts.o)
                0x10041c0c                puts
 .text.__swbuf_r
                0x10041c20       0xac c:/program files (x86)/gnu tools arm embedded/6 2017-q2-update/bin/../lib/gcc/arm-none-eabi/6.3.1/../../../../arm-none-eabi/lib/thumb/v6-m\libc_nano.a(lib_a-wbuf.o)
                0x10041c20                __swbuf_r
 .text.__swsetup_r
                0x10041ccc       0xec c:/program files (x86)/gnu tools arm embedded/6 2017-q2-update/bin/../lib/gcc/arm-none-eabi/6.3.1/../../../../arm-none-eabi/lib/thumb/v6-m\libc_nano.a(lib_a-wsetup.o)
                0x10041ccc                __swsetup_r
 .text.__sflush_r
                0x10041db8      0x114 c:/program files (x86)/gnu tools arm embedded/6 2017-q2-update/bin/../lib/gcc/arm-none-eabi/6.3.1/../../../../arm-none-eabi/lib/thumb/v6-m\libc_nano.a(lib_a-fflush.o)
                0x10041db8                __sflush_r
 .text._fflush_r
                0x10041ecc       0x58 c:/program files (x86)/gnu tools arm embedded/6 2017-q2-update/bin/../lib/gcc/arm-none-eabi/6.3.1/../../../../arm-none-eabi/lib/thumb/v6-m\libc_nano.a(lib_a-fflush.o)
                0x10041ecc                _fflush_r
 .text._cleanup_r
                0x10041f24       0x10 c:/program files (x86)/gnu tools arm embedded/6 2017-q2-update/bin/../lib/gcc/arm-none-eabi/6.3.1/../../../../arm-none-eabi/lib/thumb/v6-m\libc_nano.a(lib_a-findfp.o)
                0x10041f24                _cleanup_r
 .text.std.isra.0
                0x10041f34       0x48 c:/program files (x86)/gnu tools arm embedded/6 2017-q2-update/bin/../lib/gcc/arm-none-eabi/6.3.1/../../../../arm-none-eabi/lib/thumb/v6-m\libc_nano.a(lib_a-findfp.o)
 .text.__sfmoreglue
                0x10041f7c       0x2c c:/program files (x86)/gnu tools arm embedded/6 2017-q2-update/bin/../lib/gcc/arm-none-eabi/6.3.1/../../../../arm-none-eabi/lib/thumb/v6-m\libc_nano.a(lib_a-findfp.o)
                0x10041f7c                __sfmoreglue
 .text.__sinit  0x10041fa8       0x68 c:/program files (x86)/gnu tools arm embedded/6 2017-q2-update/bin/../lib/gcc/arm-none-eabi/6.3.1/../../../../arm-none-eabi/lib/thumb/v6-m\libc_nano.a(lib_a-findfp.o)
                0x10041fa8                __sinit
 .text.__sfp    0x10042010       0x80 c:/program files (x86)/gnu tools arm embedded/6 2017-q2-update/bin/../lib/gcc/arm-none-eabi/6.3.1/../../../../arm-none-eabi/lib/thumb/v6-m\libc_nano.a(lib_a-findfp.o)
                0x10042010                __sfp
 .text._fwalk_reent
                0x10042090       0x42 c:/program files (x86)/gnu tools arm embedded/6 2017-q2-update/bin/../lib/gcc/arm-none-eabi/6.3.1/../../../../arm-none-eabi/lib/thumb/v6-m\libc_nano.a(lib_a-fwalk.o)
                0x10042090                _fwalk_reent
 *fill*         0x100420d2        0x2 
 .text.__swhatbuf_r
                0x100420d4       0x50 c:/program files (x86)/gnu tools arm embedded/6 2017-q2-update/bin/../lib/gcc/arm-none-eabi/6.3.1/../../../../arm-none-eabi/lib/thumb/v6-m\libc_nano.a(lib_a-makebuf.o)
                0x100420d4                __swhatbuf_r
 .text.__smakebuf_r
                0x10042124       0x88 c:/program files (x86)/gnu tools arm embedded/6 2017-q2-update/bin/../lib/gcc/arm-none-eabi/6.3.1/../../../../arm-none-eabi/lib/thumb/v6-m\libc_nano.a(lib_a-makebuf.o)
                0x10042124                __smakebuf_r
 .text._free_r  0x100421ac       0x94 c:/program files (x86)/gnu tools arm embedded/6 2017-q2-update/bin/../lib/gcc/arm-none-eabi/6.3.1/../../../../arm-none-eabi/lib/thumb/v6-m\libc_nano.a(lib_a-nano-freer.o)
                0x100421ac                _free_r
 .text._malloc_r
                0x10042240       0xbc c:/program files (x86)/gnu tools arm embedded/6 2017-q2-update/bin/../lib/gcc/arm-none-eabi/6.3.1/../../../../arm-none-eabi/lib/thumb/v6-m\libc_nano.a(lib_a-nano-mallocr.o)
                0x10042240                _malloc_r
 .text.__sfputc_r
                0x100422fc       0x2a c:/program files (x86)/gnu tools arm embedded/6 2017-q2-update/bin/../lib/gcc/arm-none-eabi/6.3.1/../../../../arm-none-eabi/lib/thumb/v6-m\libc_nano.a(lib_a-nano-vfprintf.o)
 .text.__sfputs_r
                0x10042326       0x24 c:/program files (x86)/gnu tools arm embedded/6 2017-q2-update/bin/../lib/gcc/arm-none-eabi/6.3.1/../../../../arm-none-eabi/lib/thumb/v6-m\libc_nano.a(lib_a-nano-vfprintf.o)
                0x10042326                __sfputs_r
 *fill*         0x1004234a        0x2 
 .text._vfprintf_r
                0x1004234c      0x238 c:/program files (x86)/gnu tools arm embedded/6 2017-q2-update/bin/../lib/gcc/arm-none-eabi/6.3.1/../../../../arm-none-eabi/lib/thumb/v6-m\libc_nano.a(lib_a-nano-vfprintf.o)
                0x1004234c                _vfprintf_r
                0x1004234c                _vfiprintf_r
 .text._printf_common
                0x10042584       0xda c:/program files (x86)/gnu tools arm embedded/6 2017-q2-update/bin/../lib/gcc/arm-none-eabi/6.3.1/../../../../arm-none-eabi/lib/thumb/v6-m\libc_nano.a(lib_a-nano-vfprintf_i.o)
                0x10042584                _printf_common
 *fill*         0x1004265e        0x2 
 .text._printf_i
                0x10042660      0x234 c:/program files (x86)/gnu tools arm embedded/6 2017-q2-update/bin/../lib/gcc/arm-none-eabi/6.3.1/../../../../arm-none-eabi/lib/thumb/v6-m\libc_nano.a(lib_a-nano-vfprintf_i.o)
                0x10042660                _printf_i
 .text._sbrk_r  0x10042894       0x24 c:/program files (x86)/gnu tools arm embedded/6 2017-q2-update/bin/../lib/gcc/arm-none-eabi/6.3.1/../../../../arm-none-eabi/lib/thumb/v6-m\libc_nano.a(lib_a-sbrkr.o)
                0x10042894                _sbrk_r
 .text.__sread  0x100428b8       0x28 c:/program files (x86)/gnu tools arm embedded/6 2017-q2-update/bin/../lib/gcc/arm-none-eabi/6.3.1/../../../../arm-none-eabi/lib/thumb/v6-m\libc_nano.a(lib_a-stdio.o)
                0x100428b8                __sread
 .text.__swrite
                0x100428e0       0x38 c:/program files (x86)/gnu tools arm embedded/6 2017-q2-update/bin/../lib/gcc/arm-none-eabi/6.3.1/../../../../arm-none-eabi/lib/thumb/v6-m\libc_nano.a(lib_a-stdio.o)
                0x100428e0                __swrite
 .text.__sseek  0x10042918       0x2c c:/program files (x86)/gnu tools arm embedded/6 2017-q2-update/bin/../lib/gcc/arm-none-eabi/6.3.1/../../../../arm-none-eabi/lib/thumb/v6-m\libc_nano.a(lib_a-stdio.o)
                0x10042918                __sseek
 .text.__sclose
                0x10042944        0xc c:/program files (x86)/gnu tools arm embedded/6 2017-q2-update/bin/../lib/gcc/arm-none-eabi/6.3.1/../../../../arm-none-eabi/lib/thumb/v6-m\libc_nano.a(lib_a-stdio.o)
                0x10042944                __sclose
 .text._write_r
                0x10042950       0x28 c:/program files (x86)/gnu tools arm embedded/6 2017-q2-update/bin/../lib/gcc/arm-none-eabi/6.3.1/../../../../arm-none-eabi/lib/thumb/v6-m\libc_nano.a(lib_a-writer.o)
                0x10042950                _write_r
 .text._close_r
                0x10042978       0x24 c:/program files (x86)/gnu tools arm embedded/6 2017-q2-update/bin/../lib/gcc/arm-none-eabi/6.3.1/../../../../arm-none-eabi/lib/thumb/v6-m\libc_nano.a(lib_a-closer.o)
                0x10042978                _close_r
 .text._fstat_r
                0x1004299c       0x24 c:/program files (x86)/gnu tools arm embedded/6 2017-q2-update/bin/../lib/gcc/arm-none-eabi/6.3.1/../../../../arm-none-eabi/lib/thumb/v6-m\libc_nano.a(lib_a-fstatr.o)
                0x1004299c                _fstat_r
 .text._isatty_r
                0x100429c0       0x24 c:/program files (x86)/gnu tools arm embedded/6 2017-q2-update/bin/../lib/gcc/arm-none-eabi/6.3.1/../../../../arm-none-eabi/lib/thumb/v6-m\libc_nano.a(lib_a-isattyr.o)
                0x100429c0                _isatty_r
 .text._lseek_r
                0x100429e4       0x28 c:/program files (x86)/gnu tools arm embedded/6 2017-q2-update/bin/../lib/gcc/arm-none-eabi/6.3.1/../../../../arm-none-eabi/lib/thumb/v6-m\libc_nano.a(lib_a-lseekr.o)
                0x100429e4                _lseek_r
 .text.memchr   0x10042a0c       0x16 c:/program files (x86)/gnu tools arm embedded/6 2017-q2-update/bin/../lib/gcc/arm-none-eabi/6.3.1/../../../../arm-none-eabi/lib/thumb/v6-m\libc_nano.a(lib_a-memchr-stub.o)
                0x10042a0c                memchr
 .text.__malloc_lock
                0x10042a22        0x2 c:/program files (x86)/gnu tools arm embedded/6 2017-q2-update/bin/../lib/gcc/arm-none-eabi/6.3.1/../../../../arm-none-eabi/lib/thumb/v6-m\libc_nano.a(lib_a-mlock.o)
                0x10042a22                __malloc_lock
 .text.__malloc_unlock
                0x10042a24        0x2 c:/program files (x86)/gnu tools arm embedded/6 2017-q2-update/bin/../lib/gcc/arm-none-eabi/6.3.1/../../../../arm-none-eabi/lib/thumb/v6-m\libc_nano.a(lib_a-mlock.o)
                0x10042a24                __malloc_unlock
 *fill*         0x10042a26        0x2 
 .text._read_r  0x10042a28       0x28 c:/program files (x86)/gnu tools arm embedded/6 2017-q2-update/bin/../lib/gcc/arm-none-eabi/6.3.1/../../../../arm-none-eabi/lib/thumb/v6-m\libc_nano.a(lib_a-readr.o)
                0x10042a28                _read_r
 *(i.*)
 i._aci_gap_set_discoverable_param_check
                0x10042a50       0x5c ./assembly\libbluenrg1_stack.a(bluenrg_gap_aci.o)
 i.aci_gap_init
                0x10042aac       0x30 ./assembly\libbluenrg1_stack.a(bluenrg_gap_aci.o)
                0x10042aac                aci_gap_init
 i.aci_gap_set_discoverable
                0x10042adc       0x42 ./assembly\libbluenrg1_stack.a(bluenrg_gap_aci.o)
                0x10042adc                aci_gap_set_discoverable
 i.aci_gatt_init
                0x10042b1e        0x8 ./assembly\libbluenrg1_stack.a(bluenrg_gatt_aci.o)
                0x10042b1e                aci_gatt_init
 i.aci_hal_set_tx_power_level
                0x10042b26        0x8 ./assembly\libbluenrg1_stack.a(bluenrg_hal_aci.o)
                0x10042b26                aci_hal_set_tx_power_level
 i.aci_hal_write_config_data
                0x10042b2e        0x8 ./assembly\libbluenrg1_stack.a(bluenrg_hal_aci.o)
                0x10042b2e                aci_hal_write_config_data
 *fill*         0x10042b36        0x2 
 i.BTLE_StackTick
                0x10042b38       0x84 ./assembly\libbluenrg1_stack.a(bluenrg_main_func.o)
                0x10042b38                BTLE_StackTick
 i.BlueNRG_Stack_Initialization
                0x10042bbc       0x44 ./assembly\libbluenrg1_stack.a(bluenrg_main_func.o)
                0x10042bbc                BlueNRG_Stack_Initialization
 i.BlueNRG_Stack_Initialize_ConfigData
                0x10042c00       0x64 ./assembly\libbluenrg1_stack.a(bluenrg_main_func.o)
 i.BlueNRG_Stack_Initialize_Layers
                0x10042c64       0x84 ./assembly\libbluenrg1_stack.a(bluenrg_main_func.o)
 i.BlueNRG_Stack_Initialize_RAM_check
                0x10042ce8       0x7c ./assembly\libbluenrg1_stack.a(bluenrg_main_func.o)
 i.BlueNRG_Stack_Perform_Crystal_Check
                0x10042d64       0xc4 ./assembly\libbluenrg1_stack.a(bluenrg_main_func.o)
 i.BlueNRG_Start_Crystal_Measurement
                0x10042e28       0x1c ./assembly\libbluenrg1_stack.a(bluenrg_main_func.o)
 i._BlueNRG_Stack_Initialization
                0x10042e44       0xe8 ./assembly\libbluenrg1_stack.a(bluenrg_main_func.o)
                0x10042e44                _BlueNRG_Stack_Initialization
 i.GAP_Connection_Complete_Handler
                0x10042f2c       0x68 ./assembly\libbluenrg1_stack.a(gap.o)
                0x10042f2c                GAP_Connection_Complete_Handler
 i.GAP_DiscProcTimeoutcb_ucfg
                0x10042f94        0x2 ./assembly\libbluenrg1_stack.a(gap.o)
                0x10042f94                GAP_DiscProcTimeoutcb_ucfg
 *fill*         0x10042f96        0x2 
 i.GAP_Init     0x10042f98      0x1fc ./assembly\libbluenrg1_stack.a(gap.o)
                0x10042f98                GAP_Init
 i.GAP_Init_Context
                0x10043194       0x14 ./assembly\libbluenrg1_stack.a(gap.o)
                0x10043194                GAP_Init_Context
 i.GAP_LL_Event_Handler_ISR
                0x100431a8       0x68 ./assembly\libbluenrg1_stack.a(gap.o)
                0x100431a8                GAP_LL_Event_Handler_ISR
 i.GAP_LimDiscTimeoutcb
                0x10043210       0x2c ./assembly\libbluenrg1_stack.a(gap.o)
                0x10043210                GAP_LimDiscTimeoutcb
 i.GAP_Process_Q
                0x1004323c       0x40 ./assembly\libbluenrg1_stack.a(gap.o)
                0x1004323c                GAP_Process_Q
 i.GAP_Set_Discoverable_Mode
                0x1004327c       0x38 ./assembly\libbluenrg1_stack.a(gap.o)
                0x1004327c                GAP_Set_Discoverable_Mode
 i.GAP_check_and_set_role_ucfg
                0x100432b4       0x1c ./assembly\libbluenrg1_stack.a(gap.o)
                0x100432b4                GAP_check_and_set_role_ucfg
 i.GAP_discover_peer_name_ucfg
                0x100432d0        0x2 ./assembly\libbluenrg1_stack.a(gap.o)
                0x100432d0                GAP_discover_peer_name_ucfg
 i.GAP_enable_controller_privacy_ucfg
                0x100432d2        0x4 ./assembly\libbluenrg1_stack.a(gap.o)
                0x100432d2                GAP_enable_controller_privacy_ucfg
 *fill*         0x100432d6        0x2 
 i._GAP_Parse_Advertising_Report
                0x100432d8       0x64 ./assembly\libbluenrg1_stack.a(gap.o)
 i._gap_set_discoverable_connectable
                0x1004333c      0x174 ./assembly\libbluenrg1_stack.a(gap.o)
                0x1004333c                _gap_set_discoverable_connectable
 i.aci_gap_limited_discoverable_event_push
                0x100434b0       0x50 ./assembly\libbluenrg1_stack.a(gap.o)
 i.aci_gap_proc_complete_event_push
                0x10043500       0x74 ./assembly\libbluenrg1_stack.a(gap.o)
 i.advParamsCheckAndSet
                0x10043574       0x88 ./assembly\libbluenrg1_stack.a(gap.o)
                0x10043574                advParamsCheckAndSet
 i.gapClearAllModeFlags
                0x100435fc       0x14 ./assembly\libbluenrg1_stack.a(gap.o)
                0x100435fc                gapClearAllModeFlags
 i.setGapAdvData
                0x10043610      0x104 ./assembly\libbluenrg1_stack.a(gap.o)
                0x10043610                setGapAdvData
 i.Find_Gatt_Client
                0x10043714       0x3c ./assembly\libbluenrg1_stack.a(gatt_client.o)
                0x10043714                Find_Gatt_Client
 i.Build_Notif_Or_Ind
                0x10043750       0x3e ./assembly\libbluenrg1_stack.a(gatt_server.o)
                0x10043750                Build_Notif_Or_Ind
 *fill*         0x1004378e        0x2 
 i.Check_For_Service_Change
                0x10043790      0x34c ./assembly\libbluenrg1_stack.a(gatt_server.o)
                0x10043790                Check_For_Service_Change
 i.Find_Attr_Index
                0x10043adc       0x50 ./assembly\libbluenrg1_stack.a(gatt_server.o)
                0x10043adc                Find_Attr_Index
 i.Find_Timed_Out_Connection
                0x10043b2c       0x20 ./assembly\libbluenrg1_stack.a(gatt_server.o)
                0x10043b2c                Find_Timed_Out_Connection
 i.GATT_Connection_Complete_Handler
                0x10043b4c       0x44 ./assembly\libbluenrg1_stack.a(gatt_server.o)
                0x10043b4c                GATT_Connection_Complete_Handler
 i.GATT_Send_Packet
                0x10043b90       0x2c ./assembly\libbluenrg1_stack.a(gatt_server.o)
                0x10043b90                GATT_Send_Packet
 i.GATT_Server_Set_Flag
                0x10043bbc       0x18 ./assembly\libbluenrg1_stack.a(gatt_server.o)
 i.GATT_TimeOut_Handler
                0x10043bd4       0x1a ./assembly\libbluenrg1_stack.a(gatt_server.o)
                0x10043bd4                GATT_TimeOut_Handler
 *fill*         0x10043bee        0x2 
 i.Gatt_Add_Charac_Desc
                0x10043bf0      0x160 ./assembly\libbluenrg1_stack.a(gatt_server.o)
                0x10043bf0                Gatt_Add_Charac_Desc
 i.Gatt_Add_Characteristic
                0x10043d50      0x33c ./assembly\libbluenrg1_stack.a(gatt_server.o)
                0x10043d50                Gatt_Add_Characteristic
 i.Gatt_Add_Descriptor
                0x1004408c      0x158 ./assembly\libbluenrg1_stack.a(gatt_server.o)
                0x1004408c                Gatt_Add_Descriptor
 i.Gatt_Add_Service
                0x100441e4      0x160 ./assembly\libbluenrg1_stack.a(gatt_server.o)
                0x100441e4                Gatt_Add_Service
 i.Gatt_Find_Srv_From_Handle
                0x10044344       0x2c ./assembly\libbluenrg1_stack.a(gatt_server.o)
                0x10044344                Gatt_Find_Srv_From_Handle
 i.Gatt_Find_Srv_Owner_Of_Handle
                0x10044370       0x48 ./assembly\libbluenrg1_stack.a(gatt_server.o)
                0x10044370                Gatt_Find_Srv_Owner_Of_Handle
 i.Gatt_Find_Timed_Out_Connection_Index
                0x100443b8       0x38 ./assembly\libbluenrg1_stack.a(gatt_server.o)
                0x100443b8                Gatt_Find_Timed_Out_Connection_Index
 i.Gatt_Flush_Pending_AclPacket_Lists
                0x100443f0       0x34 ./assembly\libbluenrg1_stack.a(gatt_server.o)
 i.Gatt_Process_Q
                0x10044424      0x19c ./assembly\libbluenrg1_stack.a(gatt_server.o)
                0x10044424                Gatt_Process_Q
 i.Gatt_Reset_To_Closed_State
                0x100445c0       0xfc ./assembly\libbluenrg1_stack.a(gatt_server.o)
 i.Gatt_Server_Db_Check
                0x100446bc       0x38 ./assembly\libbluenrg1_stack.a(gatt_server.o)
                0x100446bc                Gatt_Server_Db_Check
 i.Gatt_Server_Init
                0x100446f4      0x194 ./assembly\libbluenrg1_stack.a(gatt_server.o)
                0x100446f4                Gatt_Server_Init
 i.Gatt_Server_L2C_Handler
                0x10044888      0x21c ./assembly\libbluenrg1_stack.a(gatt_server.o)
                0x10044888                Gatt_Server_L2C_Handler
 i.Gatt_Server_L2C_Handler_ISR
                0x10044aa4       0x4c ./assembly\libbluenrg1_stack.a(gatt_server.o)
                0x10044aa4                Gatt_Server_L2C_Handler_ISR
 i.Gatt_Store_Server_Database_And_Reset_CCCD
                0x10044af0      0x170 ./assembly\libbluenrg1_stack.a(gatt_server.o)
 i.Gatt_Update_Charac_Value
                0x10044c60       0x68 ./assembly\libbluenrg1_stack.a(gatt_server.o)
                0x10044c60                Gatt_Update_Charac_Value
 i.Gatt_Update_Charac_Value_Ext
                0x10044cc8      0x390 ./assembly\libbluenrg1_stack.a(gatt_server.o)
                0x10044cc8                Gatt_Update_Charac_Value_Ext
 i.Gatt_fetch_handle
                0x10045058       0x3c ./assembly\libbluenrg1_stack.a(gatt_server.o)
                0x10045058                Gatt_fetch_handle
 i.Gatt_search_handle
                0x10045094       0x1e ./assembly\libbluenrg1_stack.a(gatt_server.o)
                0x10045094                Gatt_search_handle
 *fill*         0x100450b2        0x2 
 i.Gatt_search_service_handle
                0x100450b4       0x30 ./assembly\libbluenrg1_stack.a(gatt_server.o)
                0x100450b4                Gatt_search_service_handle
 i.Ind_Service_Change_Charac
                0x100450e4       0x48 ./assembly\libbluenrg1_stack.a(gatt_server.o)
                0x100450e4                Ind_Service_Change_Charac
 i.Pm_Resize_Host_Acl_Pckt
                0x1004512c        0xe ./assembly\libbluenrg1_stack.a(gatt_server.o)
 *fill*         0x1004513a        0x2 
 i.Process_Peer_Client_Data
                0x1004513c      0x1f8 ./assembly\libbluenrg1_stack.a(gatt_server.o)
                0x1004513c                Process_Peer_Client_Data
 i.Process_Peer_Server_Data
                0x10045334      0x16c ./assembly\libbluenrg1_stack.a(gatt_server.o)
                0x10045334                Process_Peer_Server_Data
 i.Select_Next_Notification_Client
                0x100454a0       0x50 ./assembly\libbluenrg1_stack.a(gatt_server.o)
                0x100454a0                Select_Next_Notification_Client
 i.Send_Notif_Or_Ind
                0x100454f0       0x4c ./assembly\libbluenrg1_stack.a(gatt_server.o)
                0x100454f0                Send_Notif_Or_Ind
 i.aci_gatt_indication_event_push
                0x1004553c       0x90 ./assembly\libbluenrg1_stack.a(gatt_server.o)
 i.aci_gatt_notification_event_push
                0x100455cc       0x90 ./assembly\libbluenrg1_stack.a(gatt_server.o)
 i.aci_hal_fw_error_event_push
                0x1004565c       0x5c ./assembly\libbluenrg1_stack.a(gatt_server.o)
 i.store_data   0x100456b8       0x1e ./assembly\libbluenrg1_stack.a(gatt_server.o)
                0x100456b8                store_data
 i.__ARM_common_switch8
                0x100456d6       0x1a ./assembly\libbluenrg1_stack.a(gatt_server.o)
                0x100456d6                __ARM_common_switch8
 i.HAL_Flash_Store_Data
                0x100456f0       0x54 ./assembly\libbluenrg1_stack.a(hal.o)
                0x100456f0                HAL_Flash_Store_Data
 i.HAL_Generate_Random_Bytes_To
                0x10045744       0x20 ./assembly\libbluenrg1_stack.a(hal.o)
                0x10045744                HAL_Generate_Random_Bytes_To
 i.HAL_Set_TX_Power_Level
                0x10045764       0x44 ./assembly\libbluenrg1_stack.a(hal.o)
                0x10045764                HAL_Set_TX_Power_Level
 i.HAL_Write_ConfigData
                0x100457a8      0x11c ./assembly\libbluenrg1_stack.a(hal.o)
                0x100457a8                HAL_Write_ConfigData
 i.Hal_Get_Random_Number
                0x100458c4       0x3a ./assembly\libbluenrg1_stack.a(hal.o)
                0x100458c4                Hal_Get_Random_Number
 i.Hal_Get_Random_Number32
                0x100458fe       0x12 ./assembly\libbluenrg1_stack.a(hal.o)
                0x100458fe                Hal_Get_Random_Number32
 i.aci_hal_end_of_radio_activity_event
                0x10045910        0x2 ./assembly\libbluenrg1_stack.a(hal.o)
                0x10045910                aci_hal_end_of_radio_activity_event
 *fill*         0x10045912        0x2 
 i.ble_HAL_Init
                0x10045914       0x1c ./assembly\libbluenrg1_stack.a(hal.o)
                0x10045914                ble_HAL_Init
 i.char_copy    0x10045930       0x12 ./assembly\libbluenrg1_stack.a(hal.o)
                0x10045930                char_copy
 *fill*         0x10045942        0x2 
 i.hal_radio_activity_state_callback_check
                0x10045944       0x34 ./assembly\libbluenrg1_stack.a(hal.o)
                0x10045944                hal_radio_activity_state_callback_check
 i.hal_radio_activity_state_init
                0x10045978       0x1c ./assembly\libbluenrg1_stack.a(hal.o)
                0x10045978                hal_radio_activity_state_init
 i.hal_read_radio_activity_state
                0x10045994       0x40 ./assembly\libbluenrg1_stack.a(hal.o)
                0x10045994                hal_read_radio_activity_state
 i.set_string   0x100459d4       0x10 ./assembly\libbluenrg1_stack.a(hal.o)
                0x100459d4                set_string
 i.Controller_Process_Q
                0x100459e4       0x1c ./assembly\libbluenrg1_stack.a(hci.o)
                0x100459e4                Controller_Process_Q
 i.HCI_Init     0x10045a00       0x7c ./assembly\libbluenrg1_stack.a(hci.o)
                0x10045a00                HCI_Init
 i.PKA_Offline_Processing_ucfg
                0x10045a7c        0x2 ./assembly\libbluenrg1_stack.a(hci.o)
                0x10045a7c                PKA_Offline_Processing_ucfg
 i.PRIV_controller_privacy_csr_ucfg
                0x10045a7e        0x4 ./assembly\libbluenrg1_stack.a(hci.o)
                0x10045a7e                PRIV_controller_privacy_csr_ucfg
 i.data_length_extension_csr_ucfg
                0x10045a82        0x4 ./assembly\libbluenrg1_stack.a(hci.o)
                0x10045a82                data_length_extension_csr_ucfg
 *fill*         0x10045a86        0x2 
 i.hci_acl_Process_Q
                0x10045a88       0x6c ./assembly\libbluenrg1_stack.a(hci.o)
                0x10045a88                hci_acl_Process_Q
 i.hci_le_encrypt
                0x10045af4        0xa ./assembly\libbluenrg1_stack.a(hci.o)
                0x10045af4                hci_le_encrypt
 i.hci_le_long_term_key_request_reply
                0x10045afe        0xe ./assembly\libbluenrg1_stack.a(hci.o)
                0x10045afe                hci_le_long_term_key_request_reply
 i.hci_le_long_term_key_requested_negative_reply
                0x10045b0c        0xe ./assembly\libbluenrg1_stack.a(hci.o)
                0x10045b0c                hci_le_long_term_key_requested_negative_reply
 i.hci_le_set_advertising_data
                0x10045b1a       0x16 ./assembly\libbluenrg1_stack.a(hci.o)
                0x10045b1a                hci_le_set_advertising_data
 i.hci_le_set_scan_response_data
                0x10045b30       0x16 ./assembly\libbluenrg1_stack.a(hci.o)
                0x10045b30                hci_le_set_scan_response_data
 *fill*         0x10045b46        0x2 
 i.hci_rx_acl_data
                0x10045b48       0x6c ./assembly\libbluenrg1_stack.a(hci.o)
                0x10045b48                hci_rx_acl_data
 i.hci_tx_acl_data_done
                0x10045bb4       0x44 ./assembly\libbluenrg1_stack.a(hci.o)
                0x10045bb4                hci_tx_acl_data_done
 i.HAL_VTimerAcc_sysT32_ms
                0x10045bf8       0x24 ./assembly\libbluenrg1_stack.a(host_timer.o)
                0x10045bf8                HAL_VTimerAcc_sysT32_ms
 i.HAL_VTimerGetCurrentTime_sysT32
                0x10045c1c       0x12 ./assembly\libbluenrg1_stack.a(host_timer.o)
                0x10045c1c                HAL_VTimerGetCurrentTime_sysT32
 i.HAL_VTimerTimeoutCallback
                0x10045c2e        0x2 ./assembly\libbluenrg1_stack.a(host_timer.o)
                0x10045c2e                HAL_VTimerTimeoutCallback
 i.Set_Host_Timer_value
                0x10045c30       0x50 ./assembly\libbluenrg1_stack.a(host_timer.o)
                0x10045c30                Set_Host_Timer_value
 i.TimerCallback
                0x10045c80       0x7c ./assembly\libbluenrg1_stack.a(host_timer.o)
 i.Timer_ExpiryCallback
                0x10045cfc       0x14 ./assembly\libbluenrg1_stack.a(host_timer.o)
                0x10045cfc                Timer_ExpiryCallback
 i.Timer_Init   0x10045d10       0x34 ./assembly\libbluenrg1_stack.a(host_timer.o)
                0x10045d10                Timer_Init
 i.Timer_ProcessQ
                0x10045d44      0x11c ./assembly\libbluenrg1_stack.a(host_timer.o)
                0x10045d44                Timer_ProcessQ
 i.Timer_StartOneShot
                0x10045e60       0x22 ./assembly\libbluenrg1_stack.a(host_timer.o)
                0x10045e60                Timer_StartOneShot
 *fill*         0x10045e82        0x2 
 i.Timer_StartOneShot_sysTime32
                0x10045e84       0x74 ./assembly\libbluenrg1_stack.a(host_timer.o)
                0x10045e84                Timer_StartOneShot_sysTime32
 i.Timer_StopOneShot
                0x10045ef8       0x58 ./assembly\libbluenrg1_stack.a(host_timer.o)
                0x10045ef8                Timer_StopOneShot
 i.Timer_sysTime32_convMachineTime
                0x10045f50       0x24 ./assembly\libbluenrg1_stack.a(host_timer.o)
                0x10045f50                Timer_sysTime32_convMachineTime
 i.L2C_Build_Command_Reject_Pdu
                0x10045f74       0x7c ./assembly\libbluenrg1_stack.a(l2cap.o)
                0x10045f74                L2C_Build_Command_Reject_Pdu
 i.L2C_Connection_Complete_Handler
                0x10045ff0       0x4a ./assembly\libbluenrg1_stack.a(l2cap.o)
                0x10045ff0                L2C_Connection_Complete_Handler
 i.L2C_Connection_Complete_Signal_Handler
                0x1004603a       0x2a ./assembly\libbluenrg1_stack.a(l2cap.o)
                0x1004603a                L2C_Connection_Complete_Signal_Handler
 i.L2C_Get_Connection_Info
                0x10046064       0x34 ./assembly\libbluenrg1_stack.a(l2cap.o)
 i.L2C_Get_Connection_Info_Index
                0x10046098       0x30 ./assembly\libbluenrg1_stack.a(l2cap.o)
 i.L2C_Get_PDU_Len
                0x100460c8        0xe ./assembly\libbluenrg1_stack.a(l2cap.o)
                0x100460c8                L2C_Get_PDU_Len
 *fill*         0x100460d6        0x2 
 i.L2C_Init     0x100460d8       0x58 ./assembly\libbluenrg1_stack.a(l2cap.o)
                0x100460d8                L2C_Init
 i.L2C_Mux_Acl_Packet
                0x10046130       0x58 ./assembly\libbluenrg1_stack.a(l2cap.o)
 i.L2C_Rcv_Data
                0x10046188       0xcc ./assembly\libbluenrg1_stack.a(l2cap.o)
 i.L2C_Rcv_Event_Handler
                0x10046254       0x1e ./assembly\libbluenrg1_stack.a(l2cap.o)
                0x10046254                L2C_Rcv_Event_Handler
 i.L2C_Rcv_Event_Handler_ISR
                0x10046272       0x54 ./assembly\libbluenrg1_stack.a(l2cap.o)
                0x10046272                L2C_Rcv_Event_Handler_ISR
 *fill*         0x100462c6        0x2 
 i.L2C_Reset_To_Closed_State
                0x100462c8       0x7c ./assembly\libbluenrg1_stack.a(l2cap.o)
 i.L2C_Send_Data
                0x10046344       0x4c ./assembly\libbluenrg1_stack.a(l2cap.o)
                0x10046344                L2C_Send_Data
 i.L2C_SigChan_Req_TimeOut_Handler
                0x10046390       0x60 ./assembly\libbluenrg1_stack.a(l2cap.o)
                0x10046390                L2C_SigChan_Req_TimeOut_Handler
 i.L2C_Signal_Channel_Handler
                0x100463f0      0x1b0 ./assembly\libbluenrg1_stack.a(l2cap.o)
                0x100463f0                L2C_Signal_Channel_Handler
 i.L2C_Signal_Channel_Handler_ISR
                0x100465a0       0x24 ./assembly\libbluenrg1_stack.a(l2cap.o)
                0x100465a0                L2C_Signal_Channel_Handler_ISR
 i.L2C_discard_accumulated_acl_data
                0x100465c4       0x5c ./assembly\libbluenrg1_stack.a(l2cap.o)
 i.aci_l2cap_connection_update_req_event_push
                0x10046620       0x98 ./assembly\libbluenrg1_stack.a(l2cap.o)
 i.Data_Length_Update_Control_ISR_ucfg
                0x100466b8        0x4 ./assembly\libbluenrg1_stack.a(ll_isr.o)
                0x100466b8                Data_Length_Update_Control_ISR_ucfg
 i.RAL_Isr      0x100466bc      0x218 ./assembly\libbluenrg1_stack.a(ll_isr.o)
                0x100466bc                RAL_Isr
 i.copy_4_u32   0x100468d4       0x12 ./assembly\libbluenrg1_stack.a(ll_isr.o)
                0x100468d4                copy_4_u32
 *fill*         0x100468e6        0x2 
 i.copy_tx_data_packet
                0x100468e8       0x84 ./assembly\libbluenrg1_stack.a(ll_isr.o)
                0x100468e8                copy_tx_data_packet
 i.encrypt      0x1004696c       0x74 ./assembly\libbluenrg1_stack.a(ll_isr.o)
                0x1004696c                encrypt
 i.isr_advertise_state
                0x100469e0      0x398 ./assembly\libbluenrg1_stack.a(ll_isr.o)
 i.isr_connect_slave_state
                0x10046d78      0x7e4 ./assembly\libbluenrg1_stack.a(ll_isr.o)
 i.isr_test_rx_state
                0x1004755c       0x34 ./assembly\libbluenrg1_stack.a(ll_isr.o)
 i.isr_test_tx_state
                0x10047590       0x64 ./assembly\libbluenrg1_stack.a(ll_isr.o)
 i.isr_unknown_state
                0x100475f4       0x2c ./assembly\libbluenrg1_stack.a(ll_isr.o)
 i.state_func_call_init_csr_ucfg
                0x10047620        0x2 ./assembly\libbluenrg1_stack.a(ll_isr.o)
                0x10047620                state_func_call_init_csr_ucfg
 i.__ARM_common_memcpy1_6
                0x10047622       0x1a ./assembly\libbluenrg1_stack.a(ll_isr.o)
                0x10047622                __ARM_common_memcpy1_6
 i.LL_LE_Clear_White_List
                0x1004763c       0x28 ./assembly\libbluenrg1_stack.a(ll_privacy.o)
                0x1004763c                LL_LE_Clear_White_List
 i.PRIVWHIT_u8SearchAddrInList
                0x10047664       0x84 ./assembly\libbluenrg1_stack.a(ll_privacy.o)
                0x10047664                PRIVWHIT_u8SearchAddrInList
 i.PRIVWHIT_vInit_Struct
                0x100476e8       0xb8 ./assembly\libbluenrg1_stack.a(ll_privacy.o)
                0x100476e8                PRIVWHIT_vInit_Struct
 i.PRIV_SearchAddrInWhiteList
                0x100477a0       0x58 ./assembly\libbluenrg1_stack.a(ll_privacy.o)
                0x100477a0                PRIV_SearchAddrInWhiteList
 i.PRIV_u32ProcessAdvPacket_ucfg
                0x100477f8        0x4 ./assembly\libbluenrg1_stack.a(ll_privacy.o)
                0x100477f8                PRIV_u32ProcessAdvPacket_ucfg
 i.PRIV_u8OfflineProcessing_ucfg
                0x100477fc        0x4 ./assembly\libbluenrg1_stack.a(ll_privacy.o)
                0x100477fc                PRIV_u8OfflineProcessing_ucfg
 i.PRIV_vGeneratePrivateAddress_ucfg
                0x10047800        0x2 ./assembly\libbluenrg1_stack.a(ll_privacy.o)
                0x10047800                PRIV_vGeneratePrivateAddress_ucfg
 i.PRIV_vGenerate_hci_le_enhanced_connection_complete_event_ucfg
                0x10047802        0x2 ./assembly\libbluenrg1_stack.a(ll_privacy.o)
                0x10047802                PRIV_vGenerate_hci_le_enhanced_connection_complete_event_ucfg
 i.Data_Len_Update_Offline_Processing_ucfg
                0x10047804        0x2 ./assembly\libbluenrg1_stack.a(ll_routines.o)
                0x10047804                Data_Len_Update_Offline_Processing_ucfg
 *fill*         0x10047806        0x2 
 i.Disconnection_Offline_Processing
                0x10047808       0x48 ./assembly\libbluenrg1_stack.a(ll_routines.o)
                0x10047808                Disconnection_Offline_Processing
 i.LL_Data_Length_Change_Event_ucfg
                0x10047850        0x4 ./assembly\libbluenrg1_stack.a(ll_routines.o)
                0x10047850                LL_Data_Length_Change_Event_ucfg
 i.LL_Send_Disconnection_Req
                0x10047854       0xa4 ./assembly\libbluenrg1_stack.a(ll_routines.o)
                0x10047854                LL_Send_Disconnection_Req
 i.LL_Send_Length_Resp_ucfg
                0x100478f8        0x4 ./assembly\libbluenrg1_stack.a(ll_routines.o)
                0x100478f8                LL_Send_Length_Resp_ucfg
 i.ll_write_supported_data_ucfg
                0x100478fc        0x4 ./assembly\libbluenrg1_stack.a(ll_routines.o)
                0x100478fc                ll_write_supported_data_ucfg
 i.read_rssi    0x10047900       0x7c ./assembly\libbluenrg1_stack.a(ll_routines.o)
                0x10047900                read_rssi
 i.Reclassify_All_Channels_ucfg
                0x1004797c        0x2 ./assembly\libbluenrg1_stack.a(ll_routines_master.o)
                0x1004797c                Reclassify_All_Channels_ucfg
 *fill*         0x1004797e        0x2 
 i.hci_encryption_change_event_push
                0x10047980       0x5c ./assembly\libbluenrg1_stack.a(ll_routines_master.o)
 i.hci_encryption_key_refresh_complete_event_push
                0x100479dc       0x58 ./assembly\libbluenrg1_stack.a(ll_routines_master.o)
 i.hci_le_connection_complete_event_push
                0x10047a34       0x88 ./assembly\libbluenrg1_stack.a(ll_routines_master.o)
 i.hci_le_connection_update_complete_event_push
                0x10047abc       0x6c ./assembly\libbluenrg1_stack.a(ll_routines_master.o)
 i.isr_event_handler
                0x10047b28      0x5fc ./assembly\libbluenrg1_stack.a(ll_routines_master.o)
                0x10047b28                isr_event_handler
 i.isr_event_handler_scan_data_ucfg
                0x10048124        0x2 ./assembly\libbluenrg1_stack.a(ll_routines_master.o)
                0x10048124                isr_event_handler_scan_data_ucfg
 *fill*         0x10048126        0x2 
 i.LL_Encrypt_Plain_Data_ucfg
                0x10048128       0x9c ./assembly\libbluenrg1_stack.a(ll_routines_support.o)
                0x10048128                LL_Encrypt_Plain_Data_ucfg
 i.LL_Set_LTK   0x100481c4       0x9c ./assembly\libbluenrg1_stack.a(ll_routines_support.o)
                0x100481c4                LL_Set_LTK
 i.Dynamic_allocator
                0x10048260      0x264 ./assembly\libbluenrg1_stack.a(mem_alloc.o)
                0x10048260                Dynamic_allocator
 i.Dynamic_allocator_noRet
                0x100484c4        0x2 ./assembly\libbluenrg1_stack.a(mem_alloc.o)
                0x100484c4                Dynamic_allocator_noRet
 i.Mem_assign   0x100484c6       0x16 ./assembly\libbluenrg1_stack.a(mem_alloc.o)
 i.mem_alloc_ctx_init
                0x100484dc       0xa8 ./assembly\libbluenrg1_stack.a(mem_alloc.o)
                0x100484dc                mem_alloc_ctx_init
 i.Mem_Buff_Append
                0x10048584       0x12 ./assembly\libbluenrg1_stack.a(mem_buff.o)
                0x10048584                Mem_Buff_Append
 i.Mem_Buff_Block_Copy
                0x10048596       0x48 ./assembly\libbluenrg1_stack.a(mem_buff.o)
                0x10048596                Mem_Buff_Block_Copy
 i.Mem_Buff_Block_Write
                0x100485de       0x56 ./assembly\libbluenrg1_stack.a(mem_buff.o)
                0x100485de                Mem_Buff_Block_Write
 i.Mem_Buff_Clone
                0x10048634       0x32 ./assembly\libbluenrg1_stack.a(mem_buff.o)
                0x10048634                Mem_Buff_Clone
 i.Mem_Buff_Cmp
                0x10048666       0x78 ./assembly\libbluenrg1_stack.a(mem_buff.o)
                0x10048666                Mem_Buff_Cmp
 i.Mem_Buff_Compact
                0x100486de       0xba ./assembly\libbluenrg1_stack.a(mem_buff.o)
                0x100486de                Mem_Buff_Compact
 i.Mem_Buff_Get
                0x10048798       0x2e ./assembly\libbluenrg1_stack.a(mem_buff.o)
                0x10048798                Mem_Buff_Get
 i.Mem_Buff_Get_Chain_Count
                0x100487c6       0x14 ./assembly\libbluenrg1_stack.a(mem_buff.o)
                0x100487c6                Mem_Buff_Get_Chain_Count
 i.Mem_Buff_Get_Chain_Size
                0x100487da       0x14 ./assembly\libbluenrg1_stack.a(mem_buff.o)
                0x100487da                Mem_Buff_Get_Chain_Size
 i.Mem_Buff_Init
                0x100487ee       0x6a ./assembly\libbluenrg1_stack.a(mem_buff.o)
                0x100487ee                Mem_Buff_Init
 i.Mem_Buff_Read
                0x10048858       0x62 ./assembly\libbluenrg1_stack.a(mem_buff.o)
                0x10048858                Mem_Buff_Read
 i.Mem_Buff_Release
                0x100488ba       0x36 ./assembly\libbluenrg1_stack.a(mem_buff.o)
                0x100488ba                Mem_Buff_Release
 i.Mem_Buff_Resize
                0x100488f0       0x8e ./assembly\libbluenrg1_stack.a(mem_buff.o)
                0x100488f0                Mem_Buff_Resize
 i.Mem_Buff_Write
                0x1004897e       0x68 ./assembly\libbluenrg1_stack.a(mem_buff.o)
                0x1004897e                Mem_Buff_Write
 *fill*         0x100489e6        0x2 
 i.adapt_slot   0x100489e8      0x260 ./assembly\libbluenrg1_stack.a(multi_master_time.o)
 i.advance_slave_timing_MultiSlave
                0x10048c48      0x2cc ./assembly\libbluenrg1_stack.a(multi_master_time.o)
                0x10048c48                advance_slave_timing_MultiSlave
 i.cancel_current_master
                0x10048f14      0x1a8 ./assembly\libbluenrg1_stack.a(multi_master_time.o)
                0x10048f14                cancel_current_master
 i.get_advertiser
                0x100490bc       0x48 ./assembly\libbluenrg1_stack.a(multi_master_time.o)
                0x100490bc                get_advertiser
 i.get_connection_no
                0x10049104       0x88 ./assembly\libbluenrg1_stack.a(multi_master_time.o)
                0x10049104                get_connection_no
 i.get_next_free_slot
                0x1004918c       0x34 ./assembly\libbluenrg1_stack.a(multi_master_time.o)
                0x1004918c                get_next_free_slot
 i.get_scan_connection
                0x100491c0       0x48 ./assembly\libbluenrg1_stack.a(multi_master_time.o)
                0x100491c0                get_scan_connection
 i.is_slave     0x10049208       0x34 ./assembly\libbluenrg1_stack.a(multi_master_time.o)
                0x10049208                is_slave
 i.nsar_init    0x1004923c       0x18 ./assembly\libbluenrg1_stack.a(multi_master_time.o)
                0x1004923c                nsar_init
 i.nsar_insertSlotListEntry
                0x10049254       0x1c ./assembly\libbluenrg1_stack.a(multi_master_time.o)
 i.nsar_searchBestFreeSlot
                0x10049270       0xc0 ./assembly\libbluenrg1_stack.a(multi_master_time.o)
 i.nsar_updateBestFreeSlot
                0x10049330       0x22 ./assembly\libbluenrg1_stack.a(multi_master_time.o)
 *fill*         0x10049352        0x2 
 i.nsar_updateSlotListEntry
                0x10049354       0x6c ./assembly\libbluenrg1_stack.a(multi_master_time.o)
 i.schedule_advertise_slot
                0x100493c0       0xb0 ./assembly\libbluenrg1_stack.a(multi_master_time.o)
                0x100493c0                schedule_advertise_slot
 i.start_timebase
                0x10049470       0xd0 ./assembly\libbluenrg1_stack.a(multi_master_time.o)
                0x10049470                start_timebase
 i.swap_u16     0x10049540        0xa ./assembly\libbluenrg1_stack.a(multi_master_time.o)
 *fill*         0x1004954a        0x2 
 i.timebase_start_connect
                0x1004954c       0x38 ./assembly\libbluenrg1_stack.a(multi_master_time.o)
                0x1004954c                timebase_start_connect
 i.Flash_Write_Flagged
                0x10049584       0x3c ./assembly\libbluenrg1_stack.a(nvm.o)
                0x10049584                Flash_Write_Flagged
 i.Is_Flash_Write_On_Going
                0x100495c0       0x10 ./assembly\libbluenrg1_stack.a(nvm.o)
                0x100495c0                Is_Flash_Write_On_Going
 i.PM_Check_And_Set
                0x100495d0       0x50 ./assembly\libbluenrg1_stack.a(pm.o)
 i.PM_Clone_Pckt
                0x10049620       0x22 ./assembly\libbluenrg1_stack.a(pm.o)
                0x10049620                PM_Clone_Pckt
 *fill*         0x10049642        0x2 
 i.PM_Compact   0x10049644       0x54 ./assembly\libbluenrg1_stack.a(pm.o)
                0x10049644                PM_Compact
 i.PM_Copy_Pckt_Data
                0x10049698       0x12 ./assembly\libbluenrg1_stack.a(pm.o)
                0x10049698                PM_Copy_Pckt_Data
 *fill*         0x100496aa        0x2 
 i.PM_Eng_Config
                0x100496ac       0x18 ./assembly\libbluenrg1_stack.a(pm.o)
                0x100496ac                PM_Eng_Config
 i.PM_Extract_Pdu_MBuff
                0x100496c4        0xc ./assembly\libbluenrg1_stack.a(pm.o)
                0x100496c4                PM_Extract_Pdu_MBuff
 i.PM_Get_Available_Buffer
                0x100496d0       0x3c ./assembly\libbluenrg1_stack.a(pm.o)
                0x100496d0                PM_Get_Available_Buffer
 i.PM_Get_Mem_Buff_Count
                0x1004970c        0xa ./assembly\libbluenrg1_stack.a(pm.o)
                0x1004970c                PM_Get_Mem_Buff_Count
 *fill*         0x10049716        0x2 
 i.PM_Get_Pckt  0x10049718       0x44 ./assembly\libbluenrg1_stack.a(pm.o)
                0x10049718                PM_Get_Pckt
 i.PM_Init      0x1004975c       0x68 ./assembly\libbluenrg1_stack.a(pm.o)
                0x1004975c                PM_Init
 i.PM_Pckt_Cmp  0x100497c4        0xa ./assembly\libbluenrg1_stack.a(pm.o)
                0x100497c4                PM_Pckt_Cmp
 *fill*         0x100497ce        0x2 
 i.PM_Release_Acl_Pckt
                0x100497d0       0x3c ./assembly\libbluenrg1_stack.a(pm.o)
                0x100497d0                PM_Release_Acl_Pckt
 i.PM_Resize_Pckt_Pdu_Size
                0x1004980c       0x6c ./assembly\libbluenrg1_stack.a(pm.o)
                0x1004980c                PM_Resize_Pckt_Pdu_Size
 i.PM_Write_Pckt_Data
                0x10049878       0x12 ./assembly\libbluenrg1_stack.a(pm.o)
                0x10049878                PM_Write_Pckt_Data
 i.Accu_Handles_Requiring_Auth
                0x1004988a       0x6e ./assembly\libbluenrg1_stack.a(rom_att.o)
                0x1004988a                Accu_Handles_Requiring_Auth
 i.Accu_UuidTypes_Requiring_Auth
                0x100498f8       0xea ./assembly\libbluenrg1_stack.a(rom_att.o)
                0x100498f8                Accu_UuidTypes_Requiring_Auth
 *fill*         0x100499e2        0x2 
 i.GAP_Privacy1v2
                0x100499e4      0x1e0 ./assembly\libbluenrg1_stack.a(rom_gap.o)
                0x100499e4                GAP_Privacy1v2
 i.GAP_PrivateAddrTimercb
                0x10049bc4       0x48 ./assembly\libbluenrg1_stack.a(rom_gap.o)
                0x10049bc4                GAP_PrivateAddrTimercb
 i.GapIsPrivacySupported
                0x10049c0c       0x14 ./assembly\libbluenrg1_stack.a(rom_gap.o)
                0x10049c0c                GapIsPrivacySupported
 i.Generate_Non_Resolvable_Private_Address
                0x10049c20       0x88 ./assembly\libbluenrg1_stack.a(rom_gap.o)
                0x10049c20                Generate_Non_Resolvable_Private_Address
 i.GAP_Notify_Add_Charac
                0x10049ca8       0x70 ./assembly\libbluenrg1_stack.a(rom_gap_rom.o)
                0x10049ca8                GAP_Notify_Add_Charac
 i.Get_GAP_Handle
                0x10049d18       0x10 ./assembly\libbluenrg1_stack.a(rom_gap_rom.o)
                0x10049d18                Get_GAP_Handle
 i.Get_StaticRandAddr
                0x10049d28       0x14 ./assembly\libbluenrg1_stack.a(rom_gap_rom.o)
                0x10049d28                Get_StaticRandAddr
 i.Check_Encry_Key_Size
                0x10049d3c       0x18 ./assembly\libbluenrg1_stack.a(rom_gatt_server.o)
                0x10049d3c                Check_Encry_Key_Size
 i.GATT_Num_Charac_Present
                0x10049d54       0x3a ./assembly\libbluenrg1_stack.a(rom_gatt_server.o)
                0x10049d54                GATT_Num_Charac_Present
 *fill*         0x10049d8e        0x2 
 i.Start_Gatt_Timer
                0x10049d90       0x24 ./assembly\libbluenrg1_stack.a(rom_gatt_server.o)
                0x10049d90                Start_Gatt_Timer
 i.Stop_Gatt_Timer
                0x10049db4       0x1c ./assembly\libbluenrg1_stack.a(rom_gatt_server.o)
                0x10049db4                Stop_Gatt_Timer
 i.List_Circular_Get_Size
                0x10049dd0       0x14 ./assembly\libbluenrg1_stack.a(rom_list.o)
                0x10049dd0                List_Circular_Get_Size
 i.List_Circular_Insert_Tail
                0x10049de4        0xe ./assembly\libbluenrg1_stack.a(rom_list.o)
                0x10049de4                List_Circular_Insert_Tail
 i.List_Circular_Node_Present
                0x10049df2       0x16 ./assembly\libbluenrg1_stack.a(rom_list.o)
                0x10049df2                List_Circular_Node_Present
 i.List_Circular_Remove_Head
                0x10049e08       0x1a ./assembly\libbluenrg1_stack.a(rom_list.o)
                0x10049e08                List_Circular_Remove_Head
 i.List_Circular_Remove_Node
                0x10049e22       0x20 ./assembly\libbluenrg1_stack.a(rom_list.o)
                0x10049e22                List_Circular_Remove_Node
 *fill*         0x10049e42        0x2 
 i.isr_postproc1
                0x10049e44      0x110 ./assembly\libbluenrg1_stack.a(rom_ll_isr_postproc.o)
                0x10049e44                isr_postproc1
 i.isr_postproc_encrypt_data
                0x10049f54       0x16 ./assembly\libbluenrg1_stack.a(rom_ll_isr_postproc.o)
                0x10049f54                isr_postproc_encrypt_data
 i.wait_for_aes_ready
                0x10049f6a       0x24 ./assembly\libbluenrg1_stack.a(rom_ll_isr_postproc.o)
 *fill*         0x10049f8e        0x2 
 i.LL_update_proc
                0x10049f90       0x98 ./assembly\libbluenrg1_stack.a(rom_ll_isr_routines.o)
                0x10049f90                LL_update_proc
 i.addr_u32_from_u8
                0x1004a028       0x1e ./assembly\libbluenrg1_stack.a(rom_ll_isr_routines.o)
 i.cancel_connect_master_ucfg
                0x1004a046        0x4 ./assembly\libbluenrg1_stack.a(rom_ll_isr_routines.o)
                0x1004a046                cancel_connect_master_ucfg
 *fill*         0x1004a04a        0x2 
 i.cancel_master
                0x1004a04c       0x7c ./assembly\libbluenrg1_stack.a(rom_ll_isr_routines.o)
                0x1004a04c                cancel_master
 i.get_adv_addr
                0x1004a0c8       0x14 ./assembly\libbluenrg1_stack.a(rom_ll_isr_routines.o)
                0x1004a0c8                get_adv_addr
 i.get_scan_addr
                0x1004a0dc       0x14 ./assembly\libbluenrg1_stack.a(rom_ll_isr_routines.o)
                0x1004a0dc                get_scan_addr
 i.go_to_connect
                0x1004a0f0      0x298 ./assembly\libbluenrg1_stack.a(rom_ll_isr_routines.o)
                0x1004a0f0                go_to_connect
 i.le2ByteToInt16
                0x1004a388        0xa ./assembly\libbluenrg1_stack.a(rom_ll_isr_routines.o)
 i.le4ByteToInt32
                0x1004a392       0x16 ./assembly\libbluenrg1_stack.a(rom_ll_isr_routines.o)
 i.unpack_channel_map
                0x1004a3a8       0x2e ./assembly\libbluenrg1_stack.a(rom_ll_isr_routines.o)
                0x1004a3a8                unpack_channel_map
 i.unpack_update_request
                0x1004a3d6       0x48 ./assembly\libbluenrg1_stack.a(rom_ll_isr_routines.o)
                0x1004a3d6                unpack_update_request
 i.Is_Address_Initialized
                0x1004a41e       0x18 ./assembly\libbluenrg1_stack.a(rom_ll_ll_routines.o)
                0x1004a41e                Is_Address_Initialized
 i.LL_Allow_Address_Setting
                0x1004a436       0x42 ./assembly\libbluenrg1_stack.a(rom_ll_ll_routines.o)
                0x1004a436                LL_Allow_Address_Setting
 i.LL_Check_And_Set_Addresses
                0x1004a478      0x1fc ./assembly\libbluenrg1_stack.a(rom_ll_ll_routines.o)
                0x1004a478                LL_Check_And_Set_Addresses
 i.LL_Enable_Disable_Adv
                0x1004a674      0x21c ./assembly\libbluenrg1_stack.a(rom_ll_ll_routines.o)
                0x1004a674                LL_Enable_Disable_Adv
 i.LL_Get_Address
                0x1004a890       0x2c ./assembly\libbluenrg1_stack.a(rom_ll_ll_routines.o)
                0x1004a890                LL_Get_Address
 i.LL_Get_AdvAddress
                0x1004a8bc       0x40 ./assembly\libbluenrg1_stack.a(rom_ll_ll_routines.o)
                0x1004a8bc                LL_Get_AdvAddress
 i.LL_Get_ScanAddress
                0x1004a8fc       0x40 ./assembly\libbluenrg1_stack.a(rom_ll_ll_routines.o)
                0x1004a8fc                LL_Get_ScanAddress
 i.LL_Init      0x1004a93c      0x18c ./assembly\libbluenrg1_stack.a(rom_ll_ll_routines.o)
                0x1004a93c                LL_Init
 i.LL_Send_ACL_Data
                0x1004aac8       0x50 ./assembly\libbluenrg1_stack.a(rom_ll_ll_routines.o)
                0x1004aac8                LL_Send_ACL_Data
 i.LL_Set_Adv_Data
                0x1004ab18       0x78 ./assembly\libbluenrg1_stack.a(rom_ll_ll_routines.o)
                0x1004ab18                LL_Set_Adv_Data
 i.LL_Set_Adv_PDU_Format
                0x1004ab90       0xcc ./assembly\libbluenrg1_stack.a(rom_ll_ll_routines.o)
                0x1004ab90                LL_Set_Adv_PDU_Format
 i.LL_Set_Adv_Params
                0x1004ac5c      0x14c ./assembly\libbluenrg1_stack.a(rom_ll_ll_routines.o)
                0x1004ac5c                LL_Set_Adv_Params
 i.LL_Set_Advertising_Buffers
                0x1004ada8       0x88 ./assembly\libbluenrg1_stack.a(rom_ll_ll_routines.o)
                0x1004ada8                LL_Set_Advertising_Buffers
 i.LL_Set_DirectAddress
                0x1004ae30       0x38 ./assembly\libbluenrg1_stack.a(rom_ll_ll_routines.o)
 i.LL_Set_OwnAddress
                0x1004ae68       0x24 ./assembly\libbluenrg1_stack.a(rom_ll_ll_routines.o)
                0x1004ae68                LL_Set_OwnAddress
 i.LL_Set_Scan_Resp_Data
                0x1004ae8c       0x5c ./assembly\libbluenrg1_stack.a(rom_ll_ll_routines.o)
                0x1004ae8c                LL_Set_Scan_Resp_Data
 i.LL_Update_Advertising_Buffers
                0x1004aee8       0x48 ./assembly\libbluenrg1_stack.a(rom_ll_ll_routines.o)
                0x1004aee8                LL_Update_Advertising_Buffers
 i.LL_Update_Scanning_Initiating_Buffers
                0x1004af30       0x48 ./assembly\libbluenrg1_stack.a(rom_ll_ll_routines.o)
                0x1004af30                LL_Update_Scanning_Initiating_Buffers
 i.addr_u32_from_u8
                0x1004af78       0x20 ./assembly\libbluenrg1_stack.a(rom_ll_ll_routines.o)
 i.int32ToLe4Byte
                0x1004af98       0x10 ./assembly\libbluenrg1_stack.a(rom_ll_ll_routines.o)
 i.le4ByteToInt32
                0x1004afa8       0x16 ./assembly\libbluenrg1_stack.a(rom_ll_ll_routines.o)
 *fill*         0x1004afbe        0x2 
 i.wait_for_prescheduled_slot_cancellation
                0x1004afc0       0x7c ./assembly\libbluenrg1_stack.a(rom_ll_ll_routines.o)
 i.Blue_Set_Radio_Config_Data
                0x1004b03c       0x24 ./assembly\libbluenrg1_stack.a(rom_ll_routines_support.o)
                0x1004b03c                Blue_Set_Radio_Config_Data
 i.LL_Get_Adv_Tx_Power_Level
                0x1004b060       0x18 ./assembly\libbluenrg1_stack.a(rom_ll_routines_support.o)
                0x1004b060                LL_Get_Adv_Tx_Power_Level
 i.convert_power
                0x1004b078       0x24 ./assembly\libbluenrg1_stack.a(rom_ll_routines_support.o)
 i.modulo_37    0x1004b09c       0x1c ./assembly\libbluenrg1_stack.a(rom_ll_routines_support.o)
                0x1004b09c                modulo_37
 i.WindowWiden1
                0x1004b0b8        0xa ./assembly\libbluenrg1_stack.a(rom_ll_timehandling.o)
                0x1004b0b8                WindowWiden1
 i.WindowWiden2
                0x1004b0c2       0x10 ./assembly\libbluenrg1_stack.a(rom_ll_timehandling.o)
                0x1004b0c2                WindowWiden2
 *fill*         0x1004b0d2        0x2 
 i.machine_time_trans
                0x1004b0d4       0x20 ./assembly\libbluenrg1_stack.a(rom_ll_timehandling.o)
                0x1004b0d4                machine_time_trans
 i.set_freq     0x1004b0f4       0x88 ./assembly\libbluenrg1_stack.a(rom_ll_timehandling.o)
                0x1004b0f4                set_freq
 i.set_sca      0x1004b17c       0x1c ./assembly\libbluenrg1_stack.a(rom_ll_timehandling.o)
                0x1004b17c                set_sca
 i.system_time_trans
                0x1004b198       0x10 ./assembly\libbluenrg1_stack.a(rom_ll_timehandling.o)
                0x1004b198                system_time_trans
 i.system_time_trans_ext
                0x1004b1a8       0x30 ./assembly\libbluenrg1_stack.a(rom_ll_timehandling.o)
                0x1004b1a8                system_time_trans_ext
 i.time_offset1
                0x1004b1d8        0xe ./assembly\libbluenrg1_stack.a(rom_ll_timehandling.o)
                0x1004b1d8                time_offset1
 *fill*         0x1004b1e6        0x2 
 i.time_offset2
                0x1004b1e8       0x10 ./assembly\libbluenrg1_stack.a(rom_ll_timehandling.o)
                0x1004b1e8                time_offset2
 i.Blue_Init_Global
                0x1004b1f8       0x98 ./assembly\libbluenrg1_stack.a(routines_support.o)
                0x1004b1f8                Blue_Init_Global
 i.advance_transmit
                0x1004b290      0x158 ./assembly\libbluenrg1_stack.a(routines_support.o)
                0x1004b290                advance_transmit
 i.microseconds_to_machine_time
                0x1004b3e8        0x8 ./assembly\libbluenrg1_stack.a(routines_support.o)
                0x1004b3e8                microseconds_to_machine_time
 i.slave_advance
                0x1004b3f0      0x200 ./assembly\libbluenrg1_stack.a(routines_support.o)
                0x1004b3f0                slave_advance
 i.swap_slaves  0x1004b5f0      0x13c ./assembly\libbluenrg1_stack.a(routines_support.o)
                0x1004b5f0                swap_slaves
 i.swap_u16     0x1004b72c        0xa ./assembly\libbluenrg1_stack.a(routines_support.o)
 i.swap_u32     0x1004b736        0xa ./assembly\libbluenrg1_stack.a(routines_support.o)
 i.swap_u8      0x1004b740        0xa ./assembly\libbluenrg1_stack.a(routines_support.o)
 i.Erase_Sector
                0x1004b74a        0xe ./assembly\libbluenrg1_stack.a(sdb.o)
 i.SDB_Add_Record
                0x1004b758      0x184 ./assembly\libbluenrg1_stack.a(sdb.o)
                0x1004b758                SDB_Add_Record
 i.SDB_Find_Matching_LTK
                0x1004b8dc       0xa0 ./assembly\libbluenrg1_stack.a(sdb.o)
                0x1004b8dc                SDB_Find_Matching_LTK
 i.SDB_Find_Record
                0x1004b97c       0xc4 ./assembly\libbluenrg1_stack.a(sdb.o)
                0x1004b97c                SDB_Find_Record
 i.SDB_Get_Number_Of_Valid_Records
                0x1004ba40       0x44 ./assembly\libbluenrg1_stack.a(sdb.o)
                0x1004ba40                SDB_Get_Number_Of_Valid_Records
 i.SDB_flash_write_client_data
                0x1004ba84       0xb8 ./assembly\libbluenrg1_stack.a(sdb.o)
                0x1004ba84                SDB_flash_write_client_data
 i.SDB_get_security_data_record
                0x1004bb3c       0xd8 ./assembly\libbluenrg1_stack.a(sdb.o)
                0x1004bb3c                SDB_get_security_data_record
 i.SDB_read_peer_bonded_data
                0x1004bc14       0x3c ./assembly\libbluenrg1_stack.a(sdb.o)
                0x1004bc14                SDB_read_peer_bonded_data
 i.Write_Client_Data
                0x1004bc50      0x1b0 ./assembly\libbluenrg1_stack.a(sdb.o)
 i.int32ToLe4Byte
                0x1004be00       0x10 ./assembly\libbluenrg1_stack.a(sdb.o)
 i.sdb_delete   0x1004be10      0x164 ./assembly\libbluenrg1_stack.a(sdb.o)
 i.sdb_find_client_data
                0x1004bf74       0xc8 ./assembly\libbluenrg1_stack.a(sdb.o)
 i.sdb_get_gatt_db_start_address
                0x1004c03c       0x18 ./assembly\libbluenrg1_stack.a(sdb.o)
 i.sdb_invalidate_record
                0x1004c054       0x20 ./assembly\libbluenrg1_stack.a(sdb.o)
 i.sdb_read_record
                0x1004c074       0x24 ./assembly\libbluenrg1_stack.a(sdb.o)
 i.sdb_read_record_validity
                0x1004c098       0x10 ./assembly\libbluenrg1_stack.a(sdb.o)
 i.sdb_write_record
                0x1004c0a8       0x7c ./assembly\libbluenrg1_stack.a(sdb.o)
 i.SMP_Process_Q
                0x1004c124      0x19c ./assembly\libbluenrg1_stack.a(securitymgr.o)
                0x1004c124                SMP_Process_Q
 i.int32ToLe4Byte
                0x1004c2c0       0x10 ./assembly\libbluenrg1_stack.a(securitymgr.o)
 i.smp_Build_AuthReq_Field
                0x1004c2d0       0x18 ./assembly\libbluenrg1_stack.a(securitymgr.o)
 i.smp_Build_Pairing_ReqResp_Packet
                0x1004c2e8       0x38 ./assembly\libbluenrg1_stack.a(securitymgr.o)
 i.smp_Check_Incoming_Pairing_Parameters
                0x1004c320       0x34 ./assembly\libbluenrg1_stack.a(securitymgr.o)
 i.smp_Determine_Key_Association_Method
                0x1004c354       0x9c ./assembly\libbluenrg1_stack.a(securitymgr.o)
 i.smp_Execute_Actions_wrt_Current_State
                0x1004c3f0      0x18c ./assembly\libbluenrg1_stack.a(securitymgr.o)
 i.smp_Execute_Actions_wrt_Current_State_MI_excerpt_ucfg
                0x1004c57c        0x2 ./assembly\libbluenrg1_stack.a(securitymgr.o)
                0x1004c57c                smp_Execute_Actions_wrt_Current_State_MI_excerpt_ucfg
 i.smp_Execute_Actions_wrt_Current_State_sc_excerpt_phase2as2_ucfg
                0x1004c57e        0x2 ./assembly\libbluenrg1_stack.a(securitymgr.o)
                0x1004c57e                smp_Execute_Actions_wrt_Current_State_sc_excerpt_phase2as2_ucfg
 i.smp_Execute_Actions_wrt_Current_State_sc_excerpt_phase_1_to_2_ucfg
                0x1004c580        0x4 ./assembly\libbluenrg1_stack.a(securitymgr.o)
                0x1004c580                smp_Execute_Actions_wrt_Current_State_sc_excerpt_phase_1_to_2_ucfg
 i.smp_Get_Long_Term_Key
                0x1004c584       0x80 ./assembly\libbluenrg1_stack.a(securitymgr.o)
 i.smp_Get_Pairing_Parameters_From_Peer_Packet
                0x1004c604       0x88 ./assembly\libbluenrg1_stack.a(securitymgr.o)
 i.smp_Keys_Distribution_Send
                0x1004c68c      0x11c ./assembly\libbluenrg1_stack.a(securitymgr.o)
 i.smp_LP_SR_Compute_c1_Confirm_Value
                0x1004c7a8      0x150 ./assembly\libbluenrg1_stack.a(securitymgr.o)
 i.smp_MI_Start_Encryption_ucfg
                0x1004c8f8        0x4 ./assembly\libbluenrg1_stack.a(securitymgr.o)
                0x1004c8f8                smp_MI_Start_Encryption_ucfg
 i.smp_Process_Rx_Packet_Exception_Cases_sc_excerpt_ucfg
                0x1004c8fc        0x4 ./assembly\libbluenrg1_stack.a(securitymgr.o)
                0x1004c8fc                smp_Process_Rx_Packet_Exception_Cases_sc_excerpt_ucfg
 i.smp_Process_Rx_Packet_wrt_Current_State
                0x1004c900      0x130 ./assembly\libbluenrg1_stack.a(securitymgr.o)
 i.smp_Process_Rx_Packet_wrt_Current_State_MI_excerpt_ucfg
                0x1004ca30        0x4 ./assembly\libbluenrg1_stack.a(securitymgr.o)
                0x1004ca30                smp_Process_Rx_Packet_wrt_Current_State_MI_excerpt_ucfg
 i.smp_Process_Rx_Packet_wrt_Current_State_sc_excerpt_ucfg
                0x1004ca34        0x4 ./assembly\libbluenrg1_stack.a(securitymgr.o)
                0x1004ca34                smp_Process_Rx_Packet_wrt_Current_State_sc_excerpt_ucfg
 i.smp_Set_Key_Association_Method
                0x1004ca38       0x78 ./assembly\libbluenrg1_stack.a(securitymgr.o)
 i.smp____SR_PairingConfirm_Receive
                0x1004cab0       0x7a ./assembly\libbluenrg1_stack.a(securitymgr.o)
 *fill*         0x1004cb2a        0x2 
 i.smp____SR_PairingRandom_Receive
                0x1004cb2c      0x120 ./assembly\libbluenrg1_stack.a(securitymgr.o)
 i.smp____SR_PairingRequest_Receive
                0x1004cc4c      0x17c ./assembly\libbluenrg1_stack.a(securitymgr.o)
 i.smp_sc_SR_PairingConfirm_Receive_sc_excerpt_ucfg
                0x1004cdc8        0x2 ./assembly\libbluenrg1_stack.a(securitymgr.o)
                0x1004cdc8                smp_sc_SR_PairingConfirm_Receive_sc_excerpt_ucfg
 i.smp_sc_SR_PairingRandom_Receive_sc_excerpt_ucfg
                0x1004cdca        0x2 ./assembly\libbluenrg1_stack.a(securitymgr.o)
                0x1004cdca                smp_sc_SR_PairingRandom_Receive_sc_excerpt_ucfg
 i.smp_sc_SR_Pairing_Phase_2AS1_Start_sc_excerpt_ucfg
                0x1004cdcc        0x2 ./assembly\libbluenrg1_stack.a(securitymgr.o)
                0x1004cdcc                smp_sc_SR_Pairing_Phase_2AS1_Start_sc_excerpt_ucfg
 *fill*         0x1004cdce        0x2 
 i.smp_send_packet
                0x1004cdd0       0x38 ./assembly\libbluenrg1_stack.a(securitymgr.o)
                0x1004cdd0                smp_send_packet
 i.SMA_Diversify
                0x1004ce08       0x28 ./assembly\libbluenrg1_stack.a(smp_algo_sap.o)
                0x1004ce08                SMA_Diversify
 i.SMA_Generate_CSRK
                0x1004ce30       0x28 ./assembly\libbluenrg1_stack.a(smp_algo_sap.o)
                0x1004ce30                SMA_Generate_CSRK
 i.SMA_Generate_IRK
                0x1004ce58       0x28 ./assembly\libbluenrg1_stack.a(smp_algo_sap.o)
                0x1004ce58                SMA_Generate_IRK
 i.SMA_LP_s1_Generate_STK
                0x1004ce80       0x26 ./assembly\libbluenrg1_stack.a(smp_algo_sap.o)
                0x1004ce80                SMA_LP_s1_Generate_STK
 *fill*         0x1004cea6        0x2 
 i.SMA_generate_EDIV_recovery_DIV
                0x1004cea8       0x74 ./assembly\libbluenrg1_stack.a(smp_algo_sap.o)
                0x1004cea8                SMA_generate_EDIV_recovery_DIV
 i.SM_Generate_Resolvable_Private_Address
                0x1004cf1c       0x4e ./assembly\libbluenrg1_stack.a(smp_algo_sap.o)
                0x1004cf1c                SM_Generate_Resolvable_Private_Address
 i.SM_Resolve_Private_Address
                0x1004cf6a       0x22 ./assembly\libbluenrg1_stack.a(smp_algo_sap.o)
                0x1004cf6a                SM_Resolve_Private_Address
 i.sma_CMAC_generate_tag
                0x1004cf8c       0xc6 ./assembly\libbluenrg1_stack.a(smp_algo_sap.o)
                0x1004cf8c                sma_CMAC_generate_tag
 i.sma_Calculate_Hash
                0x1004d052       0x36 ./assembly\libbluenrg1_stack.a(smp_algo_sap.o)
 i.sma_generate_subkeys
                0x1004d088       0x7e ./assembly\libbluenrg1_stack.a(smp_algo_sap.o)
 i.sma_left_shift
                0x1004d106       0x2c ./assembly\libbluenrg1_stack.a(smp_algo_sap.o)
 *fill*         0x1004d132        0x2 
 i.SMP_Init     0x1004d134       0x3c ./assembly\libbluenrg1_stack.a(smp_common.o)
                0x1004d134                SMP_Init
 i.SMP_Protocol_Timer_cb
                0x1004d170       0x44 ./assembly\libbluenrg1_stack.a(smp_common.o)
                0x1004d170                SMP_Protocol_Timer_cb
 i.SMP_acl_data_hndl
                0x1004d1b4       0xf8 ./assembly\libbluenrg1_stack.a(smp_common.o)
                0x1004d1b4                SMP_acl_data_hndl
 i.SMP_check_encryption_key_size
                0x1004d2ac       0x20 ./assembly\libbluenrg1_stack.a(smp_common.o)
                0x1004d2ac                SMP_check_encryption_key_size
 i.SMP_check_is_device_bonded
                0x1004d2cc       0x48 ./assembly\libbluenrg1_stack.a(smp_common.o)
                0x1004d2cc                SMP_check_is_device_bonded
 i.SMP_connection_complete_handler
                0x1004d314       0x94 ./assembly\libbluenrg1_stack.a(smp_common.o)
 i.SMP_forget_device_by_conn_handle
                0x1004d3a8       0x1c ./assembly\libbluenrg1_stack.a(smp_common.o)
                0x1004d3a8                SMP_forget_device_by_conn_handle
 i.SMP_get_link_status
                0x1004d3c4       0x2e ./assembly\libbluenrg1_stack.a(smp_common.o)
                0x1004d3c4                SMP_get_link_status
 *fill*         0x1004d3f2        0x2 
 i.SMP_get_remote_device_list_item
                0x1004d3f4       0x4c ./assembly\libbluenrg1_stack.a(smp_common.o)
                0x1004d3f4                SMP_get_remote_device_list_item
 i.SMP_hci_disconnection_complete_evt_hndl
                0x1004d440       0x40 ./assembly\libbluenrg1_stack.a(smp_common.o)
                0x1004d440                SMP_hci_disconnection_complete_evt_hndl
 i.SMP_hci_encryption_change_evt_hndl
                0x1004d480      0x120 ./assembly\libbluenrg1_stack.a(smp_common.o)
                0x1004d480                SMP_hci_encryption_change_evt_hndl
 i.SMP_hci_le_connection_complete_evt_hndl
                0x1004d5a0       0x2e ./assembly\libbluenrg1_stack.a(smp_common.o)
                0x1004d5a0                SMP_hci_le_connection_complete_evt_hndl
 i.SMP_hci_le_enhanced_connection_complete_evt_hndl
                0x1004d5ce       0x52 ./assembly\libbluenrg1_stack.a(smp_common.o)
                0x1004d5ce                SMP_hci_le_enhanced_connection_complete_evt_hndl
 i.SMP_hci_le_long_term_key_request_evt_hndl
                0x1004d620       0x38 ./assembly\libbluenrg1_stack.a(smp_common.o)
                0x1004d620                SMP_hci_le_long_term_key_request_evt_hndl
 i.SMP_repeated_attacks_timer_cb
                0x1004d658       0x78 ./assembly\libbluenrg1_stack.a(smp_common.o)
                0x1004d658                SMP_repeated_attacks_timer_cb
 i.SMP_reset_timer
                0x1004d6d0       0x40 ./assembly\libbluenrg1_stack.a(smp_common.o)
                0x1004d6d0                SMP_reset_timer
 i.SMP_validate_signed_packet
                0x1004d710       0x7a ./assembly\libbluenrg1_stack.a(smp_common.o)
                0x1004d710                SMP_validate_signed_packet
 *fill*         0x1004d78a        0x2 
 i.aci_gap_authorization_req_event_push
                0x1004d78c       0x54 ./assembly\libbluenrg1_stack.a(smp_common.o)
 i.aci_gap_pairing_complete_event_push
                0x1004d7e0       0x5c ./assembly\libbluenrg1_stack.a(smp_common.o)
 i.smp_Keys_Distribution_Complete
                0x1004d83c       0x32 ./assembly\libbluenrg1_stack.a(smp_common.o)
 *fill*         0x1004d86e        0x2 
 i.smp_add_pairing_record_to_bonding_database
                0x1004d870      0x148 ./assembly\libbluenrg1_stack.a(smp_common.o)
                0x1004d870                smp_add_pairing_record_to_bonding_database
 i.smp_find_remote_device_index
                0x1004d9b8       0x44 ./assembly\libbluenrg1_stack.a(smp_common.o)
                0x1004d9b8                smp_find_remote_device_index
 i.smp_flush_rx_queues
                0x1004d9fc       0x38 ./assembly\libbluenrg1_stack.a(smp_common.o)
 i.smp_get_CSRK
                0x1004da34       0x1e ./assembly\libbluenrg1_stack.a(smp_common.o)
                0x1004da34                smp_get_CSRK
 *fill*         0x1004da52        0x2 
 i.smp_get_local_identity_address
                0x1004da54       0x3c ./assembly\libbluenrg1_stack.a(smp_common.o)
                0x1004da54                smp_get_local_identity_address
 i.smp_keys_distribution_start
                0x1004da90       0x38 ./assembly\libbluenrg1_stack.a(smp_common.o)
                0x1004da90                smp_keys_distribution_start
 i.smp_keys_receiving
                0x1004dac8       0xd6 ./assembly\libbluenrg1_stack.a(smp_common.o)
                0x1004dac8                smp_keys_receiving
 *fill*         0x1004db9e        0x2 
 i.smp_oob_check_is_remote_data_present
                0x1004dba0       0x3c ./assembly\libbluenrg1_stack.a(smp_common.o)
                0x1004dba0                smp_oob_check_is_remote_data_present
 i.smp_pairing_2octets_packet_send
                0x1004dbdc       0x34 ./assembly\libbluenrg1_stack.a(smp_common.o)
                0x1004dbdc                smp_pairing_2octets_packet_send
 i.smp_pairing_completed
                0x1004dc10       0x78 ./assembly\libbluenrg1_stack.a(smp_common.o)
                0x1004dc10                smp_pairing_completed
 i.smp_pairing_failed_receive
                0x1004dc88       0x10 ./assembly\libbluenrg1_stack.a(smp_common.o)
                0x1004dc88                smp_pairing_failed_receive
 i.smp_pairing_failed_send
                0x1004dc98       0x2a ./assembly\libbluenrg1_stack.a(smp_common.o)
                0x1004dc98                smp_pairing_failed_send
 *fill*         0x1004dcc2        0x2 
 i.smp_pairing_process_abort
                0x1004dcc4       0x64 ./assembly\libbluenrg1_stack.a(smp_common.o)
 i.smp_repeated_attacks_protection
                0x1004dd28       0xf0 ./assembly\libbluenrg1_stack.a(smp_common.o)
                0x1004dd28                smp_repeated_attacks_protection
 i.smp_update_statistics_on_pairing_complete
                0x1004de18       0x38 ./assembly\libbluenrg1_stack.a(smp_common.o)
 i.smp_sc_check_for_ecc_pk_generation_request_ucfg
                0x1004de50        0x2 ./assembly\libbluenrg1_stack.a(smp_scv42_caf.o)
                0x1004de50                smp_sc_check_for_ecc_pk_generation_request_ucfg
 i.smp_sc_continue_on_exclusive_sc_pairing_ucfg
                0x1004de52        0x4 ./assembly\libbluenrg1_stack.a(smp_scv42_caf.o)
                0x1004de52                smp_sc_continue_on_exclusive_sc_pairing_ucfg
 i.smp_sc_init_ucfg
                0x1004de56        0x2 ./assembly\libbluenrg1_stack.a(smp_scv42_caf.o)
                0x1004de56                smp_sc_init_ucfg
 i.smp_sc_is_another_sc_pairing_ongoing
                0x1004de58       0x40 ./assembly\libbluenrg1_stack.a(smp_scv42_caf.o)
                0x1004de58                smp_sc_is_another_sc_pairing_ongoing
 i.smp_sc_update_statistics_on_pairing_complete_ucfg
                0x1004de98        0x2 ./assembly\libbluenrg1_stack.a(smp_scv42_caf.o)
                0x1004de98                smp_sc_update_statistics_on_pairing_complete_ucfg
 i.SMP_sc_force_debug_key_usage
                0x1004de9a       0x22 ./assembly\libbluenrg1_stack.a(smp_scv42_sap.o)
                0x1004de9a                SMP_sc_force_debug_key_usage
 i.secure_connections_csr_ucfg
                0x1004debc        0x4 ./assembly\libbluenrg1_stack.a(smp_scv42_sap.o)
                0x1004debc                secure_connections_csr_ucfg
 i.smp_sc_hci_le_generate_dhkey_complete_evt_hndl_ucfg
                0x1004dec0        0x2 ./assembly\libbluenrg1_stack.a(smp_scv42_sap.o)
                0x1004dec0                smp_sc_hci_le_generate_dhkey_complete_evt_hndl_ucfg
 i.smp_sc_hci_le_read_local_p256_public_key_complete_evt_hndl_ucfg
                0x1004dec2        0x2 ./assembly\libbluenrg1_stack.a(smp_scv42_sap.o)
                0x1004dec2                smp_sc_hci_le_read_local_p256_public_key_complete_evt_hndl_ucfg
 i.Delay_With_NOP_Cycles
                0x1004dec4        0xe ./assembly\libbluenrg1_stack.a(utils.o)
                0x1004dec4                Delay_With_NOP_Cycles
 i.is_Buffer_All_Set_To
                0x1004ded2       0x1e ./assembly\libbluenrg1_stack.a(utils.o)
                0x1004ded2                is_Buffer_All_Set_To
 i.Events_Process_Q
                0x1004def0      0x10c ./assembly\libbluenrg1_stack.a(aci_events.o)
                0x1004def0                Events_Process_Q
 i.Events_Process_init
                0x1004dffc       0x4c ./assembly\libbluenrg1_stack.a(aci_events.o)
                0x1004dffc                Events_Process_init
 i.aci_att_exchange_mtu_resp_event
                0x1004e048        0x2 ./assembly\libbluenrg1_stack.a(aci_events.o)
                0x1004e048                aci_att_exchange_mtu_resp_event
 i.aci_att_exec_write_resp_event
                0x1004e04a        0x2 ./assembly\libbluenrg1_stack.a(aci_events.o)
                0x1004e04a                aci_att_exec_write_resp_event
 i.aci_att_find_by_type_value_resp_event
                0x1004e04c        0x2 ./assembly\libbluenrg1_stack.a(aci_events.o)
                0x1004e04c                aci_att_find_by_type_value_resp_event
 i.aci_att_find_info_resp_event
                0x1004e04e        0x2 ./assembly\libbluenrg1_stack.a(aci_events.o)
                0x1004e04e                aci_att_find_info_resp_event
 i.aci_att_prepare_write_resp_event
                0x1004e050        0x2 ./assembly\libbluenrg1_stack.a(aci_events.o)
                0x1004e050                aci_att_prepare_write_resp_event
 i.aci_att_read_blob_resp_event
                0x1004e052        0x2 ./assembly\libbluenrg1_stack.a(aci_events.o)
                0x1004e052                aci_att_read_blob_resp_event
 i.aci_att_read_by_group_type_resp_event
                0x1004e054        0x2 ./assembly\libbluenrg1_stack.a(aci_events.o)
                0x1004e054                aci_att_read_by_group_type_resp_event
 i.aci_att_read_by_type_resp_event
                0x1004e056        0x2 ./assembly\libbluenrg1_stack.a(aci_events.o)
                0x1004e056                aci_att_read_by_type_resp_event
 i.aci_att_read_multiple_resp_event
                0x1004e058        0x2 ./assembly\libbluenrg1_stack.a(aci_events.o)
                0x1004e058                aci_att_read_multiple_resp_event
 i.aci_att_read_resp_event
                0x1004e05a        0x2 ./assembly\libbluenrg1_stack.a(aci_events.o)
                0x1004e05a                aci_att_read_resp_event
 i.aci_att_write_resp_event
                0x1004e05c        0x2 ./assembly\libbluenrg1_stack.a(aci_events.o)
                0x1004e05c                aci_att_write_resp_event
 *fill*         0x1004e05e        0x2 
 i.aci_event_fifo_push
                0x1004e060       0x28 ./assembly\libbluenrg1_stack.a(aci_events.o)
                0x1004e060                aci_event_fifo_push
 i.aci_event_fifo_push_header
                0x1004e088       0xbc ./assembly\libbluenrg1_stack.a(aci_events.o)
                0x1004e088                aci_event_fifo_push_header
 i.aci_gap_addr_not_resolved_event
                0x1004e144        0x2 ./assembly\libbluenrg1_stack.a(aci_events.o)
                0x1004e144                aci_gap_addr_not_resolved_event
 i.aci_gap_authorization_req_event
                0x1004e146        0x2 ./assembly\libbluenrg1_stack.a(aci_events.o)
                0x1004e146                aci_gap_authorization_req_event
 i.aci_gap_bond_lost_event
                0x1004e148        0x2 ./assembly\libbluenrg1_stack.a(aci_events.o)
                0x1004e148                aci_gap_bond_lost_event
 i.aci_gap_device_found_event
                0x1004e14a        0x2 ./assembly\libbluenrg1_stack.a(aci_events.o)
                0x1004e14a                aci_gap_device_found_event
 i.aci_gap_keypress_notification_event
                0x1004e14c        0x2 ./assembly\libbluenrg1_stack.a(aci_events.o)
                0x1004e14c                aci_gap_keypress_notification_event
 i.aci_gap_limited_discoverable_event