BlueNRG1_spi.c:90:6:SPI_SetBaudrate	8	static
BlueNRG1_spi.c:132:6:SPI_DeInit	0	static
BlueNRG1_spi.c:152:6:SPI_Init	16	static
BlueNRG1_spi.c:182:6:SPI_StructInit	0	static
BlueNRG1_spi.c:206:6:SPI_Cmd	0	static
BlueNRG1_spi.c:235:6:SPI_ITConfig	0	static
BlueNRG1_spi.c:258:6:SPI_SlaveModeOutputCmd	0	static
BlueNRG1_spi.c:278:6:SPI_SendData	0	static
BlueNRG1_spi.c:289:10:SPI_ReceiveData	0	static
BlueNRG1_spi.c:305:6:SPI_DataSizeConfig	0	static
BlueNRG1_spi.c:324:6:SPI_CommandSizeConfig	0	static
BlueNRG1_spi.c:339:6:SPI_EnableWaitState	0	static
BlueNRG1_spi.c:363:6:SPI_FrameFormatConfig	0	static
BlueNRG1_spi.c:386:12:SPI_GetFlagStatus	0	static
BlueNRG1_spi.c:416:10:SPI_GetITStatus	0	static
BlueNRG1_spi.c:445:6:SPI_ClearITPendingBit	0	static
BlueNRG1_spi.c:460:6:SPI_ClearRXFIFO	8	static
BlueNRG1_spi.c:474:6:SPI_ClearTXFIFO	0	static
BlueNRG1_spi.c:501:6:SPI_SetMasterCommunicationMode	0	static
BlueNRG1_spi.c:515:6:SPI_SetDummyCharacter	0	static
BlueNRG1_spi.c:526:6:SPI_SetNumFramesToReceive	0	static
BlueNRG1_spi.c:537:6:SPI_SetNumFramesToTransmit	0	static
BlueNRG1_spi.c:550:6:SPI_SlaveSwSelection	0	static
BlueNRG1_spi.c:570:6:SPI_EndianFormatReception	0	static
BlueNRG1_spi.c:583:6:SPI_EndianFormatTransmission	0	static
BlueNRG1_spi.c:603:6:SPI_DelayBetweenFrames	0	static
BlueNRG1_spi.c:618:6:SPI_DelayDataInput	0	static
BlueNRG1_spi.c:643:6:SPI_TxFifoInterruptLevelConfig	0	static
BlueNRG1_spi.c:661:6:SPI_RxFifoInterruptLevelConfig	0	static
BlueNRG1_spi.c:679:6:SPI_DMACmd	0	static
