BlueNRG1_radio.c:124:16:read_RSSI	0	static
BlueNRG1_radio.c:161:13:write_radio_config	0	static
BlueNRG1_radio.c:190:6:RADIO_IRQHandler	24	static
BlueNRG1_radio.c:292:9:RADIO_StopActivity	8	static
BlueNRG1_radio.c:314:6:RADIO_SetEncryptionCount	16	static
BlueNRG1_radio.c:335:6:RADIO_SetEncryptionAttributes	16	static
BlueNRG1_radio.c:367:6:RADIO_SetChannelMap	8	static
BlueNRG1_radio.c:407:6:RADIO_SetChannel	0	static
BlueNRG1_radio.c:439:6:RADIO_SetTxAttributes	0	static
BlueNRG1_radio.c:457:6:RADIO_SetBackToBackTime	0	static
BlueNRG1_radio.c:486:6:RADIO_SetTxPower	0	static
BlueNRG1_radio.c:513:6:RADIO_SetEncryptFlags	0	static
BlueNRG1_radio.c:536:6:RADIO_SetReservedArea	12	static
BlueNRG1_radio.c:697:6:RADIO_Init	8	static
BlueNRG1_radio.c:752:9:RADIO_GetStatus	8	static
BlueNRG1_radio.c:627:9:RADIO_MakeActionPacketPending	24	static
BlueNRG1_radio.c:788:6:RADIO_StartTone	64	static
BlueNRG1_radio.c:866:6:RADIO_StopTone	24	static
BlueNRG1_radio.c:891:6:RADIO_EncryptPlainData	96	static
