BlueNRG1_timer.c:156:13:_get_calibration_data	12	static
BlueNRG1_timer.c:215:17:systime_to_machinetime	0	static
BlueNRG1_timer.c:236:17:us_to_systime	0	static
BlueNRG1_timer.c:261:17:machinetime_to_systime	8	static
BlueNRG1_timer.c:312:13:_update_xtal_startup_time	8	static
BlueNRG1_timer.c:183:13:update_interpolator	0	static
BlueNRG1_timer.c:296:13:update_system_time.constprop	24	static
BlueNRG1_timer.c:280:17:get_system_time_and_machine.constprop	16	static
BlueNRG1_timer.c:336:6:TIMER_Init	16	static
BlueNRG1_timer.c:382:6:TIMER_Calibrate	104	static
BlueNRG1_timer.c:422:6:TIMER_StartCalibration	0	static
BlueNRG1_timer.c:434:6:TIMER_IsCalibrationRunning	0	static
BlueNRG1_timer.c:450:6:TIMER_UpdateCalibrationData	104	static
BlueNRG1_timer.c:490:10:TIMER_GetCurrentSysTime	16	static
BlueNRG1_timer.c:499:6:TIMER_ClearRadioTimerValue	0	static
BlueNRG1_timer.c:510:10:TIMER_GetFutureSysTime	8	static
BlueNRG1_timer.c:524:10:TIMER_GetPastSysTime	24	static
BlueNRG1_timer.c:538:6:TIMER_GetCurrentCalibrationData	0	static
BlueNRG1_timer.c:560:10:TIMER_SetWakeupTime	16	static
BlueNRG1_timer.c:594:9:TIMER_SetRadioTimerValue	32	static
BlueNRG1_timer.c:665:9:TIMER_GetRadioTimerValue	0	static
BlueNRG1_timer.c:690:6:TIMER_updatePeriodSlow	0	static
BlueNRG1_timer.c:699:6:TIMER_updateWkupTimeOffset	0	static
BlueNRG1_timer.c:710:6:TIMER_GetNextTimerActivity	0	static
BlueNRG1_timer.c:723:10:TIMER_SysTimeToMachineTime	8	static
BlueNRG1_timer.c:735:10:TIMER_MachineTimeToSysTime	8	static
BlueNRG1_timer.c:745:10:TIMER_UsToSystime	8	static
BlueNRG1_timer.c:755:10:TIMER_UsToMachinetime	8	static
BlueNRG1_timer.c:764:10:TIMER_GetAnchorPoint	8	static
BlueNRG1_timer.c:772:6:TIMER_SetRadioCloseTimeout	0	static
BlueNRG1_timer.c:787:9:TIMER_GetActivitySysDelay	0	static
