BlueNRG1_uart.c:92:6:UART_Cmd	0	static
BlueNRG1_uart.c:114:6:UART_DeInit	8	static
BlueNRG1_uart.c:141:6:UART_Init	20	static
BlueNRG1_uart.c:221:6:UART_StructInit	0	static
BlueNRG1_uart.c:252:6:UART_ITConfig	0	static
BlueNRG1_uart.c:273:6:UART_SendData	0	static
BlueNRG1_uart.c:287:10:UART_ReceiveData	0	static
BlueNRG1_uart.c:301:6:UART_BreakCmd	8	static
BlueNRG1_uart.c:315:6:UART_RequestToSendCmd	0	static
BlueNRG1_uart.c:341:12:UART_GetFlagStatus	0	static
BlueNRG1_uart.c:375:6:UART_ClearFlag	0	static
BlueNRG1_uart.c:400:10:UART_GetITStatus	0	static
BlueNRG1_uart.c:430:6:UART_ClearITPendingBit	0	static
BlueNRG1_uart.c:452:6:UART_TxFifoIrqLevelConfig	8	static
BlueNRG1_uart.c:473:6:UART_RxFifoIrqLevelConfig	8	static
BlueNRG1_uart.c:489:6:UART_RXTimeoutConfig	8	static
BlueNRG1_uart.c:515:6:UART_Oversampling	0	static
BlueNRG1_uart.c:541:6:UART_DMACmd	0	static
BlueNRG1_uart.c:569:6:UART_SwFlowControl	0	static
BlueNRG1_uart.c:595:6:UART_RxSwFlowControlMode	8	static
BlueNRG1_uart.c:613:6:UART_TxSwFlowControlMode	8	static
BlueNRG1_uart.c:628:6:UART_XonAnyBit	0	static
BlueNRG1_uart.c:650:6:UART_SpecialCharDetect	0	static
BlueNRG1_uart.c:671:6:UART_Xon1Char	0	static
BlueNRG1_uart.c:684:6:UART_Xon2Char	0	static
BlueNRG1_uart.c:697:6:UART_Xoff1Char	0	static
BlueNRG1_uart.c:710:6:UART_Xoff2Char	0	static
