BlueNRG1_uart.c:92:6:UART_Cmd	0	static
BlueNRG1_uart.c:114:6:UART_DeInit	0	static
BlueNRG1_uart.c:141:6:UART_Init	24	static
BlueNRG1_uart.c:218:6:UART_StructInit	0	static
BlueNRG1_uart.c:249:6:UART_ITConfig	0	static
BlueNRG1_uart.c:270:6:UART_SendData	0	static
BlueNRG1_uart.c:284:10:UART_ReceiveData	0	static
BlueNRG1_uart.c:298:6:UART_BreakCmd	8	static
BlueNRG1_uart.c:312:6:UART_RequestToSendCmd	0	static
BlueNRG1_uart.c:338:12:UART_GetFlagStatus	0	static
BlueNRG1_uart.c:372:6:UART_ClearFlag	0	static
BlueNRG1_uart.c:397:10:UART_GetITStatus	0	static
BlueNRG1_uart.c:427:6:UART_ClearITPendingBit	0	static
BlueNRG1_uart.c:449:6:UART_TxFifoIrqLevelConfig	8	static
BlueNRG1_uart.c:470:6:UART_RxFifoIrqLevelConfig	0	static
BlueNRG1_uart.c:486:6:UART_RXTimeoutConfig	8	static
BlueNRG1_uart.c:512:6:UART_Oversampling	0	static
BlueNRG1_uart.c:538:6:UART_DMACmd	0	static
BlueNRG1_uart.c:566:6:UART_SwFlowControl	0	static
BlueNRG1_uart.c:592:6:UART_RxSwFlowControlMode	0	static
BlueNRG1_uart.c:610:6:UART_TxSwFlowControlMode	0	static
BlueNRG1_uart.c:625:6:UART_XonAnyBit	0	static
BlueNRG1_uart.c:647:6:UART_SpecialCharDetect	0	static
BlueNRG1_uart.c:668:6:UART_Xon1Char	0	static
BlueNRG1_uart.c:681:6:UART_Xon2Char	0	static
BlueNRG1_uart.c:694:6:UART_Xoff1Char	0	static
BlueNRG1_uart.c:707:6:UART_Xoff2Char	0	static
