BlueNRG1_adc.c:93:7:ADC_ConvertDifferentialVoltage	16	static
BlueNRG1_adc.c:126:7:ADC_ConvertSingleEndedVoltage	24	static
BlueNRG1_adc.c:162:7:ADC_ConvertBatterySensor	8	static
BlueNRG1_adc.c:173:7:ADC_ConvertTemperatureSensor	8	static
BlueNRG1_adc.c:177:7:ADC_ConvertTemperatureSensorFarenait	8	static
BlueNRG1_adc.c:196:6:ADC_DeInit	0	static
BlueNRG1_adc.c:208:6:ADC_StructInit	0	static
BlueNRG1_adc.c:234:6:ADC_Init	8	static
BlueNRG1_adc.c:278:6:ADC_Cmd	0	static
BlueNRG1_adc.c:304:6:ADC_DmaCmd	0	static
BlueNRG1_adc.c:324:6:ADC_SelectInput	0	static
BlueNRG1_adc.c:347:6:ADC_Calibration	0	static
BlueNRG1_adc.c:378:6:ADC_AutoOffsetUpdate	0	static
BlueNRG1_adc.c:398:6:ADC_ThresholdCheck	0	static
BlueNRG1_adc.c:418:6:ADC_ThresholdConfig	0	static
BlueNRG1_adc.c:431:10:ADC_GetOffset	0	static
BlueNRG1_adc.c:455:6:ADC_SetOffset	0	static
BlueNRG1_adc.c:475:6:ADC_ConversionMode	0	static
BlueNRG1_adc.c:496:6:ADC_SelectFrequencyMic	0	static
BlueNRG1_adc.c:522:9:ADC_GetFlags	0	static
BlueNRG1_adc.c:544:12:ADC_GetFlagStatus	0	static
BlueNRG1_adc.c:577:10:ADC_GetITStatus	0	static
BlueNRG1_adc.c:610:6:ADC_ITConfig	0	static
BlueNRG1_adc.c:676:10:ADC_GetRawData	0	static
BlueNRG1_adc.c:640:7:ADC_GetConvertedData	16	static
BlueNRG1_adc.c:701:6:ADC_Filter	0	static
BlueNRG1_adc.c:723:9:ADC_SwCalibration	24	static
BlueNRG1_adc.c:760:7:ADC_CompensateOutputValue	8	static
