LSM6DS3.c:869:35:LSM6DS3_G_Get_FS	16	static
LSM6DS3.c:816:35:LSM6DS3_G_GetSensitivity	16	static
LSM6DS3.c:724:35:LSM6DS3_G_Get_ODR	16	static
LSM6DS3.c:651:35:LSM6DS3_X_Get_FS	16	static
LSM6DS3.c:611:35:LSM6DS3_X_GetSensitivity	16	static
LSM6DS3.c:514:35:LSM6DS3_X_Get_ODR	16	static
LSM6DS3.c:364:32:LSM6DS3_G_GetAxesRaw	16	static
LSM6DS3.c:486:35:LSM6DS3_G_GetAxes	24	static
LSM6DS3.c:296:32:LSM6DS3_X_GetAxesRaw	16	static
LSM6DS3.c:334:35:LSM6DS3_X_GetAxes	24	static
LSM6DS3.c:236:35:LSM6DS3_Read_XG_ID	8	static
LSM6DS3.c:1119:35:LSM6DS3_Get_Status_Free_Fall_Detection	16	static
LSM6DS3.c:924:35:LSM6DS3_G_Set_FS	16	static
LSM6DS3.c:777:35:LSM6DS3_G_Set_ODR	16	static
LSM6DS3.c:693:35:LSM6DS3_X_Set_FS	16	static
LSM6DS3.c:573:35:LSM6DS3_X_Set_ODR	16	static
LSM6DS3.c:250:32:LSM6DS3_Common_Sensor_Enable	16	static
LSM6DS3.c:445:32:LSM6DS3_G_Set_Axes_Status	24	static
LSM6DS3.c:402:32:LSM6DS3_X_Set_Axes_Status	24	static
LSM6DS3.c:1075:35:LSM6DS3_Disable_Free_Fall_Detection	16	static
LSM6DS3.c:988:35:LSM6DS3_Enable_Free_Fall_Detection	16	static
LSM6DS3.c:124:35:LSM6DS3_Init	48	static
