LSM6DS3.c:865:35:LSM6DS3_G_Get_FS	16	static
LSM6DS3.c:812:35:LSM6DS3_G_GetSensitivity	16	static
LSM6DS3.c:723:35:LSM6DS3_G_Get_ODR	16	static
LSM6DS3.c:650:35:LSM6DS3_X_Get_FS	16	static
LSM6DS3.c:610:35:LSM6DS3_X_GetSensitivity	16	static
LSM6DS3.c:513:35:LSM6DS3_X_Get_ODR	16	static
LSM6DS3.c:363:32:LSM6DS3_G_GetAxesRaw	16	static
LSM6DS3.c:485:35:LSM6DS3_G_GetAxes	40	static
LSM6DS3.c:295:32:LSM6DS3_X_GetAxesRaw	16	static
LSM6DS3.c:333:35:LSM6DS3_X_GetAxes	40	static
LSM6DS3.c:235:35:LSM6DS3_Read_XG_ID	8	static
LSM6DS3.c:1115:35:LSM6DS3_Get_Status_Free_Fall_Detection	16	static
LSM6DS3.c:920:35:LSM6DS3_G_Set_FS	16	static
LSM6DS3.c:776:35:LSM6DS3_G_Set_ODR	16	static
LSM6DS3.c:692:35:LSM6DS3_X_Set_FS	16	static
LSM6DS3.c:572:35:LSM6DS3_X_Set_ODR	16	static
LSM6DS3.c:249:32:LSM6DS3_Common_Sensor_Enable	16	static
LSM6DS3.c:444:32:LSM6DS3_G_Set_Axes_Status	24	static
LSM6DS3.c:401:32:LSM6DS3_X_Set_Axes_Status	24	static
LSM6DS3.c:1071:35:LSM6DS3_Disable_Free_Fall_Detection	16	static
LSM6DS3.c:984:35:LSM6DS3_Enable_Free_Fall_Detection	16	static
LSM6DS3.c:124:35:LSM6DS3_Init	48	static
