SDK_EVAL_Com.c:113:13:SdkEvalUart_Send_Data	8	static
SDK_EVAL_Com.c:137:6:SdkEvalComUartInit	48	static
SDK_EVAL_Com.c:191:6:SdkEvalComUartIrqConfig	16	static
SDK_EVAL_Com.c:237:6:SdkEvalComIOConfig	8	static
SDK_EVAL_Com.c:254:6:SdkEvalComIOSendData	8	static
SDK_EVAL_Com.c:265:6:SdkEvalComIOReceiveData	8	static
SDK_EVAL_Com.c:213:6:SdkEvalComIOUartIrqHandler	16	static
SDK_EVAL_Com.c:275:9:SdkEvalComIOTxFifoNotEmpty	8	static
SDK_EVAL_Com.c:284:9:SdkEvalComUARTBusy	8	static
SDK_EVAL_Com.c:298:6:Read_Buffer_Push	0	static
SDK_EVAL_Com.c:316:13:Read_Buffer_Pop	0	static
SDK_EVAL_Com.c:337:6:SdkEvalComIOProcessInputData	16	static
SDK_EVAL_Com.c:456:5:putchar	8	static
SDK_EVAL_Com.c:464:9:_sbrk	0	static
SDK_EVAL_Com.c:487:5:_close	0	static
SDK_EVAL_Com.c:493:5:_fstat	0	static
SDK_EVAL_Com.c:499:5:_isatty	0	static
SDK_EVAL_Com.c:504:5:_lseek	0	static
SDK_EVAL_Com.c:509:5:_write	16	static
SDK_EVAL_Com.c:518:5:_read	16	static
SDK_EVAL_Com.c:534:9:__io_getcharNonBlocking	8	static
SDK_EVAL_Com.c:548:6:__aeabi_memcpy	8	static
SDK_EVAL_Com.c:553:6:__aeabi_memcpy4	8	static
SDK_EVAL_Com.c:558:6:__aeabi_memclr	8	static
SDK_EVAL_Com.c:563:6:__aeabi_memclr4	8	static
SDK_EVAL_Com.c:568:6:__aeabi_memset	8	static
