system_bluenrg1.c:133:1:NMI_Handler	0	static
system_bluenrg1.c:134:1:HardFault_Handler	0	static
system_bluenrg1.c:135:1:SVC_Handler	0	static
system_bluenrg1.c:136:1:PendSV_Handler	0	static
system_bluenrg1.c:137:1:SysTick_Handler	0	static
system_bluenrg1.c:138:1:GPIO_Handler	0	static
system_bluenrg1.c:139:1:NVM_Handler	0	static
system_bluenrg1.c:140:1:UART_Handler	0	static
system_bluenrg1.c:141:1:SPI_Handler	0	static
system_bluenrg1.c:142:1:Blue_Handler	0	static
system_bluenrg1.c:143:1:MFT1A_Handler	0	static
system_bluenrg1.c:144:1:MFT1B_Handler	0	static
system_bluenrg1.c:145:1:MFT2A_Handler	0	static
system_bluenrg1.c:146:1:MFT2B_Handler	0	static
system_bluenrg1.c:147:1:RTC_Handler	0	static
system_bluenrg1.c:148:1:WDG_Handler	0	static
system_bluenrg1.c:149:1:ADC_Handler	0	static
system_bluenrg1.c:150:1:I2C2_Handler	0	static
system_bluenrg1.c:151:1:I2C1_Handler	0	static
system_bluenrg1.c:152:1:DMA_Handler	0	static
system_bluenrg1.c:153:1:PKA_Handler	0	static
system_bluenrg1.c:660:6:Wait_LS_Stabilization	16	static
system_bluenrg1.c:713:6:Set_RF_FrontEnd	8	static
system_bluenrg1.c:734:6:BOR_ConfigSave	12	static
system_bluenrg1.c:758:6:SET_BORconfigStatus	0	static
system_bluenrg1.c:272:5:__low_level_init	24	static
system_bluenrg1.c:341:6:RESET_HANDLER	8	static
system_bluenrg1.c:817:6:DeviceConfiguration	56	static
system_bluenrg1.c:955:6:SystemInit	32	static
